{"pass": "orb@667", "width": 390, "surface": "calendar", "error": null, "findings": 0}
{"pass": "orb@667", "width": 390, "surface": "editor", "error": null, "findings": 0}
{"pass": "orb@667+hintseen", "width": 390, "surface": "calendar", "error": null, "findings": 0}
{"pass": "orb@667+hintseen", "width": 390, "surface": "editor", "error": null, "findings": 0}
{"pass": "orb@740", "width": 390, "surface": "calendar", "error": null, "findings": 0}
{"pass": "orb@740", "width": 390, "surface": "editor", "error": null, "findings": 0}
{"pass": "orb@740+hintseen", "width": 390, "surface": "calendar", "error": null, "findings": 0}
{"pass": "orb@740+hintseen", "width": 390, "surface": "editor", "error": null, "findings": 0}
{"pass": "orb@844", "width": 390, "surface": "calendar", "error": null, "findings": 0}
{"pass": "orb@844", "width": 390, "surface": "editor", "error": null, "findings": 0}
{"pass": "orb@844+hintseen", "width": 390, "surface": "calendar", "error": null, "findings": 0}
{"pass": "orb@844+hintseen", "width": 390, "surface": "editor", "error": null, "findings": 0}
{"pass": "orb@932", "width": 390, "surface": "calendar", "error": null, "findings": 0}
{"pass": "orb@932", "width": 390, "surface": "editor", "error": null, "findings": 0}
{"pass": "orb@932+hintseen", "width": 390, "surface": "calendar", "error": null, "findings": 0}
{"pass": "orb@932+hintseen", "width": 390, "surface": "editor", "error": null, "findings": 0}
{"pass": "orb", "width": 820, "surface": "calendar", "error": null, "findings": 0}
{"pass": "orb", "width": 820, "surface": "editor", "error": null, "findings": 0}
{"pass": "orb+hintseen", "width": 820, "surface": "calendar", "error": null, "findings": 0}
{"pass": "orb+hintseen", "width": 820, "surface": "editor", "error": null, "findings": 0}
{"pass": "orb", "width": 1200, "surface": "calendar", "error": null, "findings": 0}
{"pass": "orb", "width": 1200, "surface": "editor", "error": null, "findings": 0}
{"pass": "orb+hintseen", "width": 1200, "surface": "calendar", "error": null, "findings": 0}
{"pass": "orb+hintseen", "width": 1200, "surface": "editor", "error": null, "findings": 0}
{"pass": "hub@667", "width": 390, "surface": "calendar", "error": null, "findings": 1}
{"pass": "hub@667", "width": 390, "surface": "editor", "error": null, "findings": 1}
{"pass": "hub@667+hintseen", "width": 390, "surface": "calendar", "error": null, "findings": 1}
{"pass": "hub@667+hintseen", "width": 390, "surface": "editor", "error": null, "findings": 1}
{"pass": "hub@740", "width": 390, "surface": "calendar", "error": null, "findings": 1}
{"pass": "hub@740", "width": 390, "surface": "editor", "error": null, "findings": 1}
{"pass": "hub@740+hintseen", "width": 390, "surface": "calendar", "error": null, "findings": 1}
{"pass": "hub@740+hintseen", "width": 390, "surface": "editor", "error": null, "findings": 1}
{"pass": "hub@844", "width": 390, "surface": "calendar", "error": null, "findings": 1}
{"pass": "hub@844", "width": 390, "surface": "editor", "error": null, "findings": 1}
{"pass": "hub@844+hintseen", "width": 390, "surface": "calendar", "error": null, "findings": 1}
{"pass": "hub@844+hintseen", "width": 390, "surface": "editor", "error": null, "findings": 1}
{"pass": "hub@932", "width": 390, "surface": "calendar", "error": null, "findings": 1}
{"pass": "hub@932", "width": 390, "surface": "editor", "error": null, "findings": 1}
{"pass": "hub@932+hintseen", "width": 390, "surface": "calendar", "error": null, "findings": 1}
{"pass": "hub@932+hintseen", "width": 390, "surface": "editor", "error": null, "findings": 1}
{"pass": "hub", "width": 820, "surface": "calendar", "error": null, "findings": 1}
{"pass": "hub", "width": 820, "surface": "editor", "error": null, "findings": 1}
{"pass": "hub+hintseen", "width": 820, "surface": "calendar", "error": null, "findings": 1}
{"pass": "hub+hintseen", "width": 820, "surface": "editor", "error": null, "findings": 1}
SANDBOX INTEGRITY: CLEAN -- pre-boot (baseline) CLEAN, post-boot (+15s) CLEAN, post-prewarm (+120s) CLEAN, shutdown CLEAN; 62 db files hashed; log: C:\Users\Patrick\uct-worktrees\notebook-w10s2\docs\plans\joystick\sandbox-runs\2026-09-28T20-16-03.md
{"controls_valid": true, "findings": 20, "named_leads": {"CLEARED": 211, "CONFIRMED": 20}, "errors": 0}
