[rollback-sim 93d7d0288] Revert "Notebook 10/10 — wave 9 (proof): benchmark instrument · parity scorecard · selected-notes export formats · folder Publish door (#202)"
 Date: Sat Sep 26 19:14:19 2026 -0500
 402 files changed, 162 insertions(+), 55079 deletions(-)
 delete mode 100644 app/src/__tests__/benchProbes.test.js
 delete mode 100644 app/src/pages/journal-2-0/a11y/publishFolder.a11y.test.jsx
 delete mode 100644 app/src/pages/journal-2-0/components/notebook/PublishFolderSheet.jsx
 delete mode 100644 app/src/pages/journal-2-0/components/notebook/PublishFolderSheet.module.css
 delete mode 100644 app/src/pages/journal-2-0/components/notebook/PublishFolderSheet.test.jsx
 delete mode 100644 app/src/pages/journal-2-0/lib/noteBatch.jsonRoundtrip.test.js
 delete mode 100644 app/src/pages/journal-2-0/tabs/NotebookTab.publishFolder.test.jsx
 delete mode 100644 docs/notebook/a11y-second-review-brief.md
 delete mode 100644 docs/notebook/benchmark/corpus-manifest.json
 delete mode 100644 docs/notebook/benchmark/datasheet.md
 delete mode 100644 docs/notebook/benchmark/machine.json
 delete mode 100644 docs/notebook/benchmark/protocol.md
 delete mode 100644 docs/notebook/benchmark/results.md
 delete mode 100644 docs/notebook/benchmark/runs/README.md
 delete mode 100644 docs/notebook/evidence/wave9-9a-2f24a64fd/experiment6/X1.png
 delete mode 100644 docs/notebook/evidence/wave9-9a-2f24a64fd/experiment6/X2.png
 delete mode 100644 docs/notebook/evidence/wave9-9a-2f24a64fd/experiment6/X3.png
 delete mode 100644 docs/notebook/evidence/wave9-9a-2f24a64fd/experiment6/exit-code.txt
 delete mode 100644 docs/notebook/evidence/wave9-9a-2f24a64fd/experiment6/exp-stderr.log
 delete mode 100644 docs/notebook/evidence/wave9-9a-2f24a64fd/experiment6/exp-stdout.log
 delete mode 100644 docs/notebook/evidence/wave9-9a-2f24a64fd/experiment6/exp6_script.py
 delete mode 100644 docs/notebook/evidence/wave9-9a-2f24a64fd/experiment6/experiment6.json
 delete mode 100644 docs/notebook/evidence/wave9-9a-2f24a64fd/experiment6/integrity-line.txt
 delete mode 100644 docs/notebook/evidence/wave9-9a-2f24a64fd/experiment6/integrity.md
 delete mode 100644 docs/notebook/evidence/wave9-9a-2f24a64fd/experiment6/sandbox.log
 delete mode 100644 docs/notebook/evidence/wave9-9a-2f24a64fd/experiment7/exit-code.txt
 delete mode 100644 docs/notebook/evidence/wave9-9a-2f24a64fd/experiment7/exp-stderr.log
 delete mode 100644 docs/notebook/evidence/wave9-9a-2f24a64fd/experiment7/exp-stdout.log
 delete mode 100644 docs/notebook/evidence/wave9-9a-2f24a64fd/experiment7/exp7_script.py
 delete mode 100644 docs/notebook/evidence/wave9-9a-2f24a64fd/experiment7/experiment7.json
 delete mode 100644 docs/notebook/evidence/wave9-9a-2f24a64fd/experiment7/integrity-line.txt
 delete mode 100644 docs/notebook/evidence/wave9-9a-2f24a64fd/experiment7/integrity.md
 delete mode 100644 docs/notebook/evidence/wave9-9a-2f24a64fd/experiment7/sandbox.log
 delete mode 100644 docs/notebook/evidence/wave9-9a-2f24a64fd/experiment7b/Y1.png
 delete mode 100644 docs/notebook/evidence/wave9-9a-2f24a64fd/experiment7b/Y3.png
 delete mode 100644 docs/notebook/evidence/wave9-9a-2f24a64fd/experiment7b/Y4.png
 delete mode 100644 docs/notebook/evidence/wave9-9a-2f24a64fd/experiment7b/Y5.png
 delete mode 100644 docs/notebook/evidence/wave9-9a-2f24a64fd/experiment7b/exit-code.txt
 delete mode 100644 docs/notebook/evidence/wave9-9a-2f24a64fd/experiment7b/exp-stderr.log
 delete mode 100644 docs/notebook/evidence/wave9-9a-2f24a64fd/experiment7b/exp-stdout.log
 delete mode 100644 docs/notebook/evidence/wave9-9a-2f24a64fd/experiment7b/exp7b_script.py
 delete mode 100644 docs/notebook/evidence/wave9-9a-2f24a64fd/experiment7b/experiment7.json
 delete mode 100644 docs/notebook/evidence/wave9-9a-2f24a64fd/experiment7b/integrity-line.txt
 delete mode 100644 docs/notebook/evidence/wave9-9a-2f24a64fd/experiment7b/integrity.md
 delete mode 100644 docs/notebook/evidence/wave9-9a-2f24a64fd/experiment7b/sandbox.log
 delete mode 100644 docs/notebook/evidence/wave9-9a-2f24a64fd/run4/exit-code.txt
 delete mode 100644 docs/notebook/evidence/wave9-9a-2f24a64fd/run4/stderr.log
 delete mode 100644 docs/notebook/evidence/wave9-9a-2f24a64fd/run4/stdout.log
 delete mode 100644 docs/notebook/evidence/wave9-9a-2f24a64fd/run4/uct-auto-dumps/uct-sandbox-auto__H1__r1.json
 delete mode 100644 docs/notebook/evidence/wave9-9a-2f24a64fd/run4/uct-auto-dumps/uct-sandbox-auto__H1__r2.json
 delete mode 100644 docs/notebook/evidence/wave9-9a-2f24a64fd/run4/uct-auto-dumps/uct-sandbox-auto__H2-full__r1.json
 delete mode 100644 docs/notebook/evidence/wave9-9a-2f24a64fd/run4/uct-auto-dumps/uct-sandbox-auto__H2-full__r2.json
 delete mode 100644 docs/notebook/evidence/wave9-9a-2f24a64fd/run4/uct-auto-dumps/uct-sandbox-auto__H2__r1.json
 delete mode 100644 docs/notebook/evidence/wave9-9a-2f24a64fd/run4/uct-auto-dumps/uct-sandbox-auto__H2__r2.json
 delete mode 100644 docs/notebook/evidence/wave9-9a-2f24a64fd/run4/uct-auto-dumps/uct-sandbox-auto__H3-full__r1.json
 delete mode 100644 docs/notebook/evidence/wave9-9a-2f24a64fd/run4/uct-auto-dumps/uct-sandbox-auto__H3-full__r2.json
 delete mode 100644 docs/notebook/evidence/wave9-9a-2f24a64fd/run4/uct-auto-dumps/uct-sandbox-auto__H3__r1.json
 delete mode 100644 docs/notebook/evidence/wave9-9a-2f24a64fd/run4/uct-auto-dumps/uct-sandbox-auto__H3__r2.json
 delete mode 100644 docs/notebook/evidence/wave9-9a-2f24a64fd/run4/uct-auto-dumps/uct-sandbox-auto__H4__r1.json
 delete mode 100644 docs/notebook/evidence/wave9-9a-2f24a64fd/run4/uct-auto-dumps/uct-sandbox-auto__H4__r2.json
 delete mode 100644 docs/notebook/evidence/wave9-9a-2f24a64fd/run4/uct-auto-dumps/uct-sandbox-auto__H5__r1.json
 delete mode 100644 docs/notebook/evidence/wave9-9a-2f24a64fd/run4/uct-auto-dumps/uct-sandbox-auto__H5__r2.json
 delete mode 100644 docs/notebook/evidence/wave9-9a-2f24a64fd/run4/uct-auto-dumps/uct-sandbox-auto__H6__r1.json
 delete mode 100644 docs/notebook/evidence/wave9-9a-2f24a64fd/run4/uct-auto-dumps/uct-sandbox-auto__H6__r2.json
 delete mode 100644 docs/notebook/evidence/wave9-9a-2f24a64fd/run4/uct-auto-dumps/uct-sandbox-auto__H6__r3.json
 delete mode 100644 docs/notebook/evidence/wave9-9a-2f24a64fd/run4/uct-auto-dumps/uct-sandbox-auto__H7__r1.json
 delete mode 100644 docs/notebook/evidence/wave9-9a-2f24a64fd/run4/uct-auto-dumps/uct-sandbox-auto__H7__r2.json
 delete mode 100644 docs/notebook/evidence/wave9-9a-2f24a64fd/run4/uct-auto-dumps/uct-sandbox-auto__H7__r3.json
 delete mode 100644 docs/notebook/evidence/wave9-9a-2f24a64fd/run4/uct-auto-dumps/uct-sandbox-auto__H9__r1.json
 delete mode 100644 docs/notebook/evidence/wave9-9a-2f24a64fd/run4/uct-auto-dumps/uct-sandbox-auto__H9__r2.json
 delete mode 100644 docs/notebook/evidence/wave9-9a-2f24a64fd/run4/uct-auto-dumps/uct-sandbox-auto__H9__r3.json
 delete mode 100644 docs/notebook/evidence/wave9-9a-2f24a64fd/run4/uct-auto-dumps/uct-sandbox-auto__H9__r4.json
 delete mode 100644 docs/notebook/evidence/wave9-9a-2f24a64fd/run4/uct-auto-dumps/uct-sandbox-auto__H9__r5.json
 delete mode 100644 docs/notebook/evidence/wave9-9a-2f24a64fd/run4/uct-auto.integrity.md
 delete mode 100644 docs/notebook/evidence/wave9-9a-2f24a64fd/run4/uct-auto.json
 delete mode 100644 docs/notebook/evidence/wave9-9a-2f24a64fd/run4/uct-auto.sandbox.log
 delete mode 100644 docs/notebook/evidence/wave9-9a-7f8d9791c/browser-check/01-all-notes.png
 delete mode 100644 docs/notebook/evidence/wave9-9a-7f8d9791c/browser-check/02-H1-note-open.png
 delete mode 100644 docs/notebook/evidence/wave9-9a-7f8d9791c/browser-check/03-H4-result.png
 delete mode 100644 docs/notebook/evidence/wave9-9a-7f8d9791c/browser-check/04-H5-row.png
 delete mode 100644 docs/notebook/evidence/wave9-9a-7f8d9791c/browser-check/05-H6-typed.png
 delete mode 100644 docs/notebook/evidence/wave9-9a-7f8d9791c/browser-check/06a-H8-diagnostic-no-probe.png
 delete mode 100644 docs/notebook/evidence/wave9-9a-7f8d9791c/browser-check/07-H9-after-reload.png
 delete mode 100644 docs/notebook/evidence/wave9-9a-7f8d9791c/browser-check/H1-failure.png
 delete mode 100644 docs/notebook/evidence/wave9-9a-7f8d9791c/browser-check/H6-failure.png
 delete mode 100644 docs/notebook/evidence/wave9-9a-7f8d9791c/browser-check/H8-failure.png
 delete mode 100644 docs/notebook/evidence/wave9-9a-7f8d9791c/browser-check/dumps/uct-sandbox-walk__H4__r1.json
 delete mode 100644 docs/notebook/evidence/wave9-9a-7f8d9791c/browser-check/dumps/uct-sandbox-walk__H5__r1.json
 delete mode 100644 docs/notebook/evidence/wave9-9a-7f8d9791c/browser-check/dumps/uct-sandbox-walk__H6__r1.json
 delete mode 100644 docs/notebook/evidence/wave9-9a-7f8d9791c/browser-check/dumps/uct-sandbox-walk__H9__r1.json
 delete mode 100644 docs/notebook/evidence/wave9-9a-7f8d9791c/browser-check/exit-code.txt
 delete mode 100644 docs/notebook/evidence/wave9-9a-7f8d9791c/browser-check/integrity-line.txt
 delete mode 100644 docs/notebook/evidence/wave9-9a-7f8d9791c/browser-check/integrity.md
 delete mode 100644 docs/notebook/evidence/wave9-9a-7f8d9791c/browser-check/sandbox.log
 delete mode 100644 docs/notebook/evidence/wave9-9a-7f8d9791c/browser-check/steps.json
 delete mode 100644 docs/notebook/evidence/wave9-9a-7f8d9791c/browser-check/walk-stderr.log
 delete mode 100644 docs/notebook/evidence/wave9-9a-7f8d9791c/browser-check/walk-stdout.log
 delete mode 100644 docs/notebook/evidence/wave9-9a-7f8d9791c/browser-check/walk_script.py
 delete mode 100644 docs/notebook/evidence/wave9-9a-7f8d9791c/experiment/E2-a.png
 delete mode 100644 docs/notebook/evidence/wave9-9a-7f8d9791c/experiment/E2-b.png
 delete mode 100644 docs/notebook/evidence/wave9-9a-7f8d9791c/experiment/E2-c.png
 delete mode 100644 docs/notebook/evidence/wave9-9a-7f8d9791c/experiment/E2-d.png
 delete mode 100644 docs/notebook/evidence/wave9-9a-7f8d9791c/experiment/exit-code.txt
 delete mode 100644 docs/notebook/evidence/wave9-9a-7f8d9791c/experiment/exp-stderr.log
 delete mode 100644 docs/notebook/evidence/wave9-9a-7f8d9791c/experiment/exp-stdout.log
 delete mode 100644 docs/notebook/evidence/wave9-9a-7f8d9791c/experiment/exp_script.py
 delete mode 100644 docs/notebook/evidence/wave9-9a-7f8d9791c/experiment/experiment.json
 delete mode 100644 docs/notebook/evidence/wave9-9a-7f8d9791c/experiment/integrity-line.txt
 delete mode 100644 docs/notebook/evidence/wave9-9a-7f8d9791c/experiment/integrity.md
 delete mode 100644 docs/notebook/evidence/wave9-9a-7f8d9791c/experiment/sandbox.log
 delete mode 100644 docs/notebook/evidence/wave9-9a-7f8d9791c/experiment2/F1-end.png
 delete mode 100644 docs/notebook/evidence/wave9-9a-7f8d9791c/experiment2/F2-end.png
 delete mode 100644 docs/notebook/evidence/wave9-9a-7f8d9791c/experiment2/F3-end.png
 delete mode 100644 docs/notebook/evidence/wave9-9a-7f8d9791c/experiment2/dumps/uct-sandbox-auto__H6__r1.json
 delete mode 100644 docs/notebook/evidence/wave9-9a-7f8d9791c/experiment2/dumps/uct-sandbox-auto__H7__r1.json
 delete mode 100644 docs/notebook/evidence/wave9-9a-7f8d9791c/experiment2/exit-code.txt
 delete mode 100644 docs/notebook/evidence/wave9-9a-7f8d9791c/experiment2/exp-stderr.log
 delete mode 100644 docs/notebook/evidence/wave9-9a-7f8d9791c/experiment2/exp-stdout.log
 delete mode 100644 docs/notebook/evidence/wave9-9a-7f8d9791c/experiment2/exp2_script.py
 delete mode 100644 docs/notebook/evidence/wave9-9a-7f8d9791c/experiment2/experiment2.json
 delete mode 100644 docs/notebook/evidence/wave9-9a-7f8d9791c/experiment2/integrity-line.txt
 delete mode 100644 docs/notebook/evidence/wave9-9a-7f8d9791c/experiment2/integrity.md
 delete mode 100644 docs/notebook/evidence/wave9-9a-7f8d9791c/experiment2/sandbox.log
 delete mode 100644 docs/notebook/evidence/wave9-9a-7f8d9791c/experiment3/a.png
 delete mode 100644 docs/notebook/evidence/wave9-9a-7f8d9791c/experiment3/b.png
 delete mode 100644 docs/notebook/evidence/wave9-9a-7f8d9791c/experiment3/c.png
 delete mode 100644 docs/notebook/evidence/wave9-9a-7f8d9791c/experiment3/ctrl-wait.png
 delete mode 100644 docs/notebook/evidence/wave9-9a-7f8d9791c/experiment3/ctrl.png
 delete mode 100644 docs/notebook/evidence/wave9-9a-7f8d9791c/experiment3/d.png
 delete mode 100644 docs/notebook/evidence/wave9-9a-7f8d9791c/experiment3/exit-code.txt
 delete mode 100644 docs/notebook/evidence/wave9-9a-7f8d9791c/experiment3/exp-stderr.log
 delete mode 100644 docs/notebook/evidence/wave9-9a-7f8d9791c/experiment3/exp-stdout.log
 delete mode 100644 docs/notebook/evidence/wave9-9a-7f8d9791c/experiment3/exp3_script.py
 delete mode 100644 docs/notebook/evidence/wave9-9a-7f8d9791c/experiment3/experiment3.json
 delete mode 100644 docs/notebook/evidence/wave9-9a-7f8d9791c/experiment3/integrity-line.txt
 delete mode 100644 docs/notebook/evidence/wave9-9a-7f8d9791c/experiment3/integrity.md
 delete mode 100644 docs/notebook/evidence/wave9-9a-7f8d9791c/experiment3/perms.png
 delete mode 100644 docs/notebook/evidence/wave9-9a-7f8d9791c/experiment3/sandbox.log
 delete mode 100644 docs/notebook/evidence/wave9-9a-7f8d9791c/experiment4/G1.png
 delete mode 100644 docs/notebook/evidence/wave9-9a-7f8d9791c/experiment4/G2.png
 delete mode 100644 docs/notebook/evidence/wave9-9a-7f8d9791c/experiment4/G3.png
 delete mode 100644 docs/notebook/evidence/wave9-9a-7f8d9791c/experiment4/G4.png
 delete mode 100644 docs/notebook/evidence/wave9-9a-7f8d9791c/experiment4/exit-code.txt
 delete mode 100644 docs/notebook/evidence/wave9-9a-7f8d9791c/experiment4/exp-stderr.log
 delete mode 100644 docs/notebook/evidence/wave9-9a-7f8d9791c/experiment4/exp-stdout.log
 delete mode 100644 docs/notebook/evidence/wave9-9a-7f8d9791c/experiment4/exp4_script.py
 delete mode 100644 docs/notebook/evidence/wave9-9a-7f8d9791c/experiment4/experiment4.json
 delete mode 100644 docs/notebook/evidence/wave9-9a-7f8d9791c/experiment4/integrity-line.txt
 delete mode 100644 docs/notebook/evidence/wave9-9a-7f8d9791c/experiment4/integrity.md
 delete mode 100644 docs/notebook/evidence/wave9-9a-7f8d9791c/experiment4/sandbox.log
 delete mode 100644 docs/notebook/evidence/wave9-9a-7f8d9791c/experiment5/W1.png
 delete mode 100644 docs/notebook/evidence/wave9-9a-7f8d9791c/experiment5/W2.png
 delete mode 100644 docs/notebook/evidence/wave9-9a-7f8d9791c/experiment5/W3.png
 delete mode 100644 docs/notebook/evidence/wave9-9a-7f8d9791c/experiment5/exit-code.txt
 delete mode 100644 docs/notebook/evidence/wave9-9a-7f8d9791c/experiment5/exp-stderr.log
 delete mode 100644 docs/notebook/evidence/wave9-9a-7f8d9791c/experiment5/exp-stdout.log
 delete mode 100644 docs/notebook/evidence/wave9-9a-7f8d9791c/experiment5/exp5_script.py
 delete mode 100644 docs/notebook/evidence/wave9-9a-7f8d9791c/experiment5/experiment5.json
 delete mode 100644 docs/notebook/evidence/wave9-9a-7f8d9791c/experiment5/integrity-line.txt
 delete mode 100644 docs/notebook/evidence/wave9-9a-7f8d9791c/experiment5/integrity.md
 delete mode 100644 docs/notebook/evidence/wave9-9a-7f8d9791c/experiment5/sandbox.log
 delete mode 100644 docs/notebook/evidence/wave9-9a-7f8d9791c/run2/exit-code.txt
 delete mode 100644 docs/notebook/evidence/wave9-9a-7f8d9791c/run2/stderr.log
 delete mode 100644 docs/notebook/evidence/wave9-9a-7f8d9791c/run2/stdout.log
 delete mode 100644 docs/notebook/evidence/wave9-9a-7f8d9791c/run2/uct-auto.integrity.md
 delete mode 100644 docs/notebook/evidence/wave9-9a-7f8d9791c/run2/uct-auto.json
 delete mode 100644 docs/notebook/evidence/wave9-9a-7f8d9791c/run2/uct-auto.sandbox.log
 delete mode 100644 docs/notebook/evidence/wave9-9a-7f8d9791c/run3/exit-code.txt
 delete mode 100644 docs/notebook/evidence/wave9-9a-7f8d9791c/run3/stderr.log
 delete mode 100644 docs/notebook/evidence/wave9-9a-7f8d9791c/run3/stdout.log
 delete mode 100644 docs/notebook/evidence/wave9-9a-7f8d9791c/run3/uct-auto-dumps/H8-failure.png
 delete mode 100644 docs/notebook/evidence/wave9-9a-7f8d9791c/run3/uct-auto-dumps/uct-sandbox-auto__H1__r1.json
 delete mode 100644 docs/notebook/evidence/wave9-9a-7f8d9791c/run3/uct-auto-dumps/uct-sandbox-auto__H1__r2.json
 delete mode 100644 docs/notebook/evidence/wave9-9a-7f8d9791c/run3/uct-auto-dumps/uct-sandbox-auto__H2-full__r1.json
 delete mode 100644 docs/notebook/evidence/wave9-9a-7f8d9791c/run3/uct-auto-dumps/uct-sandbox-auto__H2-full__r2.json
 delete mode 100644 docs/notebook/evidence/wave9-9a-7f8d9791c/run3/uct-auto-dumps/uct-sandbox-auto__H2__r1.json
 delete mode 100644 docs/notebook/evidence/wave9-9a-7f8d9791c/run3/uct-auto-dumps/uct-sandbox-auto__H2__r2.json
 delete mode 100644 docs/notebook/evidence/wave9-9a-7f8d9791c/run3/uct-auto-dumps/uct-sandbox-auto__H3-full__r1.json
 delete mode 100644 docs/notebook/evidence/wave9-9a-7f8d9791c/run3/uct-auto-dumps/uct-sandbox-auto__H3-full__r2.json
 delete mode 100644 docs/notebook/evidence/wave9-9a-7f8d9791c/run3/uct-auto-dumps/uct-sandbox-auto__H3__r1.json
 delete mode 100644 docs/notebook/evidence/wave9-9a-7f8d9791c/run3/uct-auto-dumps/uct-sandbox-auto__H3__r2.json
 delete mode 100644 docs/notebook/evidence/wave9-9a-7f8d9791c/run3/uct-auto-dumps/uct-sandbox-auto__H4__r1.json
 delete mode 100644 docs/notebook/evidence/wave9-9a-7f8d9791c/run3/uct-auto-dumps/uct-sandbox-auto__H4__r2.json
 delete mode 100644 docs/notebook/evidence/wave9-9a-7f8d9791c/run3/uct-auto-dumps/uct-sandbox-auto__H5__r1.json
 delete mode 100644 docs/notebook/evidence/wave9-9a-7f8d9791c/run3/uct-auto-dumps/uct-sandbox-auto__H5__r2.json
 delete mode 100644 docs/notebook/evidence/wave9-9a-7f8d9791c/run3/uct-auto-dumps/uct-sandbox-auto__H6__r1.json
 delete mode 100644 docs/notebook/evidence/wave9-9a-7f8d9791c/run3/uct-auto-dumps/uct-sandbox-auto__H6__r2.json
 delete mode 100644 docs/notebook/evidence/wave9-9a-7f8d9791c/run3/uct-auto-dumps/uct-sandbox-auto__H6__r3.json
 delete mode 100644 docs/notebook/evidence/wave9-9a-7f8d9791c/run3/uct-auto-dumps/uct-sandbox-auto__H7__r1.json
 delete mode 100644 docs/notebook/evidence/wave9-9a-7f8d9791c/run3/uct-auto-dumps/uct-sandbox-auto__H7__r2.json
 delete mode 100644 docs/notebook/evidence/wave9-9a-7f8d9791c/run3/uct-auto-dumps/uct-sandbox-auto__H7__r3.json
 delete mode 100644 docs/notebook/evidence/wave9-9a-7f8d9791c/run3/uct-auto-dumps/uct-sandbox-auto__H9__r1.json
 delete mode 100644 docs/notebook/evidence/wave9-9a-7f8d9791c/run3/uct-auto-dumps/uct-sandbox-auto__H9__r2.json
 delete mode 100644 docs/notebook/evidence/wave9-9a-7f8d9791c/run3/uct-auto-dumps/uct-sandbox-auto__H9__r3.json
 delete mode 100644 docs/notebook/evidence/wave9-9a-7f8d9791c/run3/uct-auto-dumps/uct-sandbox-auto__H9__r4.json
 delete mode 100644 docs/notebook/evidence/wave9-9a-7f8d9791c/run3/uct-auto-dumps/uct-sandbox-auto__H9__r5.json
 delete mode 100644 docs/notebook/evidence/wave9-9a-7f8d9791c/run3/uct-auto.integrity.md
 delete mode 100644 docs/notebook/evidence/wave9-9a-7f8d9791c/run3/uct-auto.json
 delete mode 100644 docs/notebook/evidence/wave9-9a-7f8d9791c/run3/uct-auto.sandbox.log
 delete mode 100644 docs/notebook/evidence/wave9-9a-a156318cb/run1/exit-code.txt
 delete mode 100644 docs/notebook/evidence/wave9-9a-a156318cb/run1/stderr.log
 delete mode 100644 docs/notebook/evidence/wave9-9a-a156318cb/run1/stdout.log
 delete mode 100644 docs/notebook/evidence/wave9-9a-a156318cb/run1/uct-auto-dumps/uct-sandbox-auto__H4__r1.json
 delete mode 100644 docs/notebook/evidence/wave9-9a-a156318cb/run1/uct-auto-dumps/uct-sandbox-auto__H4__r2.json
 delete mode 100644 docs/notebook/evidence/wave9-9a-a156318cb/run1/uct-auto-dumps/uct-sandbox-auto__H5__r1.json
 delete mode 100644 docs/notebook/evidence/wave9-9a-a156318cb/run1/uct-auto-dumps/uct-sandbox-auto__H5__r2.json
 delete mode 100644 docs/notebook/evidence/wave9-9a-a156318cb/run1/uct-auto-dumps/uct-sandbox-auto__H9__r1.json
 delete mode 100644 docs/notebook/evidence/wave9-9a-a156318cb/run1/uct-auto-dumps/uct-sandbox-auto__H9__r2.json
 delete mode 100644 docs/notebook/evidence/wave9-9a-a156318cb/run1/uct-auto-dumps/uct-sandbox-auto__H9__r3.json
 delete mode 100644 docs/notebook/evidence/wave9-9a-a156318cb/run1/uct-auto-dumps/uct-sandbox-auto__H9__r4.json
 delete mode 100644 docs/notebook/evidence/wave9-9a-a156318cb/run1/uct-auto-dumps/uct-sandbox-auto__H9__r5.json
 delete mode 100644 docs/notebook/evidence/wave9-9a-a156318cb/run1/uct-auto.integrity.md
 delete mode 100644 docs/notebook/evidence/wave9-9a-a156318cb/run1/uct-auto.json
 delete mode 100644 docs/notebook/evidence/wave9-9a-a156318cb/run1/uct-auto.sandbox.log
 delete mode 100644 docs/notebook/evidence/wave9-9a-b049fe25a/browser-check-h8/01-all-notes.png
 delete mode 100644 docs/notebook/evidence/wave9-9a-b049fe25a/browser-check-h8/02-H8-pasted.png
 delete mode 100644 docs/notebook/evidence/wave9-9a-b049fe25a/browser-check-h8/exit-code.txt
 delete mode 100644 docs/notebook/evidence/wave9-9a-b049fe25a/browser-check-h8/integrity-line.txt
 delete mode 100644 docs/notebook/evidence/wave9-9a-b049fe25a/browser-check-h8/integrity.md
 delete mode 100644 docs/notebook/evidence/wave9-9a-b049fe25a/browser-check-h8/sandbox.log
 delete mode 100644 docs/notebook/evidence/wave9-9a-b049fe25a/browser-check-h8/steps.json
 delete mode 100644 docs/notebook/evidence/wave9-9a-b049fe25a/browser-check-h8/uct__H8__walk.json
 delete mode 100644 docs/notebook/evidence/wave9-9a-b049fe25a/browser-check-h8/walk-stderr.log
 delete mode 100644 docs/notebook/evidence/wave9-9a-b049fe25a/browser-check-h8/walk-stdout.log
 delete mode 100644 docs/notebook/evidence/wave9-9a-b049fe25a/browser-check-h8/walk2_script.py
 delete mode 100644 docs/notebook/evidence/wave9-9a-b049fe25a/run5/exit-code.txt
 delete mode 100644 docs/notebook/evidence/wave9-9a-b049fe25a/run5/stderr.log
 delete mode 100644 docs/notebook/evidence/wave9-9a-b049fe25a/run5/stdout.log
 delete mode 100644 docs/notebook/evidence/wave9-9a-b049fe25a/run5/uct-auto-dumps/uct-sandbox-auto__H1__r1.json
 delete mode 100644 docs/notebook/evidence/wave9-9a-b049fe25a/run5/uct-auto-dumps/uct-sandbox-auto__H1__r2.json
 delete mode 100644 docs/notebook/evidence/wave9-9a-b049fe25a/run5/uct-auto-dumps/uct-sandbox-auto__H2-full__r1.json
 delete mode 100644 docs/notebook/evidence/wave9-9a-b049fe25a/run5/uct-auto-dumps/uct-sandbox-auto__H2-full__r2.json
 delete mode 100644 docs/notebook/evidence/wave9-9a-b049fe25a/run5/uct-auto-dumps/uct-sandbox-auto__H2__r1.json
 delete mode 100644 docs/notebook/evidence/wave9-9a-b049fe25a/run5/uct-auto-dumps/uct-sandbox-auto__H2__r2.json
 delete mode 100644 docs/notebook/evidence/wave9-9a-b049fe25a/run5/uct-auto-dumps/uct-sandbox-auto__H3-full__r1.json
 delete mode 100644 docs/notebook/evidence/wave9-9a-b049fe25a/run5/uct-auto-dumps/uct-sandbox-auto__H3-full__r2.json
 delete mode 100644 docs/notebook/evidence/wave9-9a-b049fe25a/run5/uct-auto-dumps/uct-sandbox-auto__H3__r1.json
 delete mode 100644 docs/notebook/evidence/wave9-9a-b049fe25a/run5/uct-auto-dumps/uct-sandbox-auto__H3__r2.json
 delete mode 100644 docs/notebook/evidence/wave9-9a-b049fe25a/run5/uct-auto-dumps/uct-sandbox-auto__H4__r1.json
 delete mode 100644 docs/notebook/evidence/wave9-9a-b049fe25a/run5/uct-auto-dumps/uct-sandbox-auto__H4__r2.json
 delete mode 100644 docs/notebook/evidence/wave9-9a-b049fe25a/run5/uct-auto-dumps/uct-sandbox-auto__H5__r1.json
 delete mode 100644 docs/notebook/evidence/wave9-9a-b049fe25a/run5/uct-auto-dumps/uct-sandbox-auto__H5__r2.json
 delete mode 100644 docs/notebook/evidence/wave9-9a-b049fe25a/run5/uct-auto-dumps/uct-sandbox-auto__H6__r1.json
 delete mode 100644 docs/notebook/evidence/wave9-9a-b049fe25a/run5/uct-auto-dumps/uct-sandbox-auto__H6__r2.json
 delete mode 100644 docs/notebook/evidence/wave9-9a-b049fe25a/run5/uct-auto-dumps/uct-sandbox-auto__H6__r3.json
 delete mode 100644 docs/notebook/evidence/wave9-9a-b049fe25a/run5/uct-auto-dumps/uct-sandbox-auto__H7__r1.json
 delete mode 100644 docs/notebook/evidence/wave9-9a-b049fe25a/run5/uct-auto-dumps/uct-sandbox-auto__H7__r2.json
 delete mode 100644 docs/notebook/evidence/wave9-9a-b049fe25a/run5/uct-auto-dumps/uct-sandbox-auto__H7__r3.json
 delete mode 100644 docs/notebook/evidence/wave9-9a-b049fe25a/run5/uct-auto-dumps/uct-sandbox-auto__H8__r1.json
 delete mode 100644 docs/notebook/evidence/wave9-9a-b049fe25a/run5/uct-auto-dumps/uct-sandbox-auto__H8__r2.json
 delete mode 100644 docs/notebook/evidence/wave9-9a-b049fe25a/run5/uct-auto-dumps/uct-sandbox-auto__H9__r1.json
 delete mode 100644 docs/notebook/evidence/wave9-9a-b049fe25a/run5/uct-auto-dumps/uct-sandbox-auto__H9__r2.json
 delete mode 100644 docs/notebook/evidence/wave9-9a-b049fe25a/run5/uct-auto-dumps/uct-sandbox-auto__H9__r3.json
 delete mode 100644 docs/notebook/evidence/wave9-9a-b049fe25a/run5/uct-auto-dumps/uct-sandbox-auto__H9__r4.json
 delete mode 100644 docs/notebook/evidence/wave9-9a-b049fe25a/run5/uct-auto-dumps/uct-sandbox-auto__H9__r5.json
 delete mode 100644 docs/notebook/evidence/wave9-9a-b049fe25a/run5/uct-auto.integrity.md
 delete mode 100644 docs/notebook/evidence/wave9-9a-b049fe25a/run5/uct-auto.json
 delete mode 100644 docs/notebook/evidence/wave9-9a-b049fe25a/run5/uct-auto.sandbox.log
 delete mode 100644 docs/notebook/evidence/wave9-9b-8a0098029/B01-slash-menu.png
 delete mode 100644 docs/notebook/evidence/wave9-9b-8a0098029/B02-code-math-callout.png
 delete mode 100644 docs/notebook/evidence/wave9-9b-8a0098029/B03-table-toolbar.png
 delete mode 100644 docs/notebook/evidence/wave9-9b-8a0098029/B04-drag-outline-stats.png
 delete mode 100644 docs/notebook/evidence/wave9-9b-8a0098029/B05-emoji-date-columns.png
 delete mode 100644 docs/notebook/evidence/wave9-9b-8a0098029/B05-find-replace.png
 delete mode 100644 docs/notebook/evidence/wave9-9b-8a0098029/B05-text-colour.png
 delete mode 100644 docs/notebook/evidence/wave9-9b-8a0098029/B06-link-paste.png
 delete mode 100644 docs/notebook/evidence/wave9-9b-8a0098029/B07-touch-390.png
 delete mode 100644 docs/notebook/evidence/wave9-9b-8a0098029/B08-switcher.png
 delete mode 100644 docs/notebook/evidence/wave9-9b-8a0098029/B09-bulk-export.png
 delete mode 100644 docs/notebook/evidence/wave9-9b-8a0098029/B09-graph.png
 delete mode 100644 docs/notebook/evidence/wave9-9b-8a0098029/B09-nested-tags.png
 delete mode 100644 docs/notebook/evidence/wave9-9b-8a0098029/B09-tasks.png
 delete mode 100644 docs/notebook/evidence/wave9-9b-8a0098029/B09-timeline.png
 delete mode 100644 docs/notebook/evidence/wave9-9b-8a0098029/B10-unlinked.png
 delete mode 100644 docs/notebook/evidence/wave9-9b-8a0098029/B11-archived.png
 delete mode 100644 docs/notebook/evidence/wave9-9b-8a0098029/B11-locked.png
 delete mode 100644 docs/notebook/evidence/wave9-9b-8a0098029/B11-today.png
 delete mode 100644 docs/notebook/evidence/wave9-9b-8a0098029/B12-split.png
 delete mode 100644 docs/notebook/evidence/wave9-9b-8a0098029/B13-export-menu.png
 delete mode 100644 docs/notebook/evidence/wave9-9b-8a0098029/B13-share-sheet.png
 delete mode 100644 docs/notebook/evidence/wave9-9b-8a0098029/B13-stranger-published.png
 delete mode 100644 docs/notebook/evidence/wave9-9b-8a0098029/B13-stranger-share.png
 delete mode 100644 docs/notebook/evidence/wave9-9b-8a0098029/B14-first-run.png
 delete mode 100644 docs/notebook/evidence/wave9-9b-8a0098029/B14-support.png
 delete mode 100644 docs/notebook/evidence/wave9-9b-8a0098029/B14-tour.png
 delete mode 100644 docs/notebook/evidence/wave9-9b-8a0098029/B15-writing-help.png
 delete mode 100644 docs/notebook/evidence/wave9-9b-8a0098029/B16-offline.png
 delete mode 100644 docs/notebook/evidence/wave9-9b-8a0098029/B17-link-menu.png
 delete mode 100644 docs/notebook/evidence/wave9-9b-8a0098029/B17-load-error.png
 delete mode 100644 docs/notebook/evidence/wave9-9b-8a0098029/B17-research-NVDA.png
 delete mode 100644 docs/notebook/evidence/wave9-9b-8a0098029/B17-research-home.png
 delete mode 100644 docs/notebook/evidence/wave9-9b-8a0098029/B20-date-filter.png
 delete mode 100644 docs/notebook/evidence/wave9-9b-8a0098029/B20-delete-modal.png
 delete mode 100644 docs/notebook/evidence/wave9-9b-8a0098029/B20-favorite-find-ask.png
 delete mode 100644 docs/notebook/evidence/wave9-9b-8a0098029/B20-search-snippets.png
 delete mode 100644 docs/notebook/evidence/wave9-9b-8a0098029/B21-folders.png
 delete mode 100644 docs/notebook/evidence/wave9-9b-8a0098029/B22-restored.png
 delete mode 100644 docs/notebook/evidence/wave9-9b-8a0098029/B22-trash.png
 delete mode 100644 docs/notebook/evidence/wave9-9b-8a0098029/B23-history.png
 delete mode 100644 docs/notebook/evidence/wave9-9b-8a0098029/B23-restored.png
 delete mode 100644 docs/notebook/evidence/wave9-9b-8a0098029/B24-templates.png
 delete mode 100644 docs/notebook/evidence/wave9-9b-8a0098029/B24-thesis-note.png
 delete mode 100644 docs/notebook/evidence/wave9-9b-8a0098029/B25-saved-view.png
 delete mode 100644 docs/notebook/evidence/wave9-9b-8a0098029/B26-image.png
 delete mode 100644 docs/notebook/evidence/wave9-9b-8a0098029/B27-backlink.png
 delete mode 100644 docs/notebook/evidence/wave9-9b-8a0098029/B27-relation.png
 delete mode 100644 docs/notebook/evidence/wave9-9b-8a0098029/B28-inserted.png
 delete mode 100644 docs/notebook/evidence/wave9-9b-8a0098029/B28-palette.png
 delete mode 100644 docs/notebook/evidence/wave9-9b-8a0098029/B29-doc-search.png
 delete mode 100644 docs/notebook/evidence/wave9-9b-8a0098029/B29-preview.png
 delete mode 100644 docs/notebook/evidence/wave9-9b-8a0098029/B30-research-my-research.png
 delete mode 100644 docs/notebook/evidence/wave9-9b-8a0098029/B31-ask-scope.png
 delete mode 100644 docs/notebook/evidence/wave9-9b-8a0098029/browser-check-pass2.json
 delete mode 100644 docs/notebook/evidence/wave9-9b-8a0098029/browser-check-pass2.stdout.log
 delete mode 100644 docs/notebook/evidence/wave9-9b-8a0098029/browser-check.json
 delete mode 100644 docs/notebook/evidence/wave9-9b-8a0098029/browser-check.stdout.log
 delete mode 100644 docs/notebook/evidence/wave9-9b-8a0098029/browser_check_9b.py
 delete mode 100644 docs/notebook/evidence/wave9-9b-8a0098029/browser_check_9b_pass2.py
 delete mode 100644 docs/notebook/evidence/wave9-9b-8a0098029/build.log
 delete mode 100644 docs/notebook/evidence/wave9-9b-8a0098029/built-trees.txt
 delete mode 100644 docs/notebook/evidence/wave9-9b-8a0098029/notebook_perf_budgets-bytes.log
 delete mode 100644 docs/notebook/evidence/wave9-9b-8a0098029/own-rails/b3-mut-M1.log
 delete mode 100644 docs/notebook/evidence/wave9-9b-8a0098029/own-rails/b3-mut-M2.log
 delete mode 100644 docs/notebook/evidence/wave9-9b-8a0098029/own-rails/b3-rails-run1.log
 delete mode 100644 docs/notebook/evidence/wave9-9b-8a0098029/own-rails/b3-rails-run2.log
 delete mode 100644 docs/notebook/evidence/wave9-9b-8a0098029/own-rails/b3-rails-run3.log
 delete mode 100644 docs/notebook/evidence/wave9-9b-8a0098029/own-rails/b4-mut-M3.log
 delete mode 100644 docs/notebook/evidence/wave9-9b-8a0098029/own-rails/b4-mut-M4.log
 delete mode 100644 docs/notebook/evidence/wave9-9b-8a0098029/own-rails/b4-mut-M5.log
 delete mode 100644 docs/notebook/evidence/wave9-9b-8a0098029/own-rails/b4-mut-M6.log
 delete mode 100644 docs/notebook/evidence/wave9-9b-8a0098029/own-rails/b4-mut-M7.log
 delete mode 100644 docs/notebook/evidence/wave9-9b-8a0098029/own-rails/b4-mut-M8.log
 delete mode 100644 docs/notebook/evidence/wave9-9b-8a0098029/own-rails/b4-mut-M9.log
 delete mode 100644 docs/notebook/evidence/wave9-9b-8a0098029/own-rails/b4-rails-run1.log
 delete mode 100644 docs/notebook/evidence/wave9-9b-8a0098029/own-rails/b4-rails-run2.log
 delete mode 100644 docs/notebook/evidence/wave9-9b-8a0098029/own-rails/b4-rails-run3.log
 delete mode 100644 docs/notebook/evidence/wave9-9b-8a0098029/own-rails/fr1-gls-mut-MD1.log
 delete mode 100644 docs/notebook/evidence/wave9-9b-8a0098029/own-rails/fr1-gls-mut-MD2.log
 delete mode 100644 docs/notebook/evidence/wave9-9b-8a0098029/own-rails/fr1-gls-run1.log
 delete mode 100644 docs/notebook/evidence/wave9-9b-8a0098029/own-rails/fr1-mut-M10.log
 delete mode 100644 docs/notebook/evidence/wave9-9b-8a0098029/own-rails/fr1-mut-M11.log
 delete mode 100644 docs/notebook/evidence/wave9-9b-8a0098029/own-rails/fr1-mut-M12.log
 delete mode 100644 docs/notebook/evidence/wave9-9b-8a0098029/own-rails/fr1-rails-run1.log
 delete mode 100644 docs/notebook/evidence/wave9-9b-8a0098029/own-rails/fr1-rails-run2.log
 delete mode 100644 docs/notebook/evidence/wave9-9b-8a0098029/own-rails/fr2-before-verify-at-recorded-2f24a64fd.log
 delete mode 100644 docs/notebook/evidence/wave9-9b-8a0098029/own-rails/fr2-mut-Ma-file.log
 delete mode 100644 docs/notebook/evidence/wave9-9b-8a0098029/own-rails/fr2-mut-Ma-rail.log
 delete mode 100644 docs/notebook/evidence/wave9-9b-8a0098029/own-rails/fr2-mut-Mb-rail.log
 delete mode 100644 docs/notebook/evidence/wave9-9b-8a0098029/own-rails/fr2-pin-direct.log
 delete mode 100644 docs/notebook/evidence/wave9-9b-8a0098029/own-rails/fr2-rails-run1.log
 delete mode 100644 docs/notebook/evidence/wave9-9b-8a0098029/own-rails/fr2-restored-rail.log
 delete mode 100644 docs/notebook/evidence/wave9-9b-8a0098029/own-rails/fr2-verify-HEAD.log
 delete mode 100644 docs/notebook/evidence/wave9-9b-8a0098029/own-rails/fr2-verify-pinned.log
 delete mode 100644 docs/notebook/evidence/wave9-9b-8a0098029/own-rails/fr2-write-guard.log
 delete mode 100644 docs/notebook/evidence/wave9-9b-8a0098029/own-rails/mut_fr2.py
 delete mode 100644 docs/notebook/evidence/wave9-9b-8a0098029/own-rails/mut_sc.py
 delete mode 100644 docs/notebook/evidence/wave9-9b-8a0098029/rails-pytest-rA.log
 delete mode 100644 docs/notebook/evidence/wave9-9b-8a0098029/rails-pytest.log
 delete mode 100644 docs/notebook/evidence/wave9-9b-8a0098029/rails-vitest-a11y.log
 delete mode 100644 docs/notebook/evidence/wave9-9b-8a0098029/rails-vitest-a11y.raw.log
 delete mode 100644 docs/notebook/evidence/wave9-9b-8a0098029/rails-vitest.log
 delete mode 100644 docs/notebook/evidence/wave9-9b-8a0098029/sandbox-driver-pass2.log
 delete mode 100644 docs/notebook/evidence/wave9-9b-8a0098029/sandbox-driver.log
 delete mode 100644 docs/notebook/evidence/wave9-9b-8a0098029/sandbox-integrity-2026-09-26T14-58-03.md
 delete mode 100644 docs/notebook/evidence/wave9-9b-8a0098029/sandbox-integrity-2026-09-26T15-30-24.md
 delete mode 100644 docs/notebook/evidence/wave9-9b-8a0098029/sandbox_driver.py
 delete mode 100644 docs/notebook/gate-runs/wave9-landing/2026-09-26T17-14-34.json
 delete mode 100644 docs/notebook/gate-runs/wave9-landing/2026-09-26T17-14-34.md
 delete mode 100644 docs/notebook/parity-scorecard.md
 delete mode 100644 tests/test_gap_ledger_summary.py
 delete mode 100644 tests/test_notebook_bench_corpus.py
 delete mode 100644 tests/test_notebook_bench_report.py
 delete mode 100644 tests/test_notebook_bench_uct.py
 delete mode 100644 tests/test_parity_scorecard.py
 delete mode 100644 tools/bench_probes/bench_probe.js
 delete mode 100644 tools/gap_ledger_summary.py
 delete mode 100644 tools/notebook_bench_corpus.py
 delete mode 100644 tools/notebook_bench_report.py
 delete mode 100644 tools/notebook_bench_uct.py
 delete mode 100644 tools/parity_scorecard.py
