=== drop_L12_from_CHAIN ===
node: tests/test_notebook_rollback_chain.py::test_every_commit_since_the_previous_measurement_is_in_CHAIN_or_reviewed
pytest rc: 1 -> RED (killed)
---tail---
F                                                                        [100%]
================================== FAILURES ===================================
__ test_every_commit_since_the_previous_measurement_is_in_CHAIN_or_reviewed ___

chain = <module 'nb_rollback_chain' from 'C:\\Users\\Patrick\\uct-worktrees\\notebook-w10-r1e\\tools\\notebook_rollback_chain.py'>

    def test_every_commit_since_the_previous_measurement_is_in_CHAIN_or_reviewed(chain):
        """Lane R1b moved MEASURED_AT from 38bb9a421 to f4cec49be. Everything the census selects in
        between was ruled on: a landing is in CHAIN, anything else in REVIEWED_NOT_LANDINGS. Derived
        from the tool's census, never from a typed list of what was expected."""
        rows = chain.notebook_landings(f"{PREVIOUS_MEASURED_AT}..{chain.MEASURED_AT}")
        assert len(rows) >= 2, "non-vacuity: the census found nothing in the window it was asked about"
        named = {full(s) for _k, s, _w in chain.CHAIN}
>       assert full(chain.MEASURED_AT) in named          # the newest landing is the measured tip
E       AssertionError: assert '599cd44f1dedde20df64747d7b820d0e247823ed' in {'0812b5ec3617ece9432b79b29a33498669b2b117', '1c4b0bf741b1f3ed788cf5be8cd3e45eea58d22d', '271a078b6023ede05cfa157de8e2...fcfaac6dfaaf490a8aae6ef7', '2c3ed30930141d4682718e9bc73a8d8b76878a2f', '2e0598bfa514303fe542c4473bd2f89470d04ec2', ...}
E        +  where '599cd44f1dedde20df64747d7b820d0e247823ed' = full('599cd44f1')
E        +    where '599cd44f1' = <module 'nb_rollback_chain' from 'C:\\Users\\Patrick\\uct-worktrees\\notebook-w10-r1e\\tools\\notebook_rollback_chain.py'>.MEASURED_AT

tests\test_notebook_rollback_chain.py:332: AssertionError
---------------------------- Captured stdout setup ----------------------------
[notebook-migration] migrated=0 skipped=0 errored=0
============================== warnings summary ===============================
..\..\AppData\Roaming\Python\Python314\site-packages\pytest_asyncio\plugin.py:179: 1350 warnings
  C:\Users\Patrick\AppData\Roaming\Python\Python314\site-packages\pytest_asyncio\plugin.py:179: DeprecationWarning: 'asyncio.iscoroutinefunction' is deprecated and slated for removal in Python 3.16; use inspect.iscoroutinefunction() instead
    return asyncio.iscoroutinefunction(obj) or inspect.isasyncgenfunction(obj)

..\..\AppData\Roaming\Python\Python314\site-packages\pytest_asyncio\plugin.py:450: 25 warnings
  C:\Users\Patrick\AppData\Roaming\Python\Python314\site-packages\pytest_asyncio\plugin.py:450: DeprecationWarning: 'asyncio.iscoroutinefunction' is deprecated and slated for removal in Python 3.16; use inspect.iscoroutinefunction() instead
    return asyncio.iscoroutinefunction(func)

tests/test_notebook_rollback_chain.py::test_every_commit_since_the_previous_measurement_is_in_CHAIN_or_reviewed
  C:\Users\Patrick\AppData\Roaming\Python\Python314\site-packages\pytest_asyncio\plugin.py:1056: DeprecationWarning: 'asyncio.get_event_loop_policy' is deprecated and slated for removal in Python 3.16
    return asyncio.get_event_loop_policy()

-- Docs: https://docs.pytest.org/en/stable/how-to/capture-warnings.html
=========================== short test summary info ===========================
FAILED tests/test_notebook_rollback_chain.py::test_every_commit_since_the_previous_measurement_is_in_CHAIN_or_reviewed
1 failed, 1376 warnings in 9.50s
C:\Users\Patrick\AppData\Roaming\Python\Python314\site-packages\pytest_asyncio\plugin.py:208: PytestDeprecationWarning: The configuration option "asyncio_default_fixture_loop_scope" is unset.
The event loop scope for asynchronous fixtures will default to the fixture caching scope. Future versions of pytest-asyncio will default the loop scope for asynchronous fixtures to function scope. Set the default fixture loop scope explicitly in order to avoid unexpected behavior in the future. Valid fixture loop scopes are: "function", "class", "module", "package", "session"

  warnings.warn(PytestDeprecationWarning(_DEFAULT_FIXTURE_LOOP_SCOPE_UNSET))


restore verified against git cat-file blob HEAD:tools/notebook_rollback_chain.py: OK

=== drop_L10_from_CHAIN ===
node: tests/test_notebook_rollback_chain.py::test_every_commit_since_the_previous_measurement_is_in_CHAIN_or_reviewed
pytest rc: 1 -> RED (killed)
---tail---
F                                                                        [100%]
================================== FAILURES ===================================
__ test_every_commit_since_the_previous_measurement_is_in_CHAIN_or_reviewed ___

chain = <module 'nb_rollback_chain' from 'C:\\Users\\Patrick\\uct-worktrees\\notebook-w10-r1e\\tools\\notebook_rollback_chain.py'>

    def test_every_commit_since_the_previous_measurement_is_in_CHAIN_or_reviewed(chain):
        """Lane R1b moved MEASURED_AT from 38bb9a421 to f4cec49be. Everything the census selects in
        between was ruled on: a landing is in CHAIN, anything else in REVIEWED_NOT_LANDINGS. Derived
        from the tool's census, never from a typed list of what was expected."""
        rows = chain.notebook_landings(f"{PREVIOUS_MEASURED_AT}..{chain.MEASURED_AT}")
        assert len(rows) >= 2, "non-vacuity: the census found nothing in the window it was asked about"
        named = {full(s) for _k, s, _w in chain.CHAIN}
        assert full(chain.MEASURED_AT) in named          # the newest landing is the measured tip
        unruled = [f"{c['sha'][:9]} {c['subject'][:60]}" for c in rows
                   if c["sha"] not in named and c["sha"] not in chain.REVIEWED_NOT_LANDINGS]
>       assert not unruled, f"selected by the census, ruled on by nobody: {unruled}"
E       AssertionError: selected by the census, ruled on by nobody: ['8eb7f008b Notebook w10 L10: template gallery, design-review close-out,']
E       assert not ['8eb7f008b Notebook w10 L10: template gallery, design-review close-out,']

tests\test_notebook_rollback_chain.py:335: AssertionError
---------------------------- Captured stdout setup ----------------------------
[notebook-migration] migrated=0 skipped=0 errored=0
============================== warnings summary ===============================
..\..\AppData\Roaming\Python\Python314\site-packages\pytest_asyncio\plugin.py:179: 1350 warnings
  C:\Users\Patrick\AppData\Roaming\Python\Python314\site-packages\pytest_asyncio\plugin.py:179: DeprecationWarning: 'asyncio.iscoroutinefunction' is deprecated and slated for removal in Python 3.16; use inspect.iscoroutinefunction() instead
    return asyncio.iscoroutinefunction(obj) or inspect.isasyncgenfunction(obj)

..\..\AppData\Roaming\Python\Python314\site-packages\pytest_asyncio\plugin.py:450: 25 warnings
  C:\Users\Patrick\AppData\Roaming\Python\Python314\site-packages\pytest_asyncio\plugin.py:450: DeprecationWarning: 'asyncio.iscoroutinefunction' is deprecated and slated for removal in Python 3.16; use inspect.iscoroutinefunction() instead
    return asyncio.iscoroutinefunction(func)

tests/test_notebook_rollback_chain.py::test_every_commit_since_the_previous_measurement_is_in_CHAIN_or_reviewed
  C:\Users\Patrick\AppData\Roaming\Python\Python314\site-packages\pytest_asyncio\plugin.py:1056: DeprecationWarning: 'asyncio.get_event_loop_policy' is deprecated and slated for removal in Python 3.16
    return asyncio.get_event_loop_policy()

-- Docs: https://docs.pytest.org/en/stable/how-to/capture-warnings.html
=========================== short test summary info ===========================
FAILED tests/test_notebook_rollback_chain.py::test_every_commit_since_the_previous_measurement_is_in_CHAIN_or_reviewed
1 failed, 1376 warnings in 15.14s
C:\Users\Patrick\AppData\Roaming\Python\Python314\site-packages\pytest_asyncio\plugin.py:208: PytestDeprecationWarning: The configuration option "asyncio_default_fixture_loop_scope" is unset.
The event loop scope for asynchronous fixtures will default to the fixture caching scope. Future versions of pytest-asyncio will default the loop scope for asynchronous fixtures to function scope. Set the default fixture loop scope explicitly in order to avoid unexpected behavior in the future. Valid fixture loop scopes are: "function", "class", "module", "package", "session"

  warnings.warn(PytestDeprecationWarning(_DEFAULT_FIXTURE_LOOP_SCOPE_UNSET))


restore verified against git cat-file blob HEAD:tools/notebook_rollback_chain.py: OK

=== drop_L9_from_CHAIN ===
node: tests/test_notebook_rollback_chain.py::test_every_commit_since_the_previous_measurement_is_in_CHAIN_or_reviewed
pytest rc: 1 -> RED (killed)
---tail---
F                                                                        [100%]
================================== FAILURES ===================================
__ test_every_commit_since_the_previous_measurement_is_in_CHAIN_or_reviewed ___

chain = <module 'nb_rollback_chain' from 'C:\\Users\\Patrick\\uct-worktrees\\notebook-w10-r1e\\tools\\notebook_rollback_chain.py'>

    def test_every_commit_since_the_previous_measurement_is_in_CHAIN_or_reviewed(chain):
        """Lane R1b moved MEASURED_AT from 38bb9a421 to f4cec49be. Everything the census selects in
        between was ruled on: a landing is in CHAIN, anything else in REVIEWED_NOT_LANDINGS. Derived
        from the tool's census, never from a typed list of what was expected."""
        rows = chain.notebook_landings(f"{PREVIOUS_MEASURED_AT}..{chain.MEASURED_AT}")
        assert len(rows) >= 2, "non-vacuity: the census found nothing in the window it was asked about"
        named = {full(s) for _k, s, _w in chain.CHAIN}
        assert full(chain.MEASURED_AT) in named          # the newest landing is the measured tip
        unruled = [f"{c['sha'][:9]} {c['subject'][:60]}" for c in rows
                   if c["sha"] not in named and c["sha"] not in chain.REVIEWED_NOT_LANDINGS]
>       assert not unruled, f"selected by the census, ruled on by nobody: {unruled}"
E       AssertionError: selected by the census, ruled on by nobody: ['89390fb85 Notebook 10/10 — wave 10 L9: rollback chain covers L6/L7/L8 ']
E       assert not ['89390fb85 Notebook 10/10 — wave 10 L9: rollback chain covers L6/L7/L8 ']

tests\test_notebook_rollback_chain.py:335: AssertionError
---------------------------- Captured stdout setup ----------------------------
[notebook-migration] migrated=0 skipped=0 errored=0
============================== warnings summary ===============================
..\..\AppData\Roaming\Python\Python314\site-packages\pytest_asyncio\plugin.py:179: 1350 warnings
  C:\Users\Patrick\AppData\Roaming\Python\Python314\site-packages\pytest_asyncio\plugin.py:179: DeprecationWarning: 'asyncio.iscoroutinefunction' is deprecated and slated for removal in Python 3.16; use inspect.iscoroutinefunction() instead
    return asyncio.iscoroutinefunction(obj) or inspect.isasyncgenfunction(obj)

..\..\AppData\Roaming\Python\Python314\site-packages\pytest_asyncio\plugin.py:450: 25 warnings
  C:\Users\Patrick\AppData\Roaming\Python\Python314\site-packages\pytest_asyncio\plugin.py:450: DeprecationWarning: 'asyncio.iscoroutinefunction' is deprecated and slated for removal in Python 3.16; use inspect.iscoroutinefunction() instead
    return asyncio.iscoroutinefunction(func)

tests/test_notebook_rollback_chain.py::test_every_commit_since_the_previous_measurement_is_in_CHAIN_or_reviewed
  C:\Users\Patrick\AppData\Roaming\Python\Python314\site-packages\pytest_asyncio\plugin.py:1056: DeprecationWarning: 'asyncio.get_event_loop_policy' is deprecated and slated for removal in Python 3.16
    return asyncio.get_event_loop_policy()

-- Docs: https://docs.pytest.org/en/stable/how-to/capture-warnings.html
=========================== short test summary info ===========================
FAILED tests/test_notebook_rollback_chain.py::test_every_commit_since_the_previous_measurement_is_in_CHAIN_or_reviewed
1 failed, 1376 warnings in 20.13s
C:\Users\Patrick\AppData\Roaming\Python\Python314\site-packages\pytest_asyncio\plugin.py:208: PytestDeprecationWarning: The configuration option "asyncio_default_fixture_loop_scope" is unset.
The event loop scope for asynchronous fixtures will default to the fixture caching scope. Future versions of pytest-asyncio will default the loop scope for asynchronous fixtures to function scope. Set the default fixture loop scope explicitly in order to avoid unexpected behavior in the future. Valid fixture loop scopes are: "function", "class", "module", "package", "session"

  warnings.warn(PytestDeprecationWarning(_DEFAULT_FIXTURE_LOOP_SCOPE_UNSET))


restore verified against git cat-file blob HEAD:tools/notebook_rollback_chain.py: OK

=== remove_df82f7a1e_reviewed_ruling ===
node: tests/test_notebook_rollback_chain.py::test_every_commit_since_the_previous_measurement_is_in_CHAIN_or_reviewed
pytest rc: 1 -> RED (killed)
---tail---
F                                                                        [100%]
================================== FAILURES ===================================
__ test_every_commit_since_the_previous_measurement_is_in_CHAIN_or_reviewed ___

chain = <module 'nb_rollback_chain' from 'C:\\Users\\Patrick\\uct-worktrees\\notebook-w10-r1e\\tools\\notebook_rollback_chain.py'>

    def test_every_commit_since_the_previous_measurement_is_in_CHAIN_or_reviewed(chain):
        """Lane R1b moved MEASURED_AT from 38bb9a421 to f4cec49be. Everything the census selects in
        between was ruled on: a landing is in CHAIN, anything else in REVIEWED_NOT_LANDINGS. Derived
        from the tool's census, never from a typed list of what was expected."""
        rows = chain.notebook_landings(f"{PREVIOUS_MEASURED_AT}..{chain.MEASURED_AT}")
        assert len(rows) >= 2, "non-vacuity: the census found nothing in the window it was asked about"
        named = {full(s) for _k, s, _w in chain.CHAIN}
        assert full(chain.MEASURED_AT) in named          # the newest landing is the measured tip
        unruled = [f"{c['sha'][:9]} {c['subject'][:60]}" for c in rows
                   if c["sha"] not in named and c["sha"] not in chain.REVIEWED_NOT_LANDINGS]
>       assert not unruled, f"selected by the census, ruled on by nobody: {unruled}"
E       AssertionError: selected by the census, ruled on by nobody: ['df82f7a1e Revert "Merge remote-tracking branch \'origin/master\' into in']
E       assert not ['df82f7a1e Revert "Merge remote-tracking branch \'origin/master\' into in']

tests\test_notebook_rollback_chain.py:335: AssertionError
---------------------------- Captured stdout setup ----------------------------
[notebook-migration] migrated=0 skipped=0 errored=0
============================== warnings summary ===============================
..\..\AppData\Roaming\Python\Python314\site-packages\pytest_asyncio\plugin.py:179: 1350 warnings
  C:\Users\Patrick\AppData\Roaming\Python\Python314\site-packages\pytest_asyncio\plugin.py:179: DeprecationWarning: 'asyncio.iscoroutinefunction' is deprecated and slated for removal in Python 3.16; use inspect.iscoroutinefunction() instead
    return asyncio.iscoroutinefunction(obj) or inspect.isasyncgenfunction(obj)

..\..\AppData\Roaming\Python\Python314\site-packages\pytest_asyncio\plugin.py:450: 25 warnings
  C:\Users\Patrick\AppData\Roaming\Python\Python314\site-packages\pytest_asyncio\plugin.py:450: DeprecationWarning: 'asyncio.iscoroutinefunction' is deprecated and slated for removal in Python 3.16; use inspect.iscoroutinefunction() instead
    return asyncio.iscoroutinefunction(func)

tests/test_notebook_rollback_chain.py::test_every_commit_since_the_previous_measurement_is_in_CHAIN_or_reviewed
  C:\Users\Patrick\AppData\Roaming\Python\Python314\site-packages\pytest_asyncio\plugin.py:1056: DeprecationWarning: 'asyncio.get_event_loop_policy' is deprecated and slated for removal in Python 3.16
    return asyncio.get_event_loop_policy()

-- Docs: https://docs.pytest.org/en/stable/how-to/capture-warnings.html
=========================== short test summary info ===========================
FAILED tests/test_notebook_rollback_chain.py::test_every_commit_since_the_previous_measurement_is_in_CHAIN_or_reviewed
1 failed, 1376 warnings in 13.72s
C:\Users\Patrick\AppData\Roaming\Python\Python314\site-packages\pytest_asyncio\plugin.py:208: PytestDeprecationWarning: The configuration option "asyncio_default_fixture_loop_scope" is unset.
The event loop scope for asynchronous fixtures will default to the fixture caching scope. Future versions of pytest-asyncio will default the loop scope for asynchronous fixtures to function scope. Set the default fixture loop scope explicitly in order to avoid unexpected behavior in the future. Valid fixture loop scopes are: "function", "class", "module", "package", "session"

  warnings.warn(PytestDeprecationWarning(_DEFAULT_FIXTURE_LOOP_SCOPE_UNSET))


restore verified against git cat-file blob HEAD:tools/notebook_rollback_chain.py: OK

=== shrink_326d070c0_reason_below_6_words ===
node: tests/test_notebook_rollback_chain.py::test_a_reviewed_commit_is_real_selected_by_path_only_and_never_a_landing
pytest rc: 1 -> RED (killed)
---tail---
F                                                                        [100%]
================================== FAILURES ===================================
__ test_a_reviewed_commit_is_real_selected_by_path_only_and_never_a_landing ___

chain = <module 'nb_rollback_chain' from 'C:\\Users\\Patrick\\uct-worktrees\\notebook-w10-r1e\\tools\\notebook_rollback_chain.py'>

    def test_a_reviewed_commit_is_real_selected_by_path_only_and_never_a_landing(chain):
        """REVIEWED_NOT_LANDINGS can only ever quiet the PATH criterion: an entry the SUBJECT criterion
        selects is a landing and must be in CHAIN, and an entry the census does not select at all is a
        stale ruling. Each reason is a sentence, not a placeholder."""
        reviewed = chain.REVIEWED_NOT_LANDINGS
        assert len(reviewed) >= 1
        rows = {c["sha"]: c for c in chain.notebook_landings(f"{WAVE5}^..{chain.MEASURED_AT}")}
        named = {full(s) for _k, s, _w in chain.CHAIN}
        for sha, why in reviewed.items():
            assert re.fullmatch(r"[0-9a-f]{40}", sha), f"{sha}: REVIEWED_NOT_LANDINGS keys are full shas"
            assert sha not in named, f"{sha[:9]} is in CHAIN and in REVIEWED_NOT_LANDINGS"
            assert sha in rows, f"{sha[:9]}: the census does not select it; the ruling is stale"
            assert rows[sha]["by_path"] and not rows[sha]["by_subject"], (
                f"{sha[:9]} is selected by SUBJECT: a Notebook landing, not a reviewed neighbour")
>           assert len(why.split()) >= 6, f"{sha[:9]}: the reason must say why it is not a landing"
E           AssertionError: 326d070c0: the reason must say why it is not a landing
E           assert 2 >= 6
E            +  where 2 = len(['econ', 'adapters'])
E            +    where ['econ', 'adapters'] = <built-in method split of str object at 0x000002151522F1F0>()
E            +      where <built-in method split of str object at 0x000002151522F1F0> = 'econ adapters'.split

tests\test_notebook_rollback_chain.py:352: AssertionError
---------------------------- Captured stdout setup ----------------------------
[notebook-migration] migrated=0 skipped=0 errored=0
============================== warnings summary ===============================
..\..\AppData\Roaming\Python\Python314\site-packages\pytest_asyncio\plugin.py:179: 1350 warnings
  C:\Users\Patrick\AppData\Roaming\Python\Python314\site-packages\pytest_asyncio\plugin.py:179: DeprecationWarning: 'asyncio.iscoroutinefunction' is deprecated and slated for removal in Python 3.16; use inspect.iscoroutinefunction() instead
    return asyncio.iscoroutinefunction(obj) or inspect.isasyncgenfunction(obj)

..\..\AppData\Roaming\Python\Python314\site-packages\pytest_asyncio\plugin.py:450: 25 warnings
  C:\Users\Patrick\AppData\Roaming\Python\Python314\site-packages\pytest_asyncio\plugin.py:450: DeprecationWarning: 'asyncio.iscoroutinefunction' is deprecated and slated for removal in Python 3.16; use inspect.iscoroutinefunction() instead
    return asyncio.iscoroutinefunction(func)

tests/test_notebook_rollback_chain.py::test_a_reviewed_commit_is_real_selected_by_path_only_and_never_a_landing
  C:\Users\Patrick\AppData\Roaming\Python\Python314\site-packages\pytest_asyncio\plugin.py:1056: DeprecationWarning: 'asyncio.get_event_loop_policy' is deprecated and slated for removal in Python 3.16
    return asyncio.get_event_loop_policy()

-- Docs: https://docs.pytest.org/en/stable/how-to/capture-warnings.html
=========================== short test summary info ===========================
FAILED tests/test_notebook_rollback_chain.py::test_a_reviewed_commit_is_real_selected_by_path_only_and_never_a_landing
1 failed, 1376 warnings in 112.76s (0:01:52)
C:\Users\Patrick\AppData\Roaming\Python\Python314\site-packages\pytest_asyncio\plugin.py:208: PytestDeprecationWarning: The configuration option "asyncio_default_fixture_loop_scope" is unset.
The event loop scope for asynchronous fixtures will default to the fixture caching scope. Future versions of pytest-asyncio will default the loop scope for asynchronous fixtures to function scope. Set the default fixture loop scope explicitly in order to avoid unexpected behavior in the future. Valid fixture loop scopes are: "function", "class", "module", "package", "session"

  warnings.warn(PytestDeprecationWarning(_DEFAULT_FIXTURE_LOOP_SCOPE_UNSET))


restore verified against git cat-file blob HEAD:tools/notebook_rollback_chain.py: OK

SUMMARY: {'drop_L12_from_CHAIN': True, 'drop_L10_from_CHAIN': True, 'drop_L9_from_CHAIN': True, 'remove_df82f7a1e_reviewed_ruling': True, 'shrink_326d070c0_reason_below_6_words': True}
ALL KILLED: True
