F                                                                        [100%]
================================== FAILURES ===================================
_____ test_reporting_soon_is_the_members_own_sets_crossed_with_the_window _____

client = <starlette.testclient.TestClient object at 0x000001C4AF8B7E00>
app = <fastapi.applications.FastAPI object at 0x000001C4AFA5CEC0>
gate_on = None
monkeypatch = <_pytest.monkeypatch.MonkeyPatch object at 0x000001C4AFA382B0>

    def test_reporting_soon_is_the_members_own_sets_crossed_with_the_window(client, app, gate_on, monkeypatch):
        _today(monkeypatch)
        _sets(monkeypatch, {A: {"positions": {"NVDA"}, "watchlist": {"AMD", "NVDA"}, "flagged": {"CRM"},
                                "uct20": {"META"}}})
        calls = _window(monkeypatch, {"NVDA": "2026-10-05", "AMD": "2026-10-02", "META": "2026-10-03",
                                      "CRM": "2026-10-09", "TSLA": "2026-10-04"})
        from api.services.cache import cache
        cache.set("calendar_weekly", {"days": {"2026-10-02": {"bmo": [{"sym": "AMD"}], "amc": []}}}, ttl=600)
        cache.set("calendar_week_2026-10-05", {"days": {"2026-10-05": {"amc": [{"sym": "NVDA"}]}}}, ttl=600)
        as_user(app, A)
        body = client.get("/api/j2/earnings-prep/soon").json()
>       assert [i["symbol"] for i in body["items"]] == ["AMD", "NVDA", "CRM"]      # sorted by date; META (UCT20) and TSLA out
E       AssertionError: assert ['AMD', 'META', 'NVDA', 'CRM'] == ['AMD', 'NVDA', 'CRM']
E         
E         At index 1 diff: 'META' != 'NVDA'
E         Left contains one more item: 'CRM'
E         Use -v to get more diff

tests\test_notebook_earnings_prep.py:303: AssertionError
---------------------------- Captured stdout setup ----------------------------
[notebook-migration] migrated=0 skipped=0 errored=0
[auth] Migrated: added email_verified column to users
[auth] Migrated: added last_login_at column to users
[auth] Migrated: added referral_code column to users
[auth] Migrated: added full_name column to users
[auth] Migrated: added toolkit column to users
[auth] Migrated: added user_agent column to sessions
[auth] Migrated: added ip_address column to sessions
[auth] Migrated: added last_seen_at column to sessions
[auth] Database ready at C:\Users\Patrick\AppData\Local\Temp\tmp_yw3iqbn.db
============================== warnings summary ===============================
..\..\AppData\Roaming\Python\Python314\site-packages\pytest_asyncio\plugin.py:179: 1298 warnings

..\..\AppData\Roaming\Python\Python314\site-packages\pytest_asyncio\plugin.py:450: 30 warnings

tests/test_notebook_earnings_prep.py::test_reporting_soon_is_the_members_own_sets_crossed_with_the_window
    return asyncio.get_event_loop_policy()

tests/test_notebook_earnings_prep.py::test_reporting_soon_is_the_members_own_sets_crossed_with_the_window
tests/test_notebook_earnings_prep.py::test_reporting_soon_is_the_members_own_sets_crossed_with_the_window
tests/test_notebook_earnings_prep.py::test_reporting_soon_is_the_members_own_sets_crossed_with_the_window
tests/test_notebook_earnings_prep.py::test_reporting_soon_is_the_members_own_sets_crossed_with_the_window

tests/test_notebook_earnings_prep.py: 10 warnings

-- Docs: https://docs.pytest.org/en/stable/how-to/capture-warnings.html
=========================== short test summary info ===========================
FAILED tests/test_notebook_earnings_prep.py::test_reporting_soon_is_the_members_own_sets_crossed_with_the_window
1 failed, 29 deselected, 1343 warnings in 4.05s
The event loop scope for asynchronous fixtures will default to the fixture caching scope. Future versions of pytest-asyncio will default the loop scope for asynchronous fixtures to function scope. Set the default fixture loop scope explicitly in order to avoid unexpected behavior in the future. Valid fixture loop scopes are: "function", "class", "module", "package", "session"
