
[1m[46m RUN [49m[22m [36mv4.0.18 [39m[90mC:/Users/Patrick/uct-worktrees/notebook-w13c/app[39m

 [31m❯[39m src/pages/journal-2-0/components/notebook/ReportingSoon.test.jsx [2m([22m[2m7 tests[22m[2m | [22m[31m1 failed[39m[2m | [22m[33m6 skipped[39m[2m)[22m[32m 100[2mms[22m[39m
[31m     [31m×[31m gate OFF: renders nothing and fetches nothing[39m[32m 98[2mms[22m[39m
     [2m[90m↓[39m[22m lists the names, and NO note is drafted or created until the click
     [2m[90m↓[39m[22m a name already prepped opens that note instead of drafting another
     [2m[90m↓[39m[22m a refused draft says the server sentence and creates nothing
     [2m[90m↓[39m[22m a failed read is said, never shown as a quiet week
     [2m[90m↓[39m[22m an empty week carries its one help line
     [2m[90m↓[39m[22m shows Earnings prep only while the gate is on, and a click drafts then creates

[2m Test Files [22m [1m[31m1 failed[39m[22m[90m (1)[39m
[2m      Tests [22m [1m[31m1 failed[39m[22m[2m | [22m[33m6 skipped[39m[90m (7)[39m
[2m   Start at [22m 17:43:59
[2m   Duration [22m 5.80s[2m (transform 2.78s, setup 495ms, import 3.31s, tests 100ms, environment 1.40s)[22m

[90mstderr[2m | src/pages/journal-2-0/components/notebook/ReportingSoon.test.jsx[2m > [22m[2mReportingSoon[2m > [22m[2mgate OFF: renders nothing and fetches nothing
[22m[39mAn update to ReportingSoon inside a test was not wrapped in act(...).

When testing, code that causes React state updates should be wrapped into act(...):

act(() => {
  /* fire events that update state */
});
/* assert on the output */

This ensures that you're testing the behavior the user would see in the browser. Learn more at https://react.dev/link/wrap-tests-with-act


[31m⎯⎯⎯⎯⎯⎯⎯[39m[1m[41m Failed Tests 1 [49m[22m[31m⎯⎯⎯⎯⎯⎯⎯[39m

[41m[1m FAIL [22m[49m src/pages/journal-2-0/components/notebook/ReportingSoon.test.jsx[2m > [22mReportingSoon[2m > [22mgate OFF: renders nothing and fetches nothing
[31m[1mAssertionError[22m: expected [ 'GET /api/j2/earnings-prep/soon' ] to deeply equal [][39m

[32m- Expected[39m
[31m+ Received[39m

[32m- [][39m
[31m+ [[39m
[31m+   "GET /api/j2/earnings-prep/soon",[39m
[31m+ ][39m

[36m [2m❯[22m src/pages/journal-2-0/components/notebook/ReportingSoon.test.jsx:[2m54:19[22m[39m
    [90m 52| [39m    [35mawait[39m [35mnew[39m [33mPromise[39m((r) [33m=>[39m [34msetTimeout[39m(r[33m,[39m [34m20[39m))
    [90m 53| [39m    [34mexpect[39m(container[33m.[39m[34mquerySelector[39m([32m'[data-reporting-soon]'[39m))[33m.[39m[34mtoBeNull[39m()
    [90m 54| [39m    [34mexpect[39m(calls)[33m.[39m[34mtoEqual[39m([])
    [90m   | [39m                  [31m^[39m
    [90m 55| [39m  })
    [90m 56| [39m

[31m[2m⎯⎯⎯⎯⎯⎯⎯⎯⎯⎯⎯⎯⎯⎯⎯⎯⎯⎯⎯⎯⎯⎯⎯⎯[1/1]⎯[22m[39m
