{"route": "/calendar", "verdict": "LOCKED", "why": "scroll", "pending_range": [78, 78], "seen_range": [0, 0], "growth": 78, "stable": true, "pending_root_bottom": [878, 878], "seen_root_bottom": [800, 800], "vh": 800, "card_displayed": true, "card_height": 66, "got_it_hit": {"in_viewport": true, "inside_card": true}, "seen_card_displayed": false}
{"route": "/charts", "verdict": "LOCKED", "why": "scroll", "pending_range": [78, 78], "seen_range": [0, 0], "growth": 78, "stable": true, "pending_root_bottom": [878, 878], "seen_root_bottom": [800, 800], "vh": 800, "card_displayed": true, "card_height": 66, "got_it_hit": {"in_viewport": true, "inside_card": true}, "seen_card_displayed": false}
{"route": "/morning-wire", "verdict": "ordinary", "why": null, "pending_range": [414, 414], "seen_range": [336, 336], "growth": 78, "stable": true, "pending_root_bottom": [1214, 1214], "seen_root_bottom": [1136, 1136], "vh": 800, "card_displayed": true, "card_height": 66, "got_it_hit": {"in_viewport": true, "inside_card": true}, "seen_card_displayed": false}
{"route": "/dashboard", "verdict": "LOCKED", "why": "scroll", "pending_range": [78, 78], "seen_range": [0, 0], "growth": 78, "stable": true, "pending_root_bottom": [878, 878], "seen_root_bottom": [800, 800], "vh": 800, "card_displayed": true, "card_height": 66, "got_it_hit": {"in_viewport": true, "inside_card": true}, "seen_card_displayed": false}
{"route": "/ai-search", "verdict": "LOCKED", "why": "scroll", "pending_range": [78, 78], "seen_range": [0, 0], "growth": 78, "stable": true, "pending_root_bottom": [878, 878], "seen_root_bottom": [800, 800], "vh": 800, "card_displayed": true, "card_height": 66, "got_it_hit": {"in_viewport": true, "inside_card": true}, "seen_card_displayed": false}
{"route": "/uct-20", "verdict": "ordinary", "why": null, "pending_range": [1025, 1025], "seen_range": [947, 947], "growth": 78, "stable": true, "pending_root_bottom": [1825, 1825], "seen_root_bottom": [1747, 1747], "vh": 800, "card_displayed": true, "card_height": 66, "got_it_hit": {"in_viewport": true, "inside_card": true}, "seen_card_displayed": false}
{"route": "/breadth", "verdict": "LOCKED", "why": "scroll", "pending_range": [78, 78], "seen_range": [0, 0], "growth": 78, "stable": true, "pending_root_bottom": [878, 878], "seen_root_bottom": [800, 800], "vh": 800, "card_displayed": true, "card_height": 66, "got_it_hit": {"in_viewport": true, "inside_card": true}, "seen_card_displayed": false}
{"route": "/screener", "verdict": "LOCKED", "why": "scroll", "pending_range": [78, 78], "seen_range": [0, 0], "growth": 78, "stable": true, "pending_root_bottom": [878, 878], "seen_root_bottom": [800, 800], "vh": 800, "card_displayed": true, "card_height": 66, "got_it_hit": {"in_viewport": true, "inside_card": true}, "seen_card_displayed": false}
{"route": "/options-flow", "verdict": "ordinary", "why": null, "pending_range": [2186, 2147], "seen_range": [2069, 2069], "growth": 78, "stable": false, "pending_root_bottom": [2971, 2932], "seen_root_bottom": [2854, 2854], "vh": 800, "card_displayed": true, "card_height": 66, "got_it_hit": {"in_viewport": true, "inside_card": true}, "seen_card_displayed": false}
{"route": "/flow-scoreboard", "verdict": "ordinary", "why": null, "pending_range": [0, 0], "seen_range": [0, 0], "growth": 0, "stable": true, "pending_root_bottom": [601, 601], "seen_root_bottom": [523, 523], "vh": 800, "card_displayed": true, "card_height": 66, "got_it_hit": {"in_viewport": true, "inside_card": true}, "seen_card_displayed": false}
{"route": "/live-massive", "verdict": "ordinary", "why": null, "pending_range": [5201, 5201], "seen_range": [5123, 5123], "growth": 78, "stable": true, "pending_root_bottom": [5986, 5986], "seen_root_bottom": [5908, 5908], "vh": 800, "card_displayed": true, "card_height": 66, "got_it_hit": {"in_viewport": true, "inside_card": true}, "seen_card_displayed": false}
{"route": "/catalysts/history", "verdict": "ordinary", "why": null, "pending_range": [0, 0], "seen_range": [0, 0], "growth": 0, "stable": true, "pending_root_bottom": [447, 447], "seen_root_bottom": [369, 369], "vh": 800, "card_displayed": true, "card_height": 66, "got_it_hit": {"in_viewport": true, "inside_card": true}, "seen_card_displayed": false}
{"route": "/model-book", "verdict": "LOCKED", "why": "scroll", "pending_range": [50, 50], "seen_range": [0, 0], "growth": 50, "stable": true, "pending_root_bottom": [850, 850], "seen_root_bottom": [772, 772], "vh": 800, "card_displayed": true, "card_height": 66, "got_it_hit": {"in_viewport": true, "inside_card": true}, "seen_card_displayed": false}
{"route": "/formulas/reference", "verdict": "ordinary", "why": null, "pending_range": [19308, 19308], "seen_range": [19230, 19230], "growth": 78, "stable": true, "pending_root_bottom": [20108, 20108], "seen_root_bottom": [20030, 20030], "vh": 800, "card_displayed": true, "card_height": 66, "got_it_hit": {"in_viewport": true, "inside_card": true}, "seen_card_displayed": false}
{"route": "/desk", "verdict": "ordinary", "why": null, "pending_range": [3866, 3866], "seen_range": [3788, 3788], "growth": 78, "stable": true, "pending_root_bottom": [4666, 4666], "seen_root_bottom": [4588, 4588], "vh": 800, "card_displayed": true, "card_height": 66, "got_it_hit": {"in_viewport": true, "inside_card": true}, "seen_card_displayed": false}
{"route": "/journal", "verdict": "ordinary", "why": null, "pending_range": [0, 0], "seen_range": [0, 0], "growth": 0, "stable": true, "pending_root_bottom": [691, 691], "seen_root_bottom": [613, 613], "vh": 800, "card_displayed": true, "card_height": 66, "got_it_hit": {"in_viewport": true, "inside_card": true}, "seen_card_displayed": false}
{"route": "/portfolio-heat", "verdict": "ordinary", "why": null, "pending_range": [0, 0], "seen_range": [0, 0], "growth": 0, "stable": true, "pending_root_bottom": [473, 473], "seen_root_bottom": [395, 395], "vh": 800, "card_displayed": true, "card_height": 66, "got_it_hit": {"in_viewport": true, "inside_card": true}, "seen_card_displayed": false}
{"route": "/community", "verdict": "LOCKED", "why": "scroll", "pending_range": [78, 78], "seen_range": [0, 0], "growth": 78, "stable": true, "pending_root_bottom": [878, 878], "seen_root_bottom": [800, 800], "vh": 800, "card_displayed": true, "card_height": 66, "got_it_hit": {"in_viewport": true, "inside_card": true}, "seen_card_displayed": false}
{"route": "/support", "verdict": "ordinary", "why": null, "pending_range": [657, 657], "seen_range": [579, 579], "growth": 78, "stable": true, "pending_root_bottom": [1457, 1457], "seen_root_bottom": [1379, 1379], "vh": 800, "card_displayed": true, "card_height": 66, "got_it_hit": {"in_viewport": true, "inside_card": true}, "seen_card_displayed": false}
{"route": "/settings", "verdict": "ordinary", "why": null, "pending_range": [647, 647], "seen_range": [569, 569], "growth": 78, "stable": true, "pending_root_bottom": [1447, 1447], "seen_root_bottom": [1369, 1369], "vh": 800, "card_displayed": true, "card_height": 66, "got_it_hit": {"in_viewport": true, "inside_card": true}, "seen_card_displayed": false}
{"step": "land /charts", "how": null, "path": "/charts", "card_displayed": true, "cluster_displayed": true, "key": null}
{"step": "click sidebar -> /morning-wire", "how": "click", "path": "/morning-wire", "card_displayed": true, "cluster_displayed": true, "key": null}
{"step": "click sidebar -> /charts", "how": "click", "path": "/charts", "card_displayed": true, "cluster_displayed": true, "key": null}
   main range 78 slot {'display': 'block', 'height': 66}
   main range 414 slot {'display': 'block', 'height': 66}
   main range 78 slot {'display': 'block', 'height': 66}
SANDBOX INTEGRITY: CLEAN -- pre-boot (baseline) CLEAN, post-boot (+15s) CLEAN, post-prewarm (+120s) CLEAN, shutdown CLEAN; 62 db files hashed; log: C:\Users\Patrick\uct-worktrees\notebook-w10s2\docs\plans\joystick\sandbox-runs\2026-09-27T22-45-28.md
control: {'charts_classified_locked': True, 'settings_classified_ordinary': True} locked: ['/calendar', '/charts', '/dashboard', '/ai-search', '/breadth', '/screener', '/model-book', '/community'] inconclusive: []
rc=0
