{"route": "/calendar", "verdict": "LOCKED", "pending_range": [78, 78], "seen_range": [0, 0], "growth": 78, "stable": true, "card_displayed": true}
{"route": "/charts", "verdict": "LOCKED", "pending_range": [78, 78], "seen_range": [0, 0], "growth": 78, "stable": true, "card_displayed": true}
{"route": "/morning-wire", "verdict": "ordinary", "pending_range": [414, 414], "seen_range": [336, 336], "growth": 78, "stable": true, "card_displayed": true}
{"route": "/dashboard", "verdict": "LOCKED", "pending_range": [78, 78], "seen_range": [0, 0], "growth": 78, "stable": true, "card_displayed": true}
{"route": "/ai-search", "verdict": "LOCKED", "pending_range": [78, 78], "seen_range": [0, 0], "growth": 78, "stable": true, "card_displayed": true}
{"route": "/uct-20", "verdict": "ordinary", "pending_range": [118, 118], "seen_range": [947, 947], "growth": -829, "stable": true, "card_displayed": true}
{"route": "/breadth", "verdict": "LOCKED", "pending_range": [78, 78], "seen_range": [0, 0], "growth": 78, "stable": true, "card_displayed": true}
{"route": "/screener", "verdict": "LOCKED", "pending_range": [78, 78], "seen_range": [0, 0], "growth": 78, "stable": true, "card_displayed": true}
{"route": "/options-flow", "verdict": "ordinary", "pending_range": [222, 2147], "seen_range": [2069, 2069], "growth": 78, "stable": false, "card_displayed": true}
{"route": "/flow-scoreboard", "verdict": "ordinary", "pending_range": [0, 0], "seen_range": [0, 0], "growth": 0, "stable": true, "card_displayed": true}
{"route": "/live-massive", "verdict": "ordinary", "pending_range": [93, 5201], "seen_range": [5123, 5123], "growth": 78, "stable": false, "card_displayed": true}
{"route": "/catalysts/history", "verdict": "ordinary", "pending_range": [0, 0], "seen_range": [0, 0], "growth": 0, "stable": true, "card_displayed": true}
{"route": "/model-book", "verdict": "LOCKED", "pending_range": [50, 50], "seen_range": [0, 0], "growth": 50, "stable": true, "card_displayed": true}
{"route": "/formulas/reference", "verdict": "ordinary", "pending_range": [19308, 19308], "seen_range": [19230, 19230], "growth": 78, "stable": true, "card_displayed": true}
{"route": "/desk", "verdict": "ordinary", "pending_range": [3866, 3866], "seen_range": [3788, 3788], "growth": 78, "stable": true, "card_displayed": true}
{"route": "/journal", "verdict": "ordinary", "pending_range": [0, 0], "seen_range": [0, 0], "growth": 0, "stable": true, "card_displayed": true}
{"route": "/portfolio-heat", "verdict": "ordinary", "pending_range": [0, 0], "seen_range": [0, 0], "growth": 0, "stable": true, "card_displayed": true}
{"route": "/community", "verdict": "LOCKED", "pending_range": [78, 78], "seen_range": [0, 0], "growth": 78, "stable": true, "card_displayed": true}
{"route": "/support", "verdict": "ordinary", "pending_range": [657, 657], "seen_range": [579, 579], "growth": 78, "stable": true, "card_displayed": true}
{"route": "/settings", "verdict": "ordinary", "pending_range": [647, 647], "seen_range": [569, 569], "growth": 78, "stable": true, "card_displayed": true}
