Exception in thread Thread-1 (_readerthread):
Exception in thread Thread-2 (_readerthread):
Traceback (most recent call last):
Traceback (most recent call last):
  File "C:\Python314\Lib\threading.py", line 1081, in _bootstrap_inner
    self._context.run(self.run)
    ~~~~~~~~~~~~~~~~~^^^^^^^^^^
  File "C:\Python314\Lib\threading.py", line 1081, in _bootstrap_inner
    self._context.run(self.run)
    ~~~~~~~~~~~~~~~~~^^^^^^^^^^
  File "C:\Python314\Lib\threading.py", line 1023, in run
    self._target(*self._args, **self._kwargs)
    ~~~~~~~~~~~~^^^^^^^^^^^^^^^^^^^^^^^^^^^^^
  File "C:\Python314\Lib\threading.py", line 1023, in run
    self._target(*self._args, **self._kwargs)
    ~~~~~~~~~~~~^^^^^^^^^^^^^^^^^^^^^^^^^^^^^
  File "C:\Python314\Lib\subprocess.py", line 1613, in _readerthread
    buffer.append(fh.read())
                  ~~~~~~~^^
  File "C:\Python314\Lib\encodings\cp1252.py", line 23, in decode
    return codecs.charmap_decode(input,self.errors,decoding_table)[0]
           ~~~~~~~~~~~~~~~~~~~~~^^^^^^^^^^^^^^^^^^^^^^^^^^^^^^^^^^
  File "C:\Python314\Lib\subprocess.py", line 1613, in _readerthread
    buffer.append(fh.read())
                  ~~~~~~~^^
  File "C:\Python314\Lib\encodings\cp1252.py", line 23, in decode
    return codecs.charmap_decode(input,self.errors,decoding_table)[0]
           ~~~~~~~~~~~~~~~~~~~~~^^^^^^^^^^^^^^^^^^^^^^^^^^^^^^^^^^
UnicodeDecodeError: 'charmap' codec can't decode byte 0x9d in position 616: character maps to <undefined>
UnicodeDecodeError: 'charmap' codec can't decode byte 0x9d in position 112: character maps to <undefined>
M8-client-gate-dropped: KILLED (red, as expected) (exit 1)

  M8-client-gate-dropped: KILLED (exit 1)

TOTAL: 1/1 killed
