Exception in thread Thread-1 (_readerthread):
Exception in thread Thread-2 (_readerthread):
Traceback (most recent call last):
  File "C:\Python314\Lib\threading.py", line 1081, in _bootstrap_inner
    self._context.run(self.run)
    ~~~~~~~~~~~~~~~~~^^^^^^^^^^
Traceback (most recent call last):
  File "C:\Python314\Lib\threading.py", line 1023, in run
    self._target(*self._args, **self._kwargs)
    ~~~~~~~~~~~~^^^^^^^^^^^^^^^^^^^^^^^^^^^^^
  File "C:\Python314\Lib\threading.py", line 1081, in _bootstrap_inner
    self._context.run(self.run)
    ~~~~~~~~~~~~~~~~~^^^^^^^^^^
  File "C:\Python314\Lib\subprocess.py", line 1613, in _readerthread
    buffer.append(fh.read())
                  ~~~~~~~^^
  File "C:\Python314\Lib\threading.py", line 1023, in run
    self._target(*self._args, **self._kwargs)
    ~~~~~~~~~~~~^^^^^^^^^^^^^^^^^^^^^^^^^^^^^
  File "C:\Python314\Lib\encodings\cp1252.py", line 23, in decode
    return codecs.charmap_decode(input,self.errors,decoding_table)[0]
           ~~~~~~~~~~~~~~~~~~~~~^^^^^^^^^^^^^^^^^^^^^^^^^^^^^^^^^^
  File "C:\Python314\Lib\subprocess.py", line 1613, in _readerthread
    buffer.append(fh.read())
                  ~~~~~~~^^
UnicodeDecodeError: 'charmap' codec can't decode byte 0x9d in position 112: character maps to <undefined>
  File "C:\Python314\Lib\encodings\cp1252.py", line 23, in decode
    return codecs.charmap_decode(input,self.errors,decoding_table)[0]
           ~~~~~~~~~~~~~~~~~~~~~^^^^^^^^^^^^^^^^^^^^^^^^^^^^^^^^^^
UnicodeDecodeError: 'charmap' codec can't decode byte 0x9d in position 13136: character maps to <undefined>
Exception in thread Thread-3 (_readerthread):
Exception in thread Thread-4 (_readerthread):
Traceback (most recent call last):
  File "C:\Python314\Lib\threading.py", line 1081, in _bootstrap_inner
    self._context.run(self.run)
    ~~~~~~~~~~~~~~~~~^^^^^^^^^^
Traceback (most recent call last):
  File "C:\Python314\Lib\threading.py", line 1023, in run
    self._target(*self._args, **self._kwargs)
    ~~~~~~~~~~~~^^^^^^^^^^^^^^^^^^^^^^^^^^^^^
  File "C:\Python314\Lib\threading.py", line 1081, in _bootstrap_inner
    self._context.run(self.run)
    ~~~~~~~~~~~~~~~~~^^^^^^^^^^
  File "C:\Python314\Lib\subprocess.py", line 1613, in _readerthread
    buffer.append(fh.read())
                  ~~~~~~~^^
  File "C:\Python314\Lib\threading.py", line 1023, in run
    self._target(*self._args, **self._kwargs)
    ~~~~~~~~~~~~^^^^^^^^^^^^^^^^^^^^^^^^^^^^^
  File "C:\Python314\Lib\subprocess.py", line 1613, in _readerthread
    buffer.append(fh.read())
                  ~~~~~~~^^
  File "C:\Python314\Lib\encodings\cp1252.py", line 23, in decode
    return codecs.charmap_decode(input,self.errors,decoding_table)[0]
           ~~~~~~~~~~~~~~~~~~~~~^^^^^^^^^^^^^^^^^^^^^^^^^^^^^^^^^^
  File "C:\Python314\Lib\encodings\cp1252.py", line 23, in decode
    return codecs.charmap_decode(input,self.errors,decoding_table)[0]
           ~~~~~~~~~~~~~~~~~~~~~^^^^^^^^^^^^^^^^^^^^^^^^^^^^^^^^^^
UnicodeDecodeError: 'charmap' codec can't decode byte 0x9d in position 112: character maps to <undefined>
UnicodeDecodeError: 'charmap' codec can't decode byte 0x9d in position 585: character maps to <undefined>
Exception in thread Thread-6 (_readerthread):
Exception in thread Thread-5 (_readerthread):
Traceback (most recent call last):
Traceback (most recent call last):
  File "C:\Python314\Lib\threading.py", line 1081, in _bootstrap_inner
    self._context.run(self.run)
    ~~~~~~~~~~~~~~~~~^^^^^^^^^^
  File "C:\Python314\Lib\threading.py", line 1081, in _bootstrap_inner
    self._context.run(self.run)
    ~~~~~~~~~~~~~~~~~^^^^^^^^^^
  File "C:\Python314\Lib\threading.py", line 1023, in run
    self._target(*self._args, **self._kwargs)
    ~~~~~~~~~~~~^^^^^^^^^^^^^^^^^^^^^^^^^^^^^
  File "C:\Python314\Lib\threading.py", line 1023, in run
    self._target(*self._args, **self._kwargs)
    ~~~~~~~~~~~~^^^^^^^^^^^^^^^^^^^^^^^^^^^^^
  File "C:\Python314\Lib\subprocess.py", line 1613, in _readerthread
    buffer.append(fh.read())
                  ~~~~~~~^^
  File "C:\Python314\Lib\subprocess.py", line 1613, in _readerthread
    buffer.append(fh.read())
                  ~~~~~~~^^
  File "C:\Python314\Lib\encodings\cp1252.py", line 23, in decode
    return codecs.charmap_decode(input,self.errors,decoding_table)[0]
           ~~~~~~~~~~~~~~~~~~~~~^^^^^^^^^^^^^^^^^^^^^^^^^^^^^^^^^^
  File "C:\Python314\Lib\encodings\cp1252.py", line 23, in decode
    return codecs.charmap_decode(input,self.errors,decoding_table)[0]
           ~~~~~~~~~~~~~~~~~~~~~^^^^^^^^^^^^^^^^^^^^^^^^^^^^^^^^^^
UnicodeDecodeError: 'charmap' codec can't decode byte 0x9d in position 554: character maps to <undefined>
UnicodeDecodeError: 'charmap' codec can't decode byte 0x9d in position 112: character maps to <undefined>
Exception in thread Thread-7 (_readerthread):
Exception in thread Thread-8 (_readerthread):
Traceback (most recent call last):
Traceback (most recent call last):
  File "C:\Python314\Lib\threading.py", line 1081, in _bootstrap_inner
    self._context.run(self.run)
    ~~~~~~~~~~~~~~~~~^^^^^^^^^^
  File "C:\Python314\Lib\threading.py", line 1081, in _bootstrap_inner
    self._context.run(self.run)
    ~~~~~~~~~~~~~~~~~^^^^^^^^^^
  File "C:\Python314\Lib\threading.py", line 1023, in run
    self._target(*self._args, **self._kwargs)
    ~~~~~~~~~~~~^^^^^^^^^^^^^^^^^^^^^^^^^^^^^
  File "C:\Python314\Lib\threading.py", line 1023, in run
    self._target(*self._args, **self._kwargs)
    ~~~~~~~~~~~~^^^^^^^^^^^^^^^^^^^^^^^^^^^^^
  File "C:\Python314\Lib\subprocess.py", line 1613, in _readerthread
    buffer.append(fh.read())
                  ~~~~~~~^^
  File "C:\Python314\Lib\subprocess.py", line 1613, in _readerthread
    buffer.append(fh.read())
                  ~~~~~~~^^
  File "C:\Python314\Lib\encodings\cp1252.py", line 23, in decode
    return codecs.charmap_decode(input,self.errors,decoding_table)[0]
           ~~~~~~~~~~~~~~~~~~~~~^^^^^^^^^^^^^^^^^^^^^^^^^^^^^^^^^^
  File "C:\Python314\Lib\encodings\cp1252.py", line 23, in decode
    return codecs.charmap_decode(input,self.errors,decoding_table)[0]
           ~~~~~~~~~~~~~~~~~~~~~^^^^^^^^^^^^^^^^^^^^^^^^^^^^^^^^^^
UnicodeDecodeError: 'charmap' codec can't decode byte 0x9d in position 112: character maps to <undefined>
UnicodeDecodeError: 'charmap' codec can't decode byte 0x9d in position 474: character maps to <undefined>
Exception in thread Thread-10 (_readerthread):
Exception in thread Thread-9 (_readerthread):
Traceback (most recent call last):
  File "C:\Python314\Lib\threading.py", line 1081, in _bootstrap_inner
    self._context.run(self.run)
    ~~~~~~~~~~~~~~~~~^^^^^^^^^^
Traceback (most recent call last):
  File "C:\Python314\Lib\threading.py", line 1023, in run
    self._target(*self._args, **self._kwargs)
    ~~~~~~~~~~~~^^^^^^^^^^^^^^^^^^^^^^^^^^^^^
  File "C:\Python314\Lib\threading.py", line 1081, in _bootstrap_inner
    self._context.run(self.run)
    ~~~~~~~~~~~~~~~~~^^^^^^^^^^
  File "C:\Python314\Lib\subprocess.py", line 1613, in _readerthread
    buffer.append(fh.read())
                  ~~~~~~~^^
  File "C:\Python314\Lib\threading.py", line 1023, in run
    self._target(*self._args, **self._kwargs)
    ~~~~~~~~~~~~^^^^^^^^^^^^^^^^^^^^^^^^^^^^^
  File "C:\Python314\Lib\encodings\cp1252.py", line 23, in decode
    return codecs.charmap_decode(input,self.errors,decoding_table)[0]
           ~~~~~~~~~~~~~~~~~~~~~^^^^^^^^^^^^^^^^^^^^^^^^^^^^^^^^^^
  File "C:\Python314\Lib\subprocess.py", line 1613, in _readerthread
    buffer.append(fh.read())
                  ~~~~~~~^^
UnicodeDecodeError: 'charmap' codec can't decode byte 0x9d in position 588: character maps to <undefined>
  File "C:\Python314\Lib\encodings\cp1252.py", line 23, in decode
    return codecs.charmap_decode(input,self.errors,decoding_table)[0]
           ~~~~~~~~~~~~~~~~~~~~~^^^^^^^^^^^^^^^^^^^^^^^^^^^^^^^^^^
UnicodeDecodeError: 'charmap' codec can't decode byte 0x9d in position 112: character maps to <undefined>
Exception in thread Thread-11 (_readerthread):
Exception in thread Thread-12 (_readerthread):
Traceback (most recent call last):
Traceback (most recent call last):
  File "C:\Python314\Lib\threading.py", line 1081, in _bootstrap_inner
    self._context.run(self.run)
    ~~~~~~~~~~~~~~~~~^^^^^^^^^^
  File "C:\Python314\Lib\threading.py", line 1081, in _bootstrap_inner
    self._context.run(self.run)
    ~~~~~~~~~~~~~~~~~^^^^^^^^^^
  File "C:\Python314\Lib\threading.py", line 1023, in run
    self._target(*self._args, **self._kwargs)
    ~~~~~~~~~~~~^^^^^^^^^^^^^^^^^^^^^^^^^^^^^
  File "C:\Python314\Lib\threading.py", line 1023, in run
    self._target(*self._args, **self._kwargs)
    ~~~~~~~~~~~~^^^^^^^^^^^^^^^^^^^^^^^^^^^^^
  File "C:\Python314\Lib\subprocess.py", line 1613, in _readerthread
    buffer.append(fh.read())
                  ~~~~~~~^^
  File "C:\Python314\Lib\subprocess.py", line 1613, in _readerthread
    buffer.append(fh.read())
                  ~~~~~~~^^
  File "C:\Python314\Lib\encodings\cp1252.py", line 23, in decode
    return codecs.charmap_decode(input,self.errors,decoding_table)[0]
           ~~~~~~~~~~~~~~~~~~~~~^^^^^^^^^^^^^^^^^^^^^^^^^^^^^^^^^^
  File "C:\Python314\Lib\encodings\cp1252.py", line 23, in decode
    return codecs.charmap_decode(input,self.errors,decoding_table)[0]
           ~~~~~~~~~~~~~~~~~~~~~^^^^^^^^^^^^^^^^^^^^^^^^^^^^^^^^^^
UnicodeDecodeError: 'charmap' codec can't decode byte 0x9d in position 112: character maps to <undefined>
UnicodeDecodeError: 'charmap' codec can't decode byte 0x9d in position 580: character maps to <undefined>
Exception in thread Thread-13 (_readerthread):
Exception in thread Thread-14 (_readerthread):
Traceback (most recent call last):
  File "C:\Python314\Lib\threading.py", line 1081, in _bootstrap_inner
    self._context.run(self.run)
    ~~~~~~~~~~~~~~~~~^^^^^^^^^^
Traceback (most recent call last):
  File "C:\Python314\Lib\threading.py", line 1023, in run
    self._target(*self._args, **self._kwargs)
    ~~~~~~~~~~~~^^^^^^^^^^^^^^^^^^^^^^^^^^^^^
  File "C:\Python314\Lib\subprocess.py", line 1613, in _readerthread
    buffer.append(fh.read())
                  ~~~~~~~^^
  File "C:\Python314\Lib\threading.py", line 1081, in _bootstrap_inner
    self._context.run(self.run)
    ~~~~~~~~~~~~~~~~~^^^^^^^^^^
  File "C:\Python314\Lib\encodings\cp1252.py", line 23, in decode
    return codecs.charmap_decode(input,self.errors,decoding_table)[0]
           ~~~~~~~~~~~~~~~~~~~~~^^^^^^^^^^^^^^^^^^^^^^^^^^^^^^^^^^
  File "C:\Python314\Lib\threading.py", line 1023, in run
    self._target(*self._args, **self._kwargs)
    ~~~~~~~~~~~~^^^^^^^^^^^^^^^^^^^^^^^^^^^^^
UnicodeDecodeError: 'charmap' codec can't decode byte 0x9d in position 112: character maps to <undefined>
  File "C:\Python314\Lib\subprocess.py", line 1613, in _readerthread
    buffer.append(fh.read())
                  ~~~~~~~^^
  File "C:\Python314\Lib\encodings\cp1252.py", line 23, in decode
    return codecs.charmap_decode(input,self.errors,decoding_table)[0]
           ~~~~~~~~~~~~~~~~~~~~~^^^^^^^^^^^^^^^^^^^^^^^^^^^^^^^^^^
UnicodeDecodeError: 'charmap' codec can't decode byte 0x9d in position 384: character maps to <undefined>
M1-build-ignores-draft: KILLED (red, as expected) (exit 1)
M2-defaultTitle-ignores-draft: KILLED (red, as expected) (exit 1)
M3-needs-dropped: KILLED (red, as expected) (exit 1)
M4-probe-context-missing-key: KILLED (red, as expected) (exit 1)
M5-fetch-not-gated-on-need: KILLED (red, as expected) (exit 1)
M6-fetch-not-gated-on-ticker: KILLED (red, as expected) (exit 1)
M7-refusal-rethrows: KILLED (red, as expected) (exit 1)

  M1-build-ignores-draft: KILLED (exit 1)
  M2-defaultTitle-ignores-draft: KILLED (exit 1)
  M3-needs-dropped: KILLED (exit 1)
  M4-probe-context-missing-key: KILLED (exit 1)
  M5-fetch-not-gated-on-need: KILLED (exit 1)
  M6-fetch-not-gated-on-ticker: KILLED (exit 1)
  M7-refusal-rethrows: KILLED (exit 1)

TOTAL: 7/7 killed
