{"pass": "orb", "width": 390, "surface": "list", "error": null, "findings": 0}
{"pass": "orb", "width": 390, "surface": "table", "error": null, "findings": 0}
{"pass": "orb", "width": 390, "surface": "board", "error": null, "findings": 0}
{"pass": "orb", "width": 390, "surface": "calendar", "error": null, "findings": 0}
{"pass": "orb", "width": 390, "surface": "timeline", "error": null, "findings": 0}
{"pass": "orb", "width": 390, "surface": "graph", "error": null, "findings": 0}
{"pass": "orb", "width": 390, "surface": "tasks", "error": null, "findings": 0}
{"pass": "orb", "width": 390, "surface": "editor", "error": null, "findings": 0}
{"pass": "orb", "width": 390, "surface": "research-home", "error": null, "findings": 0}
{"pass": "orb", "width": 390, "surface": "research-nvda", "error": null, "findings": 0}
{"pass": "orb", "width": 390, "surface": "template-gallery", "error": null, "findings": 0}
{"pass": "orb", "width": 390, "surface": "more-menu-open", "error": null, "findings": 0}
{"pass": "orb", "width": 820, "surface": "list", "error": null, "findings": 0}
{"pass": "orb", "width": 820, "surface": "table", "error": null, "findings": 0}
{"pass": "orb", "width": 820, "surface": "board", "error": null, "findings": 0}
{"pass": "orb", "width": 820, "surface": "calendar", "error": null, "findings": 0}
{"pass": "orb", "width": 820, "surface": "timeline", "error": null, "findings": 0}
{"pass": "orb", "width": 820, "surface": "graph", "error": null, "findings": 0}
{"pass": "orb", "width": 820, "surface": "tasks", "error": null, "findings": 0}
{"pass": "orb", "width": 820, "surface": "editor", "error": null, "findings": 0}
{"pass": "orb", "width": 820, "surface": "research-home", "error": null, "findings": 0}
{"pass": "orb", "width": 820, "surface": "research-nvda", "error": null, "findings": 0}
{"pass": "orb", "width": 820, "surface": "template-gallery", "error": null, "findings": 0}
{"pass": "orb", "width": 820, "surface": "more-menu-open", "error": null, "findings": 0}
{"pass": "orb", "width": 1200, "surface": "list", "error": null, "findings": 17}
{"pass": "orb", "width": 1200, "surface": "table", "error": null, "findings": 0}
{"pass": "orb", "width": 1200, "surface": "board", "error": null, "findings": 0}
{"pass": "orb", "width": 1200, "surface": "calendar", "error": null, "findings": 0}
{"pass": "orb", "width": 1200, "surface": "timeline", "error": null, "findings": 0}
{"pass": "orb", "width": 1200, "surface": "graph", "error": null, "findings": 0}
{"pass": "orb", "width": 1200, "surface": "tasks", "error": null, "findings": 0}
{"pass": "orb", "width": 1200, "surface": "editor", "error": null, "findings": 0}
{"pass": "orb", "width": 1200, "surface": "research-home", "error": null, "findings": 0}
{"pass": "orb", "width": 1200, "surface": "research-nvda", "error": null, "findings": 0}
{"pass": "orb", "width": 1200, "surface": "template-gallery", "error": null, "findings": 0}
{"pass": "orb", "width": 1200, "surface": "more-menu-open", "error": null, "findings": 0}
{"pass": "hub", "width": 390, "surface": "list", "error": null, "findings": 1}
{"pass": "hub", "width": 390, "surface": "table", "error": null, "findings": 1}
{"pass": "hub", "width": 390, "surface": "board", "error": null, "findings": 1}
{"pass": "hub", "width": 390, "surface": "calendar", "error": null, "findings": 1}
{"pass": "hub", "width": 390, "surface": "timeline", "error": null, "findings": 1}
{"pass": "hub", "width": 390, "surface": "graph", "error": null, "findings": 1}
{"pass": "hub", "width": 390, "surface": "tasks", "error": null, "findings": 1}
{"pass": "hub", "width": 390, "surface": "editor", "error": null, "findings": 1}
{"pass": "hub", "width": 390, "surface": "research-home", "error": null, "findings": 1}
{"pass": "hub", "width": 390, "surface": "research-nvda", "error": null, "findings": 1}
{"pass": "hub", "width": 390, "surface": "template-gallery", "error": null, "findings": 0}
{"pass": "hub", "width": 390, "surface": "more-menu-open", "error": null, "findings": 1}
{"pass": "hub", "width": 820, "surface": "list", "error": null, "findings": 1}
{"pass": "hub", "width": 820, "surface": "table", "error": null, "findings": 1}
{"pass": "hub", "width": 820, "surface": "board", "error": null, "findings": 1}
{"pass": "hub", "width": 820, "surface": "calendar", "error": null, "findings": 1}
{"pass": "hub", "width": 820, "surface": "timeline", "error": null, "findings": 1}
{"pass": "hub", "width": 820, "surface": "graph", "error": null, "findings": 1}
{"pass": "hub", "width": 820, "surface": "tasks", "error": null, "findings": 1}
{"pass": "hub", "width": 820, "surface": "editor", "error": null, "findings": 1}
{"pass": "hub", "width": 820, "surface": "research-home", "error": null, "findings": 1}
{"pass": "hub", "width": 820, "surface": "research-nvda", "error": null, "findings": 1}
{"pass": "hub", "width": 820, "surface": "template-gallery", "error": null, "findings": 0}
{"pass": "hub", "width": 820, "surface": "more-menu-open", "error": null, "findings": 1}
SANDBOX INTEGRITY: CLEAN -- pre-boot (baseline) CLEAN, post-boot (+15s) CLEAN, post-prewarm (+120s) CLEAN, shutdown CLEAN; 62 db files hashed; log: C:\Users\Patrick\uct-worktrees\notebook-w10s2\docs\plans\joystick\sandbox-runs\2026-09-28T19-31-34.md
{"controls_valid": true, "findings": 39, "named_leads": {"CLEARED": 152, "CONFIRMED": 22, "under-open-popup": 13}, "errors": 0}
