[PASS] G1_activation_explicit_value: {"status": 200, "fact": {"id": "453a7721921840079949300841cfc94d", "noteId": "aa771d57a99146f1845f6242f2a28ded", "entityId": null, "ticker": "NVDA", "factType": "analyst_price_target_consensus", "factLabel": "Analyst Price Target (Consensus)", "period": null, "value": 195.0, "unit": "usd_per_share", "currency": "USD", "temporalMode": "snapshot", "observedAt": "2026-09-30T22:05:42.758213+00:00", "s
[PASS] G2_unknown_type_refused: {"status": 400, "note": "proves the SAME refusal branch note_facts.create_fact_observation uses for an inactive-but-known type; the inactive-type case itself is covered by test_wave_f_facts.py::test_create_fact_rejects_an_inactive_fact_type_generically and the router's mirror, both with a real monkeypatched inactive registry entry"}
[PASS] G3_auto_resolve_or_honest_failure: {"branch": "fmp_live_data", "status": 200, "value": 342.13}
[PASS] G4_frozen_at_insert: {"f1_id": "e753523380a54f75aafe8025ce64b2b8", "f1_value_after": 410.0, "f2_id": "fe6932588667458db1d3df352ad854f1", "f2_value": 455.0, "f1_has_current_key": false, "note": "two distinct rows; the FIRST is unchanged after the SECOND lands; neither carries a 'current' key -- a snapshot fact is never read-time re-derived"}
[PASS] G5_slash_command_door: {"hint_item_offered": true, "capture_item_offered": true, "financial_fact_node_count": 1, "note": "0 nodes = honest failure (no FMP data in this sandbox), 1 node = a real FMP-sourced capture rendered -- both are correct outcomes; only a count outside {0,1} or a missing menu item is a FAIL"}
[FAIL] G6_tickerpopup_door: {"reason": "door button not rendered in the chart modal"}
[PASS] G7_render_and_attribution: {"card_text": "GOOGL\nAnalyst Price Target (Consensus)\nCAPTURED\n$220.50\nCaptured Sep 30, 2026, 5:05 PM\nSource: FMP"}
[PASS] G8_errors: {"pageerror_count": 0, "pageerrors": []}
{
 "checks": {
  "G1_activation_explicit_value": "PASS",
  "G2_unknown_type_refused": "PASS",
  "G3_auto_resolve_or_honest_failure": "PASS",
  "G4_frozen_at_insert": "PASS",
  "G5_slash_command_door": "PASS",
  "G6_tickerpopup_door": "FAIL",
  "G7_render_and_attribution": "PASS",
  "G8_errors": "PASS"
 }
}
