Speaking [LangChangeCommand ('en_US'), 'UCT-NVDA-da9c3b6715d9 - Google Chrome for Testing', 'window', CancellableSpeech (still valid)]
Speaking [LangChangeCommand ('en_US'), 'UCT-NVDA-da9c3b6715d9', 'document', CancellableSpeech (still valid)]
Speaking [LangChangeCommand ('en_US'), 'clickable', 'Skip to main content', 'same page', 'link']
Speaking [LangChangeCommand ('en_US'), 'UCT-NVDA-da9c3b6715d9', CancellableSpeech (still valid)]
Speaking [CallbackCommand(name=say-all:lineReached), LangChangeCommand ('en_US'), 'same page', 'link', 'Skip to main content', CallbackCommand(name=say-all:lineReached)]
Speaking [LangChangeCommand ('en_US'), 'clickable', 'same page', 'link', 'Skip to notes list', CallbackCommand(name=say-all:lineReached)]
Speaking [LangChangeCommand ('en_US'), 'same page', 'link', 'Skip to folder navigation', CallbackCommand(name=say-all:lineReached)]
Speaking [LangChangeCommand ('en_US'), 'navigation landmark', 'link', 'UCT Intelligence — go to landing page', CallbackCommand(name=say-all:lineReached)]
Speaking [LangChangeCommand ('en_US'), 'button', 'Search — Ctrl+K', CallbackCommand(name=say-all:lineReached)]
Speaking [LangChangeCommand ('en_US'), 'link', 'UCT Terminal', CallbackCommand(name=say-all:lineReached)]
Speaking [LangChangeCommand ('en_US'), 'link', 'Charts', CallbackCommand(name=say-all:lineReached)]
Speaking [LangChangeCommand ('en_US'), 'link', 'Morning Wire', CallbackCommand(name=say-all:lineReached)]
Speaking [LangChangeCommand ('en_US'), 'link', 'Dashboard', CallbackCommand(name=say-all:lineReached)]
Speaking [LangChangeCommand ('en_US'), 'link', 'AI Search']
Speaking [LangChangeCommand ('en_US'), 'main landmark', 'clickable', 'Meet Compass', 'Tap the compass buttonto talk to your trading coach — markets, setups, and your journal, all by voice.', 'Got it', 'button', 'Trade Journal', 'heading', 'level 1', 'Journal sections', 'navigation landmark', 'Today', 'link', 'Trades', 'link', 'Calendar', 'link', 'Notebook', 'link', 'current page', 'Insights', 'link', 'Compass', 'link', 'Log Trade', 'menu button', 'collapsed', 'subMenu', 'Log a trade', 'Show keyboard shortcuts', 'button', 'Keyboard shortcuts (Shift + ?)', 'Default $100,000.00', 'menu button', 'collapsed', 'opens list', 'Generate report', 'button', 'Generate Report (Ctrl/⌘+P after)', 'Open Portfolio Settings', 'button', 'Settings (current account)', 'More', 'menu button', 'collapsed', 'subMenu', 'More — Community, Accounts', 'Notebook', 'complementary landmark', 'Folder navigation', 'heading', 'level 2', 'Hide folders panel', 'button', 'Hide panel', 'Show folders', 'tab', 'selected', 'Folders', 'Search notes', 'tab', 'Collapse Saved Views', 'button', 'expanded', 'SAVED VIEWS', 'SR view', 'button', 'Rename SR view', 'button', 'Rename view', 'Delete SR view', 'button', 'Delete view', 'Folders', 'tree view', 'level 1', 'All notes2', 'button', 'current', '+ New folder', 'button', 'TAGS', '#srpass1', 'button', 'Rename srpass', 'button', 'Rename tag', ' ', 'Resize folders panel', 'separator', 'All notes', 'heading', 'level 2', 'Notes list tools', 'tool bar', 'Sort notes', 'combo box', 'collapsed', 'Recently updated', 'View', 'grouping', 'List view', 'toggle button', 'pressed', 'Table view', 'toggle button', 'not pressed', 'Board view', 'toggle button', 'not pressed', 'Calendar view', 'toggle button', 'not pressed', 'Graph view', 'toggle button', 'not pressed', 'Timeline view', 'toggle button', 'not pressed', 'Tasks view', 'toggle button', 'not pressed', 'out of grouping', 'Save view', 'button', 'Save this view', 'Import', 'button', 'opens dialog', 'Export', 'button', 'opens dialog', 'Today', 'button', "Open today's daily note (Ctrl+Alt+D)", 'Control+Alt+D Meta+Alt+', CharacterModeCommand(True), 'D', CharacterModeCommand(False), 'Templates', 'button', 'opens dialog', '+ New note', 'button', 'out of tool bar', 'Notes', 'grouping', 'Select SR target note', 'check box', 'not checked', 'SR target note', 'now', 'button', 'Select SR pass', 'check box', 'not checked', 'SR pass', 'now#srpass', 'button', 'out of grouping', 'Showing 2 of 2 notes']
Speaking [LangChangeCommand ('en_US'), 'complementary landmark', 'Hide folders panel', 'button', 'Hide panel']
Speaking [LangChangeCommand ('en_US'), 'Panel view', 'tab control', CancellableSpeech (still valid)]
Speaking [LangChangeCommand ('en_US'), 'Show folders', 'tab', 'selected', 'Folders', '1 of 2', CancellableSpeech (still valid)]
Speaking [LangChangeCommand ('en_US'), 'Folders', 'tree view', 'level 1', 'All notes2', 'button', 'current']
Speaking [PitchCommand(offset=30), CharacterModeCommand(True), LangChangeCommand ('en_US'), 'A', PitchCommand(), EndUtteranceCommand(), CharacterModeCommand(False)]
Speaking [LangChangeCommand ('en_US'), 'notes2']
Speaking [LangChangeCommand ('en_US'), '#srpass1', 'button']
Speaking [LangChangeCommand ('en_US'), 'Collapse Saved Views', 'button', 'expanded']
Speaking [LangChangeCommand ('en_US'), 'SR view', 'button']
Speaking [LangChangeCommand ('en_US'), 'Folders', 'tree view', 'level 1', 'All notes2', 'button', 'current']
Speaking [LangChangeCommand ('en_US'), 'Notes list tools', 'tool bar', CancellableSpeech (still valid)]
Speaking [LangChangeCommand ('en_US'), 'Sort notes', 'combo box', 'Recently updated', 'collapsed', CancellableSpeech (still valid)]
Speaking [LangChangeCommand ('en_US'), 'Bottom']
Speaking [LangChangeCommand ('en_US'), 'blank']
Speaking [LangChangeCommand ('en_US'), 'Bottom']
Speaking [LangChangeCommand ('en_US'), 'blank']
Speaking [LangChangeCommand ('en_US'), 'expanded']
Speaking [LangChangeCommand ('en_US'), 'list', CancellableSpeech (still valid)]
Speaking [LangChangeCommand ('en_US'), 'Recently updated', '1 of 3', CancellableSpeech (still valid)]
Speaking [LangChangeCommand ('en_US'), 'View', 'grouping', CancellableSpeech (still valid)]
Speaking [LangChangeCommand ('en_US'), 'List view', 'toggle button', 'pressed', CancellableSpeech (still valid)]
Speaking [LangChangeCommand ('en_US'), 'Notes', 'grouping', 'SR pass', 'now#srpass', 'button']
Speaking [LangChangeCommand ('en_US'), 'SR pass', 'heading', 'level 2']
Speaking [LangChangeCommand ('en_US'), 'Add to Favorites', 'toggle button', 'not pressed']
Speaking [LangChangeCommand ('en_US'), 'Ask a question about this note', 'button', 'collapsed']
Speaking [LangChangeCommand ('en_US'), 'Find in note', 'button', 'Find in this note']
Speaking [LangChangeCommand ('en_US'), 'Share', 'button', 'collapsed', 'opens dialog', 'Share a link to this note or publish it to the web']
Speaking [LangChangeCommand ('en_US'), 'Folder', 'combo box', 'Unfiled', 'collapsed', CancellableSpeech (still valid)]
Speaking [LangChangeCommand ('en_US'), 'Ticker', 'edit', CancellableSpeech (still valid), 'Ticker', CancellableSpeech (still valid), 'blank']
Speaking [LangChangeCommand ('en_US'), 'Writing help', 'button', 'Writing help — summarize, rewrite, continue or translate']
Speaking [LangChangeCommand ('en_US'), 'Outline', 'button', 'collapsed', 'Outline — every heading in this note']
Speaking [LangChangeCommand ('en_US'), 'More note actions', 'button', 'collapsed']
Speaking [LangChangeCommand ('en_US'), 'Editor toolbar', 'tool bar', CancellableSpeech (still valid)]
Speaking [LangChangeCommand ('en_US'), 'Font family', 'combo box', 'Default', 'collapsed', 'Font', CancellableSpeech (still valid)]
Speaking [LangChangeCommand ('en_US'), 'Note title', 'edit', CancellableSpeech (still valid), 'selected SR pass']
Speaking [LangChangeCommand ('en_US'), 'Subtitle', 'edit', CancellableSpeech (still valid), 'Subtitle (optional)', CancellableSpeech (still valid), 'blank']
Speaking [LangChangeCommand ('en_US'), 'Tags', 'grouping', "This note's tags", 'list', 'with 1 item', 'Remove tag srpass', 'button']
Speaking [LangChangeCommand ('en_US'), 'Add a tag to this note', 'combo box', 'collapsed', 'has auto complete', 'editable', CancellableSpeech (still valid), 'Add a tag', CancellableSpeech (still valid), 'blank']
Speaking [LangChangeCommand ('en_US'), 'Note body', 'section', 'multi line', 'editable', 'heading', 'level 2', 'Setup']
Speaking [LangChangeCommand ('en_US'), 'table', 'with 3 rows and 3 columns', 'row 1', 'column 1', 'Sym']
Speaking [PitchCommand(offset=30), CharacterModeCommand(True), LangChangeCommand ('en_US'), 'S', PitchCommand(), EndUtteranceCommand(), CharacterModeCommand(False)]
Speaking [LangChangeCommand ('en_US'), 'column 2']
Speaking [PitchCommand(offset=30), CharacterModeCommand(True), LangChangeCommand ('en_US'), 'R', PitchCommand(), EndUtteranceCommand(), CharacterModeCommand(False)]
Speaking [LangChangeCommand ('en_US'), 'Note body', 'section', 'multi line', 'editable', CancellableSpeech (still valid), 'table', 'with 3 rows and 3 columns', 'row 3', 'Note', 'column 3', 'late']
Speaking [LangChangeCommand ('en_US'), 'Table', 'tool bar', CancellableSpeech (still valid)]
Speaking [LangChangeCommand ('en_US'), 'Add a row above', 'button', CancellableSpeech (still valid)]
Speaking [LangChangeCommand ('en_US'), 'Note body', 'section', 'multi line', 'editable', CancellableSpeech (still valid), 'table', 'with 4 rows and 3 columns', 'row 4', 'R', 'column 2']
Speaking [LangChangeCommand ('en_US'), 'out of table']
Speaking [LangChangeCommand ('en_US'), 'slash', EndUtteranceCommand()]
Speaking [LangChangeCommand ('en_US'), 'Insert block', 'list', CancellableSpeech (still valid)]
Speaking [LangChangeCommand ('en_US'), 'Heading 1 Big section heading', '1 of 32', CancellableSpeech (still valid)]
Speaking [CharacterModeCommand(True), LangChangeCommand ('en_US'), '￼', EndUtteranceCommand(), CharacterModeCommand(False)]
Speaking [LangChangeCommand ('en_US'), 'main landmark', CancellableSpeech (still valid)]
Speaking [LangChangeCommand ('en_US'), 'Note body', 'section', 'multi line', 'editable', CancellableSpeech (still valid), '/']
Speaking [LangChangeCommand ('en_US'), 'left bracket', EndUtteranceCommand()]
Speaking [LangChangeCommand ('en_US'), 'left bracket', EndUtteranceCommand()]
Speaking [PitchCommand(offset=30), CharacterModeCommand(True), LangChangeCommand ('en_US'), 'S', PitchCommand(), EndUtteranceCommand(), CharacterModeCommand(False)]
Speaking [PitchCommand(offset=30), CharacterModeCommand(True), LangChangeCommand ('en_US'), 'R', PitchCommand(), EndUtteranceCommand(), CharacterModeCommand(False)]
Speaking [LangChangeCommand ('en_US'), 'space', EndUtteranceCommand()]
Speaking [CharacterModeCommand(True), LangChangeCommand ('en_US'), 't', EndUtteranceCommand(), CharacterModeCommand(False)]
Speaking [CharacterModeCommand(True), LangChangeCommand ('en_US'), 'a', EndUtteranceCommand(), CharacterModeCommand(False)]
Speaking [CharacterModeCommand(True), LangChangeCommand ('en_US'), 'r', EndUtteranceCommand(), CharacterModeCommand(False)]
Speaking [LangChangeCommand ('en_US'), 'blank']
Speaking [LangChangeCommand ('en_US'), 'Find in note', 'search landmark', CancellableSpeech (still valid)]
Speaking [LangChangeCommand ('en_US'), 'Find in note', 'edit', CancellableSpeech (still valid), 'Find in note', CancellableSpeech (still valid), 'blank']
Speaking [CharacterModeCommand(True), LangChangeCommand ('en_US'), 's', EndUtteranceCommand(), CharacterModeCommand(False)]
Speaking [LangChangeCommand ('en_US'), '1/7 ']
Speaking [CharacterModeCommand(True), LangChangeCommand ('en_US'), 't', EndUtteranceCommand(), CharacterModeCommand(False)]
Speaking [LangChangeCommand ('en_US'), '1/2 ']
Speaking [CharacterModeCommand(True), LangChangeCommand ('en_US'), 'o', EndUtteranceCommand(), CharacterModeCommand(False)]
Speaking [LangChangeCommand ('en_US'), '1/1 ']
Speaking [CharacterModeCommand(True), LangChangeCommand ('en_US'), 'p', EndUtteranceCommand(), CharacterModeCommand(False)]
Speaking [LangChangeCommand ('en_US'), 'Match case', 'toggle button', 'not pressed', CancellableSpeech (still valid)]
Speaking [LangChangeCommand ('en_US'), 'UCT-NVDA-da9c3b6715d9', 'document', CancellableSpeech (still valid), 'blank']
Speaking [LangChangeCommand ('en_US'), 'main landmark', CancellableSpeech (still valid)]
Speaking [LangChangeCommand ('en_US'), 'Note body', 'section', 'multi line', 'editable', CancellableSpeech (still valid), 'blank']
Speaking [LangChangeCommand ('en_US'), 'Ask a question about this note', 'button', 'collapsed', CancellableSpeech (still valid)]
Speaking [LangChangeCommand ('en_US'), 'expanded']
Speaking [LangChangeCommand ('en_US'), 'Ask This note', 'dialog', CancellableSpeech (still valid)]
Speaking [LangChangeCommand ('en_US'), 'Ask This note', 'dialog', CancellableSpeech (still valid)]
Speaking [LangChangeCommand ('en_US'), 'Your question about This note', 'edit', CancellableSpeech (still valid), 'What did I say about…', CancellableSpeech (still valid), 'blank']
Speaking [PitchCommand(offset=30), CharacterModeCommand(True), LangChangeCommand ('en_US'), 'W', PitchCommand(), EndUtteranceCommand(), CharacterModeCommand(False)]
Speaking [CharacterModeCommand(True), LangChangeCommand ('en_US'), 'h', EndUtteranceCommand(), CharacterModeCommand(False)]
Speaking [CharacterModeCommand(True), LangChangeCommand ('en_US'), 'a', EndUtteranceCommand(), CharacterModeCommand(False)]
Speaking [CharacterModeCommand(True), LangChangeCommand ('en_US'), 't', EndUtteranceCommand(), CharacterModeCommand(False)]
Speaking [LangChangeCommand ('en_US'), 'space', EndUtteranceCommand()]
Speaking [CharacterModeCommand(True), LangChangeCommand ('en_US'), 'i', EndUtteranceCommand(), CharacterModeCommand(False)]
Speaking [CharacterModeCommand(True), LangChangeCommand ('en_US'), 's', EndUtteranceCommand(), CharacterModeCommand(False)]
Speaking [LangChangeCommand ('en_US'), 'space', EndUtteranceCommand()]
Speaking [CharacterModeCommand(True), LangChangeCommand ('en_US'), 't', EndUtteranceCommand(), CharacterModeCommand(False)]
Speaking [CharacterModeCommand(True), LangChangeCommand ('en_US'), 'h', EndUtteranceCommand(), CharacterModeCommand(False)]
Speaking [CharacterModeCommand(True), LangChangeCommand ('en_US'), 'e', EndUtteranceCommand(), CharacterModeCommand(False)]
Speaking [LangChangeCommand ('en_US'), 'space', EndUtteranceCommand()]
Speaking [CharacterModeCommand(True), LangChangeCommand ('en_US'), 'd', EndUtteranceCommand(), CharacterModeCommand(False)]
Speaking [CharacterModeCommand(True), LangChangeCommand ('en_US'), 'i', EndUtteranceCommand(), CharacterModeCommand(False)]
Speaking [CharacterModeCommand(True), LangChangeCommand ('en_US'), 'v', EndUtteranceCommand(), CharacterModeCommand(False)]
Speaking [CharacterModeCommand(True), LangChangeCommand ('en_US'), 'i', EndUtteranceCommand(), CharacterModeCommand(False)]
Speaking [CharacterModeCommand(True), LangChangeCommand ('en_US'), 'd', EndUtteranceCommand(), CharacterModeCommand(False)]
Speaking [CharacterModeCommand(True), LangChangeCommand ('en_US'), 'e', EndUtteranceCommand(), CharacterModeCommand(False)]
Speaking [CharacterModeCommand(True), LangChangeCommand ('en_US'), 'n', EndUtteranceCommand(), CharacterModeCommand(False)]
Speaking [CharacterModeCommand(True), LangChangeCommand ('en_US'), 'd', EndUtteranceCommand(), CharacterModeCommand(False)]
Speaking [LangChangeCommand ('en_US'), 'question', EndUtteranceCommand()]
Speaking [LangChangeCommand ('en_US'), 'UCT-NVDA-da9c3b6715d9', 'document', CancellableSpeech (still valid), 'blank']
Speaking [LangChangeCommand ('en_US'), "I couldn't find that in this note."]
Speaking [LangChangeCommand ('en_US'), "I couldn't find that in this note."]
Speaking [LangChangeCommand ('en_US'), 'Close Ask', 'button']
Speaking [LangChangeCommand ('en_US'), 'Ask a question about this note', 'button', 'collapsed', CancellableSpeech (still valid)]
Speaking [LangChangeCommand ('en_US'), 'UCT Intelligence — Coming soon', CancellableSpeech (still valid)]
Speaking [CallbackCommand(name=say-all:lineReached), LangChangeCommand ('en_US'), 'clickable', 'UCT INTELLIGENCE', CallbackCommand(name=say-all:lineReached)]
Speaking [LangChangeCommand ('en_US'), 'Signing you in']
Speaking [CallbackCommand(name=say-all:stop)]
Speaking [LangChangeCommand ('en_US'), 'main landmark', CancellableSpeech (still valid)]
Speaking [LangChangeCommand ('en_US'), 'Notes list tools', 'tool bar', CancellableSpeech (still valid)]
Speaking [LangChangeCommand ('en_US'), 'View', 'grouping', CancellableSpeech (still valid)]
Speaking [LangChangeCommand ('en_US'), 'Graph view', 'toggle button', 'not pressed', CancellableSpeech (still valid)]
Speaking [LangChangeCommand ('en_US'), 'pressed']
Speaking [LangChangeCommand ('en_US'), 'Show as list', 'toggle button', 'not pressed']
Speaking [LangChangeCommand ('en_US'), 'pressed']
Speaking [LangChangeCommand ('en_US'), 'not pressed']
Speaking [LangChangeCommand ('en_US'), 'Note graph: 2 notes, 0 links', 'Arrow keys move to the nearest note in that direction. Home and End go to the first and last note by title. Enter opens the selected note. Escape clears the selection. Show as list gives the same notes as a table.', CancellableSpeech (still valid)]
Speaking [LangChangeCommand ('en_US'), 'Top']
Speaking [LangChangeCommand ('en_US'), 'blank']
Speaking [LangChangeCommand ('en_US'), 'Bottom']
Speaking [LangChangeCommand ('en_US'), 'blank']
Speaking [LangChangeCommand ('en_US'), 'toggle button', 'not pressed', 'Show as list']
Speaking [LangChangeCommand ('en_US'), 'Notes list tools', 'tool bar', CancellableSpeech (still valid)]
Speaking [LangChangeCommand ('en_US'), 'View', 'grouping', CancellableSpeech (still valid)]
Speaking [LangChangeCommand ('en_US'), 'List view', 'toggle button', 'not pressed', CancellableSpeech (still valid)]
Speaking [LangChangeCommand ('en_US'), 'pressed']
Speaking [LangChangeCommand ('en_US'), 'Save view', 'button', 'Save this view', CancellableSpeech (still valid)]
Speaking [LangChangeCommand ('en_US'), 'Save view', 'dialog', CancellableSpeech (still valid)]
Speaking [LangChangeCommand ('en_US'), 'Save view', 'dialog', CancellableSpeech (still valid)]
Speaking [LangChangeCommand ('en_US'), 'Name', 'edit', CancellableSpeech (still valid), 'e.g. Active Theses', CancellableSpeech (still valid), 'blank']
Speaking [LangChangeCommand ('en_US'), 'UCT Intelligence — Coming soon', CancellableSpeech (still valid)]
Speaking [CallbackCommand(name=say-all:stop)]
Speaking [LangChangeCommand ('en_US'), 'clickable', 'main landmark', 'More note actions', 'button', 'collapsed']
Speaking [LangChangeCommand ('en_US'), 'More note actions', 'grouping', 'Version history', 'button', 'See earlier versions of this note and restore one']
Speaking [LangChangeCommand ('en_US'), 'Delete', 'button']
Speaking [LangChangeCommand ('en_US'), 'Delete this note?', 'dialog', CancellableSpeech (still valid)]
Speaking [LangChangeCommand ('en_US'), 'Cancel', 'button']
Speaking [LangChangeCommand ('en_US'), 'Delete this note?', CancellableSpeech (still valid)]
Speaking [CallbackCommand(name=say-all:lineReached), LangChangeCommand ('en_US'), 'button', 'Cancel', CallbackCommand(name=say-all:lineReached)]
Speaking [LangChangeCommand ('en_US'), 'button', 'Delete']
Speaking [CallbackCommand(name=say-all:stop)]
Speaking [LangChangeCommand ('en_US'), 'Delete', 'button']
Speaking [LangChangeCommand ('en_US'), 'out of grouping', 'blank']
Speaking [LangChangeCommand ('en_US'), 'Research home', 'heading', 'level 2']
Speaking [LangChangeCommand ('en_US'), 'UCT Intelligence — Coming soon', CancellableSpeech (still valid)]
Speaking [CallbackCommand(name=say-all:stop)]
Speaking [LangChangeCommand ('en_US'), 'Folders and tags', 'dialog', 'STEP 2 OF 3 Your folders, tags and saved views live here. Choose one to see just those notes.', CancellableSpeech (still valid)]
Speaking [LangChangeCommand ('en_US'), 'Folders and tags', 'heading', 'STEP 2 OF 3', 'level 2']
Speaking [LangChangeCommand ('en_US'), 'Folders and tags', CancellableSpeech (still valid)]
Speaking [CallbackCommand(name=say-all:lineReached), LangChangeCommand ('en_US'), 'heading', 'level 2', 'Folders and tags', CallbackCommand(name=say-all:lineReached)]
Speaking [LangChangeCommand ('en_US'), 'Your folders, tags and saved views live here. Choose one to see just those notes.']
Speaking [LangChangeCommand ('en_US'), 'clickable', 'same page', 'link', 'Skip to main content']
Speaking [LangChangeCommand ('en_US'), 'main landmark', 'Welcome to your Notebook', 'heading', 'level 2']