Speaking [LangChangeCommand ('en_US'), '#5 of 116 Items in WatchList']
Speaking [LangChangeCommand ('en_US'), 'DesktopWindowXamlSource']
Speaking [LangChangeCommand ('en_US'), 'Desktop']
Speaking [LangChangeCommand ('en_US'), 'DesktopWindowXamlSource']
Speaking [LangChangeCommand ('en_US'), 'Desktop']
Speaking [LangChangeCommand ('en_US'), 'DesktopWindowXamlSource']
Speaking [LangChangeCommand ('en_US'), 'Desktop']
Speaking [LangChangeCommand ('en_US'), 'NVAX\r\n Novavax Inc\r\nHealthcare Sector(D)\r\nBiotechnology\r\n']
Speaking [LangChangeCommand ('en_US'), 'Desktop']
Speaking [LangChangeCommand ('en_US'), 'DesktopWindowXamlSource']
Speaking [LangChangeCommand ('en_US'), 'DesktopWindowXamlSource']
Speaking [LangChangeCommand ('en_US'), 'DesktopWindowXamlSource']
Speaking [LangChangeCommand ('en_US'), '◑ Notebook completion and enterprise finalization', CancellableSpeech (still valid)]
Speaking [LangChangeCommand ('en_US'), 'Windows PowerShell', 'terminal', '◑ Notebook completion and enterprise finalization', CancellableSpeech (still valid), '>\xa0                                                                                                    \r\n']
Speaking [LangChangeCommand ('en_US'), 'DesktopWindowXamlSource']
Speaking [LangChangeCommand ('en_US'), '●']
Speaking [LangChangeCommand ('en_US'), '✶']
Speaking [LangChangeCommand ('en_US'), 'Desktop']
Speaking [LangChangeCommand ('en_US'), 'UCT-NVDA-ba01667edba5 - Google Chrome for Testing', 'window', CancellableSpeech (still valid)]
Speaking [LangChangeCommand ('en_US'), 'UCT-NVDA-ba01667edba5', 'document', CancellableSpeech (still valid)]
Speaking [LangChangeCommand ('en_US'), 'main landmark', CancellableSpeech (still valid)]
Speaking [LangChangeCommand ('en_US'), 'complementary landmark', CancellableSpeech (still valid)]
Speaking [LangChangeCommand ('en_US'), 'Folders', 'tree view', CancellableSpeech (still valid)]
Speaking [LangChangeCommand ('en_US'), 'UCT-NVDA-ba01667edba5 - Google Chrome for Testing', 'window', CancellableSpeech (still valid)]
Speaking [LangChangeCommand ('en_US'), 'UCT-NVDA-ba01667edba5', 'document', CancellableSpeech (still valid)]
Speaking [LangChangeCommand ('en_US'), 'main landmark', CancellableSpeech (still valid)]
Speaking [LangChangeCommand ('en_US'), 'complementary landmark', CancellableSpeech (still valid)]
Speaking [LangChangeCommand ('en_US'), 'Folders', 'tree view', CancellableSpeech (still valid)]
Speaking [LangChangeCommand ('en_US'), 'level 1', 'All notes, 2', '1 of 5', CancellableSpeech (still valid)]
Speaking [LangChangeCommand ('en_US'), 'Average True Range 14']
Speaking [LangChangeCommand ('en_US'), 'DesktopWindowXamlSource']
Speaking [LangChangeCommand ('en_US'), 'Desktop']
Speaking [LangChangeCommand ('en_US'), 'DesktopWindowXamlSource']
Speaking [LangChangeCommand ('en_US'), 'DesktopWindowXamlSource']
Speaking [LangChangeCommand ('en_US'), 'Desktop']
Speaking [LangChangeCommand ('en_US'), 'NVAX\r\n Novavax Inc\r\nHealthcare Sector(D)\r\nBiotechnology\r\n']
Speaking [LangChangeCommand ('en_US'), 'Webull Desktop - 1 running window pinned']
Speaking [LangChangeCommand ('en_US'), 'Notes list tools', 'tool bar', CancellableSpeech (still valid)]
Speaking [LangChangeCommand ('en_US'), 'View', 'grouping', CancellableSpeech (still valid)]
Speaking [LangChangeCommand ('en_US'), 'List view', 'toggle button', 'pressed', CancellableSpeech (still valid)]
Speaking [LangChangeCommand ('en_US'), '#srpass']
Speaking [LangChangeCommand ('en_US'), 'SR pass']
Speaking [LangChangeCommand ('en_US'), 'Notes', 'grouping', 'SR pass', 'now#srpass', 'button']
Speaking [LangChangeCommand ('en_US'), 'DesktopWindowXamlSource']
Speaking [LangChangeCommand ('en_US'), 'Desktop']
Speaking [LangChangeCommand ('en_US'), 'SR pass', 'heading', 'level 2']
Speaking [LangChangeCommand ('en_US'), 'Add to Favorites', 'toggle button', 'not pressed']
Speaking [LangChangeCommand ('en_US'), 'Ask a question about this note', 'button', 'collapsed']
Speaking [LangChangeCommand ('en_US'), 'Find in note', 'button', 'Find in this note']
Speaking [LangChangeCommand ('en_US'), 'Share', 'button', 'collapsed', 'opens dialog', 'Share a link to this note or publish it to the web']
Speaking [LangChangeCommand ('en_US'), 'Folder', 'combo box', 'Unfiled', 'collapsed', CancellableSpeech (still valid)]
Speaking [LangChangeCommand ('en_US'), 'Ticker', 'edit', CancellableSpeech (still valid), 'Ticker', CancellableSpeech (still valid), 'blank']
Speaking [LangChangeCommand ('en_US'), 'Writing help', 'button', 'Writing help — summarize, rewrite, continue or translate']
Speaking [LangChangeCommand ('en_US'), 'Outline', 'button', 'collapsed', 'Outline — every heading in this note']
Speaking [LangChangeCommand ('en_US'), 'More note actions', 'button', 'collapsed']
Speaking [LangChangeCommand ('en_US'), 'Editor toolbar', 'tool bar', CancellableSpeech (still valid)]
Speaking [LangChangeCommand ('en_US'), 'Font family', 'combo box', 'Default', 'collapsed', 'Font', CancellableSpeech (still valid)]
Speaking [LangChangeCommand ('en_US'), 'Note title', 'edit', CancellableSpeech (still valid), 'selected SR pass']
Speaking [LangChangeCommand ('en_US'), 'Subtitle', 'edit', CancellableSpeech (still valid), 'Subtitle (optional)', CancellableSpeech (still valid), 'blank']
Speaking [LangChangeCommand ('en_US'), 'Tags', 'grouping', "This note's tags", 'list', 'with 1 item', 'Remove tag srpass', 'button']
Speaking [LangChangeCommand ('en_US'), '💵丨tsdr, TRADERS']
Speaking [LangChangeCommand ('en_US'), 'Add a tag to this note', 'combo box', 'collapsed', 'has auto complete', 'editable', CancellableSpeech (still valid), 'Add a tag', CancellableSpeech (still valid), 'blank']
Speaking [LangChangeCommand ('en_US'), 'Image']
Speaking [LangChangeCommand ('en_US'), "Beebe 🐝 Server Tag: UCTRole icon, Contributor Contributor , i don't like this SMH look Image , 11:26 AM"]
Speaking [LangChangeCommand ('en_US'), 'STOCKS AND TRADINGCreate Channel']
Speaking [LangChangeCommand ('en_US'), "Beebe 🐝 Server Tag: UCTRole icon, Contributor Contributor , i don't like this SMH look Image , 11:26 AM"]
Speaking [LangChangeCommand ('en_US'), 'Image']
Speaking [LangChangeCommand ('en_US'), "Beebe 🐝 Server Tag: UCTRole icon, Contributor Contributor , i don't like this SMH look Image , 11:26 AM"]
Speaking [LangChangeCommand ('en_US'), 'Add property', 'button', 'collapsed']
Speaking [LangChangeCommand ('en_US'), 'Suggest values with Compass', 'button']
Speaking [LangChangeCommand ('en_US'), 'Table', 'tool bar', CancellableSpeech (still valid)]
Speaking [LangChangeCommand ('en_US'), 'Add a row above', 'button', CancellableSpeech (still valid)]
Speaking [LangChangeCommand ('en_US'), 'Note body', 'section', 'multi line', 'editable', CancellableSpeech (still valid), 'table', 'with 3 rows and 3 columns', 'row 3', 'Note', 'column 3', 'late']