Speaking [LangChangeCommand ('en_US'), 'UCT-NVDA-e5dd3557a6ae - Google Chrome for Testing', 'window', CancellableSpeech (still valid)]
Speaking [LangChangeCommand ('en_US'), 'UCT-NVDA-e5dd3557a6ae', 'document', CancellableSpeech (still valid)]
Speaking [LangChangeCommand ('en_US'), 'clickable', 'Skip to main content', 'same page', 'link']
Speaking [LangChangeCommand ('en_US'), 'UCT-NVDA-e5dd3557a6ae', CancellableSpeech (still valid)]
Speaking [CallbackCommand(name=say-all:lineReached), LangChangeCommand ('en_US'), 'same page', 'link', 'Skip to main content', CallbackCommand(name=say-all:lineReached)]
Speaking [LangChangeCommand ('en_US'), 'clickable', 'same page', 'link', 'Skip to notes list', CallbackCommand(name=say-all:lineReached)]
Speaking [LangChangeCommand ('en_US'), 'same page', 'link', 'Skip to folder navigation', CallbackCommand(name=say-all:lineReached)]
Speaking [LangChangeCommand ('en_US'), 'navigation landmark', 'link', 'UCT Intelligence — go to landing page', CallbackCommand(name=say-all:lineReached)]
Speaking [LangChangeCommand ('en_US'), 'button', 'Search — Ctrl+K', CallbackCommand(name=say-all:lineReached)]
Speaking [LangChangeCommand ('en_US'), 'link', 'UCT Terminal', CallbackCommand(name=say-all:lineReached)]
Speaking [LangChangeCommand ('en_US'), 'link', 'Charts', CallbackCommand(name=say-all:lineReached)]
Speaking [LangChangeCommand ('en_US'), 'link', 'Morning Wire', CallbackCommand(name=say-all:lineReached)]
Speaking [LangChangeCommand ('en_US'), 'link', 'Dashboard', CallbackCommand(name=say-all:lineReached)]
Speaking [LangChangeCommand ('en_US'), 'link', 'AI Search']
Speaking [LangChangeCommand ('en_US'), 'main landmark', 'clickable', 'Meet Compass', 'Tap the compass buttonto talk to your trading coach — markets, setups, and your journal, all by voice.', 'Got it', 'button', 'Trade Journal', 'heading', 'level 1', 'Journal sections', 'navigation landmark', 'Today', 'link', 'Trades', 'link', 'Calendar', 'link', 'Notebook', 'link', 'current page', 'Insights', 'link', 'Compass', 'link', 'Log Trade', 'menu button', 'collapsed', 'subMenu', 'Log a trade', 'Show keyboard shortcuts', 'button', 'Keyboard shortcuts (Shift + ?)', 'Default $100,000.00', 'menu button', 'collapsed', 'opens list', 'Generate report', 'button', 'Generate Report (Ctrl/⌘+P after)', 'Open Portfolio Settings', 'button', 'Settings (current account)', 'More', 'menu button', 'collapsed', 'subMenu', 'More — Community, Accounts', 'Notebook', 'complementary landmark', 'Folder navigation', 'heading', 'level 2', 'Hide folders panel', 'button', 'Hide panel', 'Show folders', 'tab', 'selected', 'Folders', 'Search notes', 'tab', 'Collapse Saved Views', 'button', 'expanded', 'SAVED VIEWS', 'SR view', 'button', 'Rename SR view', 'button', 'Rename view', 'Delete SR view', 'button', 'Delete view', 'Folders', 'tree view', 'level 1', 'All notes2', 'button', 'current', '+ New folder', 'button', 'TAGS', '#srpass1', 'button', 'Rename srpass', 'button', 'Rename tag', ' ', 'Resize folders panel', 'separator', 'All notes', 'heading', 'level 2', 'Notes list tools', 'tool bar', 'Sort notes', 'combo box', 'collapsed', 'Recently updated', 'View', 'grouping', 'List view', 'toggle button', 'pressed', 'Table view', 'toggle button', 'not pressed', 'Board view', 'toggle button', 'not pressed', 'Calendar view', 'toggle button', 'not pressed', 'Graph view', 'toggle button', 'not pressed', 'Timeline view', 'toggle button', 'not pressed', 'Tasks view', 'toggle button', 'not pressed', 'out of grouping', 'Save view', 'button', 'Save this view', 'Import', 'button', 'opens dialog', 'Export', 'button', 'opens dialog', 'Today', 'button', "Open today's daily note (Ctrl+Alt+D)", 'Control+Alt+D Meta+Alt+', CharacterModeCommand(True), 'D', CharacterModeCommand(False), 'Templates', 'button', 'opens dialog', '+ New note', 'button', 'out of tool bar', 'Notes', 'grouping', 'Select SR target note', 'check box', 'not checked', 'SR target note', 'now', 'button', 'Select SR pass', 'check box', 'not checked', 'SR pass', 'now#srpass', 'button', 'out of grouping', 'Showing 2 of 2 notes']
Speaking [LangChangeCommand ('en_US'), 'complementary landmark', 'Hide folders panel', 'button', 'Hide panel']
Speaking [LangChangeCommand ('en_US'), 'Panel view', 'tab control', CancellableSpeech (still valid)]
Speaking [LangChangeCommand ('en_US'), 'Show folders', 'tab', 'selected', 'Folders', '1 of 2', CancellableSpeech (still valid)]
Speaking [LangChangeCommand ('en_US'), 'Folders', 'tree view', 'level 1', 'All notes2', 'button', 'current']
Speaking [PitchCommand(offset=30), CharacterModeCommand(True), LangChangeCommand ('en_US'), 'A', PitchCommand(), EndUtteranceCommand(), CharacterModeCommand(False)]
Speaking [LangChangeCommand ('en_US'), 'notes']
Speaking [LangChangeCommand ('en_US'), '#srpass 1', 'button', CancellableSpeech (still valid)]
Speaking [LangChangeCommand ('en_US'), 'Collapse Saved Views', 'button', 'expanded', CancellableSpeech (still valid)]
Speaking [LangChangeCommand ('en_US'), 'SR view', 'button', CancellableSpeech (still valid)]
Speaking [LangChangeCommand ('en_US'), 'Folders', 'tree view', CancellableSpeech (still valid)]
Speaking [LangChangeCommand ('en_US'), 'All notes 2', 'button', 'current', CancellableSpeech (still valid)]
Speaking [LangChangeCommand ('en_US'), 'Notes list tools', 'tool bar', CancellableSpeech (still valid)]
Speaking [LangChangeCommand ('en_US'), 'Sort notes', 'combo box', 'Recently updated', 'collapsed', CancellableSpeech (still valid)]
Speaking [LangChangeCommand ('en_US'), 'updated']
Speaking [LangChangeCommand ('en_US'), 'out of combo box', 'View', 'grouping', 'toggle button', 'pressed', 'List ']
Speaking [LangChangeCommand ('en_US'), 'View', 'grouping', CancellableSpeech (still valid)]
Speaking [LangChangeCommand ('en_US'), 'List view', 'toggle button', 'pressed', CancellableSpeech (still valid)]
Speaking [LangChangeCommand ('en_US'), 'Notes', 'grouping', 'SR pass', 'now#srpass', 'button']
Speaking [LangChangeCommand ('en_US'), "Couldn't load this note. Nothing here has been changed or lost — this looks like a connection problem, not a save problem. Try again  "]
Speaking [LangChangeCommand ('en_US'), 'alert', "Couldn't load this note.\nNothing here has been changed or lost — this looks like a connection problem, not a save problem.", CancellableSpeech (still valid)]
Speaking [LangChangeCommand ('en_US'), 'Try again', 'button', CancellableSpeech (still valid)]
Speaking [LangChangeCommand ('en_US'), 'Try again', 'button']
Speaking [LangChangeCommand ('en_US'), '?', 'button', 'Help & Feedback']
Speaking [LangChangeCommand ('en_US'), 'Tap to start a conversation', 'button']
Speaking [LangChangeCommand ('en_US'), 'Train Me — teach the assistant a preference', 'button', 'Train Me — teach me a preference or correction']
Speaking [LangChangeCommand ('en_US'), 'Attach a chart screenshot for vision analysis (or paste from clipboard)', 'button', 'Attach chart for vision analysis · paste from clipboard supported']
Speaking [LangChangeCommand ('en_US'), 'Choose a specialist agent', 'button', 'collapsed', 'Choose a specialist (Analyst, Risk Officer, Coach, Scout)']
Speaking [LangChangeCommand ('en_US'), 'UCT-NVDA-e5dd3557a6ae - Google Chrome for Testing', 'region', CancellableSpeech (still valid)]
Speaking [LangChangeCommand ('en_US'), 'tool bar', CancellableSpeech (still valid)]
Speaking [LangChangeCommand ('en_US'), 'View site information', 'button', 'Secure', CancellableSpeech (still valid)]
Speaking [LangChangeCommand ('en_US'), 'Address and search bar', 'edit', 'Press tab then enter to ask AI Mode', 'Ctrl+', CharacterModeCommand(True), 'L', CharacterModeCommand(False), CancellableSpeech (still valid), 'selected uctintelligence.com/journal/notebook?note=1cd9a5d8bc074f15bc16a1ccb4298297']
Speaking [LangChangeCommand ('en_US'), 'Bookmark this tab', 'button', CancellableSpeech (still valid)]
Speaking [LangChangeCommand ('en_US'), 'UCT-NVDA-e5dd3557a6ae', 'document', CancellableSpeech (still valid)]
Speaking [LangChangeCommand ('en_US'), 'button', 'collapsed', 'Choose a specialist agent']
Speaking [LangChangeCommand ('en_US'), 'Skip to main content', 'link']
Speaking [LangChangeCommand ('en_US'), "Couldn't load your folders, your folder counts, your favorites, your recent notes, your tags and your saved views.Try again  "]
Speaking [LangChangeCommand ('en_US'), 'clickable', 'Skip to note', 'same page', 'link']
Speaking [LangChangeCommand ('en_US'), 'Skip to folder navigation', 'link']
Speaking [LangChangeCommand ('en_US'), 'navigation landmark', 'UCT Intelligence — go to landing page', 'link', 'UCT Intelligence — home']
Speaking [LangChangeCommand ('en_US'), 'Search — Ctrl+K', 'button']
Speaking [LangChangeCommand ('en_US'), 'UCT Terminal', 'link']
Speaking [LangChangeCommand ('en_US'), 'Charts', 'link']
Speaking [LangChangeCommand ('en_US'), 'Morning Wire', 'link']
Speaking [LangChangeCommand ('en_US'), 'Dashboard', 'link']
Speaking [LangChangeCommand ('en_US'), 'AI Search', 'link']
Speaking [LangChangeCommand ('en_US'), 'UCT 20', 'link']
Speaking [PitchCommand(offset=30), CharacterModeCommand(True), LangChangeCommand ('en_US'), 'U', PitchCommand(), EndUtteranceCommand(), CharacterModeCommand(False)]
Speaking [LangChangeCommand ('en_US'), '20']
Speaking [LangChangeCommand ('en_US'), 'Breadth', 'link']
Speaking [LangChangeCommand ('en_US'), 'Screener', 'link']
Speaking [LangChangeCommand ('en_US'), 'main landmark', 'Resize folders panel', 'separator']
Speaking [LangChangeCommand ('en_US'), 'no next radio button']
Speaking [LangChangeCommand ('en_US'), 'UCT-NVDA-e5dd3557a6ae - Google Chrome for Testing', 'region', CancellableSpeech (still valid)]
Speaking [LangChangeCommand ('en_US'), 'Find in page\n    UCT-NVDA-e5dd3557a6ae', 'region', CancellableSpeech (still valid)]
Speaking [LangChangeCommand ('en_US'), 'Find', 'edit', CancellableSpeech (still valid), 'F']
Speaking [CharacterModeCommand(True), LangChangeCommand ('en_US'), 's', EndUtteranceCommand(), CharacterModeCommand(False)]
Speaking [CharacterModeCommand(True), LangChangeCommand ('en_US'), 't', EndUtteranceCommand(), CharacterModeCommand(False)]
Speaking [CharacterModeCommand(True), LangChangeCommand ('en_US'), 'o', EndUtteranceCommand(), CharacterModeCommand(False)]
Speaking [CharacterModeCommand(True), LangChangeCommand ('en_US'), 'p', EndUtteranceCommand(), CharacterModeCommand(False)]
Speaking [LangChangeCommand ('en_US'), 'No results']
Speaking [LangChangeCommand ('en_US'), 'alert', CancellableSpeech (still valid)]
Speaking [LangChangeCommand ('en_US'), 'Got it', 'button', '1 of 2', CancellableSpeech (still valid)]