Speaking [LangChangeCommand ('en_US'), 'UCT-NVDA-a1ad53496739 - Google Chrome for Testing', 'window', CancellableSpeech (still valid)]
Speaking [LangChangeCommand ('en_US'), 'UCT-NVDA-a1ad53496739', 'document', CancellableSpeech (still valid)]
Speaking [LangChangeCommand ('en_US'), 'main landmark', CancellableSpeech (still valid)]
Speaking [LangChangeCommand ('en_US'), 'Notes list tools', 'tool bar', CancellableSpeech (still valid)]
Speaking [LangChangeCommand ('en_US'), 'View', 'grouping', CancellableSpeech (still valid)]
Speaking [LangChangeCommand ('en_US'), 'UCT-NVDA-a1ad53496739 - Google Chrome for Testing', 'window', CancellableSpeech (still valid)]
Speaking [LangChangeCommand ('en_US'), 'UCT-NVDA-a1ad53496739', 'document', CancellableSpeech (still valid)]
Speaking [LangChangeCommand ('en_US'), 'main landmark', CancellableSpeech (still valid)]
Speaking [LangChangeCommand ('en_US'), 'Notes list tools', 'tool bar', CancellableSpeech (still valid)]
Speaking [LangChangeCommand ('en_US'), 'View', 'grouping', CancellableSpeech (still valid)]
Speaking [LangChangeCommand ('en_US'), 'List view', 'toggle button', 'pressed', CancellableSpeech (still valid)]
Speaking [LangChangeCommand ('en_US'), 'Notes', 'grouping', 'SR pass', 'now#srpass', 'button']
Speaking [LangChangeCommand ('en_US'), 'SR pass', 'heading', 'level 2']
Speaking [LangChangeCommand ('en_US'), 'Add to Favorites', 'toggle button', 'not pressed']
Speaking [LangChangeCommand ('en_US'), 'Ask a question about this note', 'button', 'collapsed']
Speaking [LangChangeCommand ('en_US'), 'Find in note', 'button', 'Find in this note']
Speaking [LangChangeCommand ('en_US'), 'Share', 'button', 'collapsed', 'opens dialog', 'Share a link to this note or publish it to the web']
Speaking [LangChangeCommand ('en_US'), 'Folder', 'combo box', 'Unfiled', 'collapsed', CancellableSpeech (still valid)]
Speaking [LangChangeCommand ('en_US'), 'Ticker', 'edit', CancellableSpeech (still valid), 'Ticker', CancellableSpeech (still valid), 'blank']
Speaking [LangChangeCommand ('en_US'), 'Writing help', 'button', 'Writing help — summarize, rewrite, continue or translate']
Speaking [LangChangeCommand ('en_US'), 'Outline', 'button', 'collapsed', 'Outline — every heading in this note']
Speaking [LangChangeCommand ('en_US'), 'More note actions', 'button', 'collapsed']
Speaking [LangChangeCommand ('en_US'), 'Editor toolbar', 'tool bar', CancellableSpeech (still valid)]
Speaking [LangChangeCommand ('en_US'), 'Font family', 'combo box', 'Default', 'collapsed', 'Font', CancellableSpeech (still valid)]
Speaking [LangChangeCommand ('en_US'), 'Note title', 'edit', CancellableSpeech (still valid), 'selected SR pass']
Speaking [LangChangeCommand ('en_US'), 'Subtitle', 'edit', CancellableSpeech (still valid), 'Subtitle (optional)', CancellableSpeech (still valid), 'blank']
Speaking [LangChangeCommand ('en_US'), 'Tags', 'grouping', "This note's tags", 'list', 'with 1 item', 'Remove tag srpass', 'button']
Speaking [LangChangeCommand ('en_US'), 'Add a tag to this note', 'combo box', 'collapsed', 'has auto complete', 'editable', CancellableSpeech (still valid), 'Add a tag', CancellableSpeech (still valid), 'blank']
Speaking [LangChangeCommand ('en_US'), 'Add property', 'button', 'collapsed']
Speaking [LangChangeCommand ('en_US'), 'Suggest values with Compass', 'button']
Speaking [LangChangeCommand ('en_US'), 'Table', 'tool bar', CancellableSpeech (still valid)]
Speaking [LangChangeCommand ('en_US'), 'Add a row above', 'button', CancellableSpeech (still valid)]
Speaking [LangChangeCommand ('en_US'), 'Add a row below', 'button', CancellableSpeech (still valid)]
Speaking [LangChangeCommand ('en_US'), 'Delete this row', 'button', CancellableSpeech (still valid)]
Speaking [LangChangeCommand ('en_US'), 'Add a column to the left', 'button', CancellableSpeech (still valid)]
Speaking [LangChangeCommand ('en_US'), 'Add a column to the right', 'button', CancellableSpeech (still valid)]
Speaking [LangChangeCommand ('en_US'), 'Delete this column', 'button', CancellableSpeech (still valid)]
Speaking [LangChangeCommand ('en_US'), 'Sort rows by this column, A to Z', 'button', 'Sort the rows by this column: A to Z, smallest number first (the header row stays on top)', CancellableSpeech (still valid)]
Speaking [LangChangeCommand ('en_US'), 'Sort rows by this column, Z to A', 'button', 'Sort the rows by this column: Z to A, largest number first (the header row stays on top)', CancellableSpeech (still valid)]
Speaking [LangChangeCommand ('en_US'), 'Make this column narrower', 'button', "Make this column narrower (or drag the column's edge)", CancellableSpeech (still valid)]
Speaking [LangChangeCommand ('en_US'), 'Make this column wider', 'button', "Make this column wider (or drag the column's edge)", CancellableSpeech (still valid)]
Speaking [LangChangeCommand ('en_US'), 'Header row', 'toggle button', 'pressed', 'Turn the header row off', CancellableSpeech (still valid)]
Speaking [LangChangeCommand ('en_US'), 'Delete table', 'button', 'Delete this table', CancellableSpeech (still valid)]
Speaking [LangChangeCommand ('en_US'), 'Note body', 'section', 'multi line', 'editable', CancellableSpeech (still valid), 'table', 'with 3 rows and 3 columns', 'row 3', 'Note', 'column 3', 'late']
Speaking [LangChangeCommand ('en_US'), 'UCT-NVDA-a1ad53496739', 'document', CancellableSpeech (still valid), 'blank']
Speaking [LangChangeCommand ('en_US'), 'Keyboard Shortcuts', 'dialog', CancellableSpeech (still valid)]
Speaking [LangChangeCommand ('en_US'), 'Close', 'button']
Speaking [LangChangeCommand ('en_US'), 'Keyboard Shortcuts', CancellableSpeech (still valid)]
Speaking [CallbackCommand(name=say-all:lineReached), LangChangeCommand ('en_US'), 'button', 'Close', CallbackCommand(name=say-all:lineReached)]
Speaking [LangChangeCommand ('en_US'), 'heading', 'level 3', 'NAVIGATION', CallbackCommand(name=say-all:lineReached)]
Speaking [LangChangeCommand ('en_US'), 'list', 'with 10 items', 'Capture the hovered chart to your Notebook inbox', 'Ctrl', '+', 'Alt', '+', 'J', CallbackCommand(name=say-all:lineReached)]
Speaking [LangChangeCommand ('en_US'), 'Go to Today', 'g', 'THEN', 'o', CallbackCommand(name=say-all:lineReached)]
Speaking [LangChangeCommand ('en_US'), 'Go to Open Positions', 'g', 'THEN', 'p', CallbackCommand(name=say-all:lineReached)]
Speaking [LangChangeCommand ('en_US'), 'Go to Closed Trades', 'g', 'THEN', 'j', CallbackCommand(name=say-all:lineReached)]
Speaking [LangChangeCommand ('en_US'), 'Go to Calendar', 'g', 'THEN', 'a', CallbackCommand(name=say-all:lineReached)]
Speaking [LangChangeCommand ('en_US'), 'Go to Notebook', 'g', 'THEN', 'n', CallbackCommand(name=say-all:lineReached)]
Speaking [LangChangeCommand ('en_US'), 'Go to Insights', 'g', 'THEN', 'y', CallbackCommand(name=say-all:lineReached)]
Speaking [LangChangeCommand ('en_US'), 'Go to Accounts', 'g', 'THEN', 't']