Speaking [LangChangeCommand ('en_US'), 'UCT-NVDA-0aa00ffc966d - Google Chrome for Testing', 'window', CancellableSpeech (still valid)]
Speaking [LangChangeCommand ('en_US'), 'UCT-NVDA-0aa00ffc966d', 'document', CancellableSpeech (still valid)]
Speaking [LangChangeCommand ('en_US'), 'main landmark', CancellableSpeech (still valid)]
Speaking [LangChangeCommand ('en_US'), 'complementary landmark', CancellableSpeech (still valid)]
Speaking [LangChangeCommand ('en_US'), 'Folders', 'tree view', CancellableSpeech (still valid)]
Speaking [LangChangeCommand ('en_US'), 'UCT-NVDA-0aa00ffc966d - Google Chrome for Testing', 'window', CancellableSpeech (still valid)]
Speaking [LangChangeCommand ('en_US'), 'UCT-NVDA-0aa00ffc966d', 'document', CancellableSpeech (still valid)]
Speaking [LangChangeCommand ('en_US'), 'main landmark', CancellableSpeech (still valid)]
Speaking [LangChangeCommand ('en_US'), 'complementary landmark', CancellableSpeech (still valid)]
Speaking [LangChangeCommand ('en_US'), 'Folders', 'tree view', CancellableSpeech (still valid)]
Speaking [LangChangeCommand ('en_US'), 'level 1', 'All notes, 2', '1 of 5', CancellableSpeech (still valid)]
Speaking [LangChangeCommand ('en_US'), 'Unfiled, 2', '2 of 5', 'level 1', CancellableSpeech (still valid)]
Speaking [LangChangeCommand ('en_US'), 'Archived, 0', '3 of 5', 'level 1', CancellableSpeech (still valid)]
Speaking [LangChangeCommand ('en_US'), 'Trash, 63', '4 of 5', 'level 1', CancellableSpeech (still valid)]
Speaking [LangChangeCommand ('en_US'), 'SR folder', 'collapsed', '5 of 5', 'level 1', CancellableSpeech (still valid)]
Speaking [LangChangeCommand ('en_US'), 'expanded']
Speaking [LangChangeCommand ('en_US'), 'selected']
Speaking [LangChangeCommand ('en_US'), 'Rename', '1 of 4', CancellableSpeech (still valid)]
Speaking [LangChangeCommand ('en_US'), 'Add subfolder', '2 of 4', CancellableSpeech (still valid)]
Speaking [LangChangeCommand ('en_US'), 'Delete', '3 of 4', CancellableSpeech (still valid)]
Speaking [LangChangeCommand ('en_US'), 'main landmark', CancellableSpeech (still valid)]
Speaking [LangChangeCommand ('en_US'), 'complementary landmark', CancellableSpeech (still valid)]
Speaking [LangChangeCommand ('en_US'), 'Folders', 'tree view', CancellableSpeech (still valid)]
Speaking [LangChangeCommand ('en_US'), 'SR folder', 'expanded', '5 of 5', 'level 1', CancellableSpeech (still valid)]
Speaking [LangChangeCommand ('en_US'), 'Notes list tools', 'tool bar', CancellableSpeech (still valid)]
Speaking [LangChangeCommand ('en_US'), 'View', 'grouping', CancellableSpeech (still valid)]
Speaking [LangChangeCommand ('en_US'), 'List view', 'toggle button', 'pressed', CancellableSpeech (still valid)]
Speaking [LangChangeCommand ('en_US'), 'Search templates', 'edit', 'has auto complete', 'Up and Down choose a template. Enter opens it.', CancellableSpeech (still valid), 'Search templates…', CancellableSpeech (still valid), 'blank']
Speaking [LangChangeCommand ('en_US'), 'Blank noteAn empty page — structure it your way.', 'button']
Speaking [LangChangeCommand ('en_US'), 'Filter templates by category', 'grouping', 'All', 'toggle button', 'pressed']
Speaking [LangChangeCommand ('en_US'), 'Daily & weekly rituals', 'toggle button', 'not pressed']
Speaking [LangChangeCommand ('en_US'), 'Thesis & research', 'toggle button', 'not pressed']
Speaking [LangChangeCommand ('en_US'), 'Around a trade', 'toggle button', 'not pressed']
Speaking [LangChangeCommand ('en_US'), 'Mindset', 'toggle button', 'not pressed']
Speaking [LangChangeCommand ('en_US'), 'Your templates', 'toggle button', 'not pressed']
Speaking [LangChangeCommand ('en_US'), 'Browse the community gallery', 'button']
Speaking [LangChangeCommand ('en_US'), 'Blank noteAn empty page — structure it your way.', 'button']
Speaking [LangChangeCommand ('en_US'), 'DAILY & WEEKLY RITUALS', 'grouping', 'Daily Game Plan', 'button', 'BEFORE THE OPEN Regime, levels, scenarios, and your risk budget for the day.']
Speaking [LangChangeCommand ('en_US'), 'Preview Daily Game Plan', 'button']
Speaking [LangChangeCommand ('en_US'), 'Post-Market Debrief', 'button', 'AFTER THE CLOSE Grade the day against the morning plan in five minutes.']
Speaking [LangChangeCommand ('en_US'), 'Preview Post-Market Debrief', 'button']
Speaking [LangChangeCommand ('en_US'), 'Weekly Plan', 'button', 'SUNDAY OR MONDAY PREMARKET Context, focus, A+ setups, and the risk plan for the week.']
Speaking [LangChangeCommand ('en_US'), 'Preview Weekly Plan', 'button']
Speaking [LangChangeCommand ('en_US'), 'Weekly Review', 'button', 'THE WEEKEND LOOK-BACK Patterns, leaks, and the ONE commitment for next week.']
Speaking [LangChangeCommand ('en_US'), 'Preview Weekly Review', 'button']
Speaking [LangChangeCommand ('en_US'), 'Monthly Review', 'button', 'THE FIRST WEEKEND AFTER THE MONTH CLOSES Zoom out from week-to-week — what actually moved the account this month.']
Speaking [LangChangeCommand ('en_US'), 'Preview Monthly Review', 'button']
Speaking [LangChangeCommand ('en_US'), 'Quarterly Review', 'button', 'END OF QUARTER The long view — equity curve, edge by setup, and whether the plan still fits.']
Speaking [LangChangeCommand ('en_US'), 'Preview Quarterly Review', 'button']
Speaking [LangChangeCommand ('en_US'), 'THESIS & RESEARCH', 'grouping', 'Long/Short Thesis', 'button', 'STARTING A NEW INVESTMENT THESIS Bull case, bear case, catalysts, risks, and what would prove you wrong.']
Speaking [LangChangeCommand ('en_US'), 'Preview Long/Short Thesis', 'button']
Speaking [LangChangeCommand ('en_US'), 'Sector / Theme Research', 'button', 'DIGGING INTO A SECTOR OR THEME Why the theme is moving, the names that lead it, and how to trade it.']
Speaking [LangChangeCommand ('en_US'), 'Preview Sector / Theme Research', 'button']
Speaking [LangChangeCommand ('en_US'), 'Sector Note', 'button', 'YOUR WEEKLY OR BIWEEKLY CHECK ON A GROUP Where a group stands, which names lead it, and where the money is moving.']
Speaking [LangChangeCommand ('en_US'), 'Preview Sector Note', 'button']
Speaking [LangChangeCommand ('en_US'), 'Watchlist Thesis', 'button', 'ADDING A NAME TO THE WATCHLIST Why it earned a spot on the list, and the trigger that promotes it to a trade.']
Speaking [LangChangeCommand ('en_US'), 'Preview Watchlist Thesis', 'button']
Speaking [LangChangeCommand ('en_US'), 'Catalyst Tracker', 'button', 'A KNOWN EVENT IS COMING FOR A NAME YOU FOLLOW The date, the expectation, and what a beat or miss does to the chart.']
Speaking [LangChangeCommand ('en_US'), 'Preview Catalyst Tracker', 'button']
Speaking [LangChangeCommand ('en_US'), 'Earnings Prep', 'button', 'THE DAYS BEFORE A COMPANY REPORTS The expectations, the reaction history, and what to listen for, before the report.']
Speaking [LangChangeCommand ('en_US'), 'Preview Earnings Prep', 'button']
Speaking [LangChangeCommand ('en_US'), 'IPO / New Issue Notes', 'button', 'A NEW LISTING HITS THE TAPE The business, the float, and whether it belongs on a fresh-issue watchlist.']
Speaking [LangChangeCommand ('en_US'), 'Preview IPO / New Issue Notes', 'button']
Speaking [LangChangeCommand ('en_US'), 'Meeting / Webinar Notes', 'button', 'DURING OR RIGHT AFTER A CALL, WEBINAR, OR EARNINGS PRESENTATION Capture it while it is fresh — the claims, the tone, and the one thing that mattered.']
Speaking [LangChangeCommand ('en_US'), 'Preview Meeting / Webinar Notes', 'button']
Speaking [LangChangeCommand ('en_US'), 'AROUND A TRADE', 'grouping', 'Trade Post-Mortem', 'button', 'AFTER A TRADE CLOSES Setup, execution, and the lesson — while it’s fresh.']
Speaking [LangChangeCommand ('en_US'), 'Preview Trade Post-Mortem', 'button']
Speaking [LangChangeCommand ('en_US'), 'Swing Position Log', 'button', 'WHILE A POSITION IS OPEN A dated block per day the position is alive — thesis, stop, action.']
Speaking [LangChangeCommand ('en_US'), 'New notification from Discord, \u20681Chartmaster\u2069 (\u2068#🎣丨1chartmaster\u2069, \u2068TRADERS\u2069), Flying today ✈️ representing with my new shirt on... 1 of 1', 'window', CancellableSpeech (still valid)]