Speaking [LangChangeCommand ('en_US'), 'UCT-NVDA-38173fe4d898 - Google Chrome for Testing', 'window', CancellableSpeech (still valid)]
Speaking [LangChangeCommand ('en_US'), 'UCT-NVDA-38173fe4d898', 'document', CancellableSpeech (still valid)]
Speaking [LangChangeCommand ('en_US'), 'main landmark', CancellableSpeech (still valid)]
Speaking [LangChangeCommand ('en_US'), 'Notes list tools', 'tool bar', CancellableSpeech (still valid)]
Speaking [LangChangeCommand ('en_US'), 'View', 'grouping', CancellableSpeech (still valid)]
Speaking [LangChangeCommand ('en_US'), 'UCT-NVDA-38173fe4d898 - Google Chrome for Testing', 'window', CancellableSpeech (still valid)]
Speaking [LangChangeCommand ('en_US'), 'UCT-NVDA-38173fe4d898', 'document', CancellableSpeech (still valid)]
Speaking [LangChangeCommand ('en_US'), 'main landmark', CancellableSpeech (still valid)]
Speaking [LangChangeCommand ('en_US'), 'Notes list tools', 'tool bar', CancellableSpeech (still valid)]
Speaking [LangChangeCommand ('en_US'), 'View', 'grouping', CancellableSpeech (still valid)]
Speaking [LangChangeCommand ('en_US'), 'List view', 'toggle button', 'pressed', CancellableSpeech (still valid)]
Speaking [LangChangeCommand ('en_US'), 'Notes', 'grouping', 'SR pass', 'now#srpass', 'button']
Speaking [LangChangeCommand ('en_US'), 'SR pass', 'heading', 'level 2']
Speaking [LangChangeCommand ('en_US'), 'Ask a question about this note', 'button', 'collapsed']
Speaking [LangChangeCommand ('en_US'), 'expanded']
Speaking [LangChangeCommand ('en_US'), 'Ask This note', 'dialog', CancellableSpeech (still valid)]
Speaking [LangChangeCommand ('en_US'), 'Ask This note', 'dialog', CancellableSpeech (still valid)]
Speaking [LangChangeCommand ('en_US'), 'Your question about This note', 'edit', CancellableSpeech (still valid), 'What did I say about…', CancellableSpeech (still valid), 'blank']
Speaking [PitchCommand(offset=30), CharacterModeCommand(True), LangChangeCommand ('en_US'), 'W', PitchCommand(), EndUtteranceCommand(), CharacterModeCommand(False)]
Speaking [CharacterModeCommand(True), LangChangeCommand ('en_US'), 'h', EndUtteranceCommand(), CharacterModeCommand(False)]
Speaking [CharacterModeCommand(True), LangChangeCommand ('en_US'), 'a', EndUtteranceCommand(), CharacterModeCommand(False)]
Speaking [CharacterModeCommand(True), LangChangeCommand ('en_US'), 't', EndUtteranceCommand(), CharacterModeCommand(False)]
Speaking [LangChangeCommand ('en_US'), 'space', EndUtteranceCommand()]
Speaking [CharacterModeCommand(True), LangChangeCommand ('en_US'), 'i', EndUtteranceCommand(), CharacterModeCommand(False)]
Speaking [CharacterModeCommand(True), LangChangeCommand ('en_US'), 's', EndUtteranceCommand(), CharacterModeCommand(False)]
Speaking [LangChangeCommand ('en_US'), 'space', EndUtteranceCommand()]
Speaking [CharacterModeCommand(True), LangChangeCommand ('en_US'), 't', EndUtteranceCommand(), CharacterModeCommand(False)]
Speaking [CharacterModeCommand(True), LangChangeCommand ('en_US'), 'h', EndUtteranceCommand(), CharacterModeCommand(False)]
Speaking [CharacterModeCommand(True), LangChangeCommand ('en_US'), 'e', EndUtteranceCommand(), CharacterModeCommand(False)]
Speaking [LangChangeCommand ('en_US'), 'space', EndUtteranceCommand()]
Speaking [CharacterModeCommand(True), LangChangeCommand ('en_US'), 'd', EndUtteranceCommand(), CharacterModeCommand(False)]
Speaking [CharacterModeCommand(True), LangChangeCommand ('en_US'), 'i', EndUtteranceCommand(), CharacterModeCommand(False)]
Speaking [CharacterModeCommand(True), LangChangeCommand ('en_US'), 'v', EndUtteranceCommand(), CharacterModeCommand(False)]
Speaking [CharacterModeCommand(True), LangChangeCommand ('en_US'), 'i', EndUtteranceCommand(), CharacterModeCommand(False)]
Speaking [CharacterModeCommand(True), LangChangeCommand ('en_US'), 'd', EndUtteranceCommand(), CharacterModeCommand(False)]
Speaking [CharacterModeCommand(True), LangChangeCommand ('en_US'), 'e', EndUtteranceCommand(), CharacterModeCommand(False)]
Speaking [CharacterModeCommand(True), LangChangeCommand ('en_US'), 'n', EndUtteranceCommand(), CharacterModeCommand(False)]
Speaking [CharacterModeCommand(True), LangChangeCommand ('en_US'), 'd', EndUtteranceCommand(), CharacterModeCommand(False)]
Speaking [LangChangeCommand ('en_US'), 'question', EndUtteranceCommand()]
Speaking [LangChangeCommand ('en_US'), 'button', 'expanded', 'Ask a question about this note']
Speaking [LangChangeCommand ('en_US'), "I couldn't find that in this note."]
Speaking [LangChangeCommand ('en_US'), "I couldn't find that in this note. "]
Speaking [LangChangeCommand ('en_US'), 'Close Ask', 'button']
Speaking [LangChangeCommand ('en_US'), 'button', 'collapsed', 'Ask a question about this note']
Speaking [LangChangeCommand ('en_US'), 'Ask a question about this note', 'button', 'collapsed']