Speaking [LangChangeCommand ('en_US'), 'blank']
Speaking [LangChangeCommand ('en_US'), 'blank']
Speaking [LangChangeCommand ('en_US'), 'blank']
Speaking [LangChangeCommand ('en_US'), 'INTC\r\n Intel Corp\r\nTechnology Sector(S)\r\nSemiconductors\r\n']
Speaking [LangChangeCommand ('en_US'), 'INTC\r\n Intel Corp\r\nTechnology Sector(S)\r\nSemiconductors\r\n']
Speaking [LangChangeCommand ('en_US'), 'blank']
Speaking [LangChangeCommand ('en_US'), 'STX\r\n Seagate Technology Holdings PLC\r\nTechnology Sector(S)\r\nComputer Systems\r\n']
Speaking [LangChangeCommand ('en_US'), 'blank']
Speaking [LangChangeCommand ('en_US'), 'blank']
Speaking [LangChangeCommand ('en_US'), 'blank']
Speaking [LangChangeCommand ('en_US'), 'blank']
Speaking [LangChangeCommand ('en_US'), 'blank']
Speaking [LangChangeCommand ('en_US'), 'blank']
Speaking [LangChangeCommand ('en_US'), 'blank']
Speaking [LangChangeCommand ('en_US'), 'blank']
Speaking [LangChangeCommand ('en_US'), 'blank']
Speaking [LangChangeCommand ('en_US'), 'blank']
Speaking [LangChangeCommand ('en_US'), 'blank']
Speaking [LangChangeCommand ('en_US'), 'blank']
Speaking [LangChangeCommand ('en_US'), 'blank']
Speaking [LangChangeCommand ('en_US'), 'blank']
Speaking [LangChangeCommand ('en_US'), 'RBRK\r\n Rubrik Inc\r\nTechnology Sector(S)\r\nSoftware - Infrastructure\r\n']
Speaking [LangChangeCommand ('en_US'), 'TC2000 ® Version 25.0.9571.21449']
Speaking [LangChangeCommand ('en_US'), 'Desktop']
Speaking [LangChangeCommand ('en_US'), 'TC2000 ® Version 25.0.9571.21449']
Speaking [LangChangeCommand ('en_US'), 'Desktop']
Speaking [LangChangeCommand ('en_US'), 'Terminal - 2 running windows and 1 group']
Speaking [LangChangeCommand ('en_US'), 'File Explorer - 1 running window']
Speaking [LangChangeCommand ('en_US'), 'UCT-NVDA-00ac7c9e7867 - Google Chrome for Testing', 'window', CancellableSpeech (still valid)]
Speaking [LangChangeCommand ('en_US'), 'UCT-NVDA-00ac7c9e7867', 'document', CancellableSpeech (still valid)]
Speaking [LangChangeCommand ('en_US'), 'clickable', 'main landmark', 'Meet Compass', 'Tap the compass buttonto talk to your trading coach — markets, setups, and your journal, all by voice.', 'Got it', 'button', 'Trade Journal', 'heading', 'level 1', 'Journal sections', 'navigation landmark', 'Today', 'link', 'Trades', 'link', 'Calendar', 'link', 'Notebook', 'link', 'current page', 'Insights', 'link', 'Compass', 'link', 'Log Trade', 'menu button', 'collapsed', 'subMenu', 'Log a trade', 'Show keyboard shortcuts', 'button', 'Keyboard shortcuts (Shift + ?)', 'Default $100,000.00', 'menu button', 'collapsed', 'opens list', 'Generate report', 'button', 'Generate Report (Ctrl/⌘+P after)', 'Open Portfolio Settings', 'button', 'Settings (current account)', 'More', 'menu button', 'collapsed', 'subMenu', 'More — Community, Accounts', 'Notebook', 'complementary landmark', 'Folder navigation', 'heading', 'level 2', 'Hide folders panel', 'button', 'Hide panel', 'Show folders', 'tab', 'selected', 'Folders', 'Search notes', 'tab', 'Collapse Saved Views', 'button', 'expanded', 'SAVED VIEWS', 'SR view', 'button', 'Rename SR view', 'button', 'Rename view', 'Delete SR view', 'button', 'Delete view', 'Folders', 'tree view', 'level 1', 'All notes2', 'button', 'current', '+ New folder', 'button', 'TAGS', '#srpass1', 'button', 'Rename srpass', 'button', 'Rename tag', ' ', 'Resize folders panel', 'separator', 'All notes', 'heading', 'level 2', 'Notes list tools', 'tool bar', 'Sort notes', 'combo box', 'collapsed', 'Recently updated', 'View', 'grouping', 'List view', 'toggle button', 'pressed', 'Table view', 'toggle button', 'not pressed', 'Board view', 'toggle button', 'not pressed', 'Calendar view', 'toggle button', 'not pressed', 'Graph view', 'toggle button', 'not pressed', 'Timeline view', 'toggle button', 'not pressed', 'Tasks view', 'toggle button', 'not pressed', 'out of grouping', 'Save view', 'button', 'Save this view', 'Import', 'button', 'opens dialog', 'Export', 'button', 'opens dialog', 'Today', 'button', "Open today's daily note (Ctrl+Alt+D)", 'Control+Alt+D Meta+Alt+', CharacterModeCommand(True), 'D', CharacterModeCommand(False), 'Templates', 'button', 'opens dialog', '+ New note', 'button', 'out of tool bar', 'Notes', 'grouping', 'Select SR target note', 'check box', 'not checked', 'SR target note', 'now', 'button', 'Select SR pass', 'check box', 'not checked', 'SR pass', 'now#srpass', 'button', 'out of grouping', 'Showing 2 of 2 notes']
Speaking [LangChangeCommand ('en_US'), 'UCT-NVDA-00ac7c9e7867', CancellableSpeech (still valid)]
Speaking [CallbackCommand(name=say-all:lineReached)]
Speaking [LangChangeCommand ('en_US'), 'clickable', 'Meet Compass', CallbackCommand(name=say-all:lineReached)]
Speaking [LangChangeCommand ('en_US'), 'Tap the compass buttonto talk to your trading coach — markets, setups, and your journal, all by ', CallbackCommand(name=say-all:lineReached), 'voice.']
Speaking [LangChangeCommand ('en_US'), 'TC2000 - 6 STOCKS BEACH', 'window', CancellableSpeech (still valid)]
Speaking [LangChangeCommand ('en_US'), 'edit', CancellableSpeech (still valid), 'blank']
Speaking [LangChangeCommand ('en_US'), 'UCT-NVDA-00ac7c9e7867 - Google Chrome for Testing', 'window', CancellableSpeech (still valid)]
Speaking [LangChangeCommand ('en_US'), 'UCT-NVDA-00ac7c9e7867', 'document', CancellableSpeech (still valid)]
Speaking [LangChangeCommand ('en_US'), 'clickable', 'Meet Compass']
Speaking [LangChangeCommand ('en_US'), 'complementary landmark', CancellableSpeech (still valid)]
Speaking [LangChangeCommand ('en_US'), 'Folders', 'tree view', CancellableSpeech (still valid)]
Speaking [LangChangeCommand ('en_US'), 'level 1', 'All notes, 2', '1 of 5', CancellableSpeech (still valid)]
Speaking [LangChangeCommand ('en_US'), 'TC2000 - 6 STOCKS BEACH', 'window', CancellableSpeech (still valid)]
Speaking [LangChangeCommand ('en_US'), 'edit', CancellableSpeech (still valid), 'blank']
Speaking [LangChangeCommand ('en_US'), 'Google Chrome pinned']
Speaking [LangChangeCommand ('en_US'), 'Terminal - 2 running windows and 1 group']
Speaking [LangChangeCommand ('en_US'), 'TC2000 - 6 STOCKS BEACH', 'window', CancellableSpeech (still valid)]
Speaking [LangChangeCommand ('en_US'), 'edit', CancellableSpeech (still valid), 'blank']
Speaking [LangChangeCommand ('en_US'), '12/1/2026']
Speaking [LangChangeCommand ('en_US'), 'TC2000 ® Version 25.0.9571.21449', 'window', CancellableSpeech (still valid)]
Speaking [LangChangeCommand ('en_US'), 'edit', CancellableSpeech (still valid), 'blank']
Speaking [LangChangeCommand ('en_US'), 'blank']
Speaking [LangChangeCommand ('en_US'), 'blank']