{
  "id": "M3-missing-bars-become-zero",
  "rail": "missing bars are labelled, never a number",
  "path": "api/services/journal_two/passed_setups.py",
  "control_exit": 0,
  "mutant_exit": 1,
  "killed": true,
  "restored_matches_git": true,
  "restored_matches_capture": true,
  "at": "2026-10-02T21:44:11"
}

--- CONTROL (unmutated) ---
.                                                                        [100%]
1 passed in 8.47s
C:\Users\Patrick\AppData\Roaming\Python\Python314\site-packages\pytest_asyncio\plugin.py:208: PytestDeprecationWarning: The configuration option "asyncio_default_fixture_loop_scope" is unset.
The event loop scope for asynchronous fixtures will default to the fixture caching scope. Future versions of pytest-asyncio will default the loop scope for asynchronous fixtures to function scope. Set the default fixture loop scope explicitly in order to avoid unexpected behavior in the future. Valid fixture loop scopes are: "function", "class", "module", "package", "session"

  warnings.warn(PytestDeprecationWarning(_DEFAULT_FIXTURE_LOOP_SCOPE_UNSET))


--- MUTANT ---
F                                                                        [100%]
================================== FAILURES ===================================
___ test_a_gap_in_the_store_is_missing_and_a_session_not_yet_had_is_pending ___

db_path = 'C:\\Users\\Patrick\\AppData\\Local\\Temp\\tmp0j750_c8.db'
bars = <function bars.<locals>.put at 0x000001B5B23E54E0>

    def test_a_gap_in_the_store_is_missing_and_a_session_not_yet_had_is_pending(db_path, bars):
        bars("SPY", _rising(n=7))                            # the market has had 7 sessions
        bars("NVDA", _rising(n=3))                           # the store holds 3 of NVDA's
        item = _manual(A, "NVDA", BASE_DAY, NOW)["item"]
        lab = _labels(item)
        assert lab["r1"] == (1.0, None)
>       assert lab["r5"] == (None, "missing")               # SPY had 5 sessions; NVDA's bars are not stored
E       AssertionError: assert (0.0, None) == (None, 'missing')
E         
E         At index 0 diff: 0.0 != None
E         Use -v to get more diff

tests\test_notebook_passed_setups.py:250: AssertionError
---------------------------- Captured stdout setup ----------------------------
[notebook-migration] migrated=0 skipped=0 errored=0
[auth] Migrated: added email_verified column to users
[auth] Migrated: added last_login_at column to users
[auth] Migrated: added referral_code column to users
[auth] Migrated: added full_name column to users
[auth] Migrated: added toolkit column to users
[auth] Migrated: added user_agent column to sessions
[auth] Migrated: added ip_address column to sessions
[auth] Migrated: added last_seen_at column to sessions
[auth] Database ready at C:\Users\Patrick\AppData\Local\Temp\tmp0j750_c8.db
[sqlite-migration] Applied purge_tf60_2f42e55: deleted 0 rows
[sqlite-migration] Applied purge_tf60_3cbe1cf_src_cap: deleted 0 rows
[sqlite-migration] Applied purge_intraday_pagination_v1: deleted 0 rows
=========================== short test summary info ===========================
FAILED tests/test_notebook_passed_setups.py::test_a_gap_in_the_store_is_missing_and_a_session_not_yet_had_is_pending
1 failed in 10.72s
C:\Users\Patrick\AppData\Roaming\Python\Python314\site-packages\pytest_asyncio\plugin.py:208: PytestDeprecationWarning: The configuration option "asyncio_default_fixture_loop_scope" is unset.
The event loop scope for asynchronous fixtures will default to the fixture caching scope. Future versions of pytest-asyncio will default the loop scope for asynchronous fixtures to function scope. Set the default fixture loop scope explicitly in order to avoid unexpected behavior in the future. Valid fixture loop scopes are: "function", "class", "module", "package", "session"

  warnings.warn(PytestDeprecationWarning(_DEFAULT_FIXTURE_LOOP_SCOPE_UNSET))
