M1 drop #201 from CHAIN: rc 1 | 4 failed, 10 passed in 71.37s (0:01:11) | red: ['test_the_chain_names_every_notebook_landing_up_to_MEASURED_AT_and_both_criteria_agree', 'test_a_later_commit_on_a_recorded_conflicts_lines_stops_the_chain', 'test_rebuilding_from_MEASURED_AT_reproduces_the_rehearsed_trees', 'test_the_runbooks_chain_table_is_the_tools_chain']
M2 tools/ no longer kept: rc 1 | 1 failed, 13 passed in 82.60s (0:01:22) | red: ['test_rebuilding_from_MEASURED_AT_reproduces_the_rehearsed_trees']
M3 tables and rails not restored: rc 1 | 1 failed, 13 passed in 73.78s (0:01:13) | red: ['test_rebuilding_from_MEASURED_AT_reproduces_the_rehearsed_trees']
M11 rails not kept (round-1 behaviour): rc 1 | 1 failed, 13 passed in 94.47s (0:01:34) | red: ['test_rebuilding_from_MEASURED_AT_reproduces_the_rehearsed_trees']
M4 census blind to wave 9C: rc 1 | 1 failed, 13 passed in 133.80s (0:02:13) | red: ['test_the_chain_names_every_notebook_landing_up_to_MEASURED_AT_and_both_criteria_agree']
M5 wave8 and 9C swapped in CHAIN: rc 1 | 6 failed, 8 passed in 242.29s (0:04:02) | red: ['test_the_chain_names_every_notebook_landing_up_to_MEASURED_AT_and_both_criteria_agree', 'test_a_later_commit_on_a_recorded_conflicts_lines_stops_the_chain', 'test_the_chain_is_newest_first_one_parent_squashes', 'test_rebuilding_from_MEASURED_AT_reproduces_the_rehearsed_trees', 'test_an_unrecorded_conflict_stops_the_chain', 'test_the_runbooks_chain_table_is_the_tools_chain']
M6 stale procedure: measured at #225, L1c left out: rc 1 | 7 failed, 7 passed in 73.21s (0:01:13) | red: ['test_no_notebook_landing_after_MEASURED_AT_is_left_out', 'test_the_tool_refuses_a_base_that_does_not_contain_MEASURED_AT', 'test_a_non_notebook_commit_on_top_runs_and_warns', 'test_a_later_commit_on_a_recorded_conflicts_lines_stops_the_chain', 'test_rebuilding_from_MEASURED_AT_reproduces_the_rehearsed_trees', 'test_an_unrecorded_conflict_stops_the_chain', 'test_the_runbooks_chain_table_is_the_tools_chain']
M7 wave-8 main.py ours_drop keeps one wave-8 router line: rc 1 | 1 failed, 13 passed in 147.01s (0:02:27) | red: ['test_rebuilding_from_MEASURED_AT_reproduces_the_rehearsed_trees']
M8 doc chain table rows swapped: rc 1 | 1 failed, 13 passed in 186.22s (0:03:06) | red: ['test_the_runbooks_chain_table_is_the_tools_chain']
M9 doc drops the kept mark on #203: rc 1 | 1 failed, 13 passed in 154.22s (0:02:34) | red: ['test_the_runbooks_chain_table_is_the_tools_chain']
M10 tool keeps #204 only: rc 1 | 2 failed, 12 passed in 79.81s (0:01:19) | red: ['test_rebuilding_from_MEASURED_AT_reproduces_the_rehearsed_trees', 'test_the_runbooks_chain_table_is_the_tools_chain']
M12 (I1) pins not enforced: rc 1 | 1 failed, 13 passed in 88.80s (0:01:28) | red: ['test_a_later_commit_on_a_recorded_conflicts_lines_stops_the_chain']
M13 (I2a) ancestry refusal disabled: rc 1 | 1 failed, 13 passed in 71.64s (0:01:11) | red: ['test_the_tool_refuses_a_base_that_does_not_contain_MEASURED_AT']
M14 (I2b) uncharted landings ignored: rc 1 | 2 failed, 12 passed in 147.83s (0:02:27) | red: ['test_the_tool_refuses_an_uncharted_landing_selected_by_subject_and_path', 'test_the_tool_refuses_a_landing_the_subject_criterion_misses']
M15 (M6) path criterion removed: rc 1 | 3 failed, 11 passed in 126.26s (0:02:06) | red: ['test_the_chain_names_every_notebook_landing_up_to_MEASURED_AT_and_both_criteria_agree', 'test_the_tool_refuses_an_uncharted_landing_selected_by_subject_and_path', 'test_the_tool_refuses_a_landing_the_subject_criterion_misses']
M16 (M4) kept-key refusal removed: rc 1 | 1 failed, 13 passed in 71.81s (0:01:11) | red: ['test_through_a_kept_hotfix_is_refused_not_skipped']
M17 (I3) doc recommends picking 82c56dd63 in step 2: rc 1 | 1 failed, 13 passed in 69.81s (0:01:09) | red: ['test_the_runbook_never_recommends_re_applying_82c56dd63_below_wave5']
M18 (I3) doc loses the NEVER sentence: rc 1 | 1 failed, 13 passed in 68.36s (0:01:08) | red: ['test_the_runbook_never_recommends_re_applying_82c56dd63_below_wave5']
M19 (I3) doc keep-list says re-apply it: rc 1 | 1 failed, 13 passed in 69.06s (0:01:09) | red: ['test_the_runbook_never_recommends_re_applying_82c56dd63_below_wave5']
restored: {'notebook_rollback_chain.py': '69d711c13139', 'test_notebook_rollback_chain.py': '8d37414fdc52', 'wave5-rollback.md': '855e2041e083'}
all red: True (19/19)
