sandbox identity: PROVEN -- http://127.0.0.1:8213 proved it is the sandbox that writes C:\Users\Patrick\uct-worktrees\notebook-w10s2\docs\plans\joystick\sandbox-runs\2026-09-26T18-06-46.md (identity 0742a7981bd1..., data dir C:\data-w10c)
  PASS         t12-shape #0: 409s=1 unsettled=0 forks=0 save_failed_seen=False 
  PASS         t12-shape #1: 409s=1 unsettled=0 forks=0 save_failed_seen=False 
  PASS         t12-shape #2: 409s=1 unsettled=0 forks=0 save_failed_seen=False 
  PASS         tag-mid-typing #0: 409s=1 unsettled=0 forks=0 save_failed_seen=False 
  PASS         tag-mid-typing #1: 409s=1 unsettled=0 forks=0 save_failed_seen=False 
  PASS         tag-mid-typing #2: 409s=1 unsettled=0 forks=0 save_failed_seen=False 
Traceback (most recent call last):
  File "C:\Users\Patrick\uct-worktrees\notebook-w10s2\tools\notebook_burst_probe.py", line 267, in <module>
    raise SystemExit(main())
                     ~~~~^^
  File "C:\Users\Patrick\uct-worktrees\notebook-w10s2\tools\notebook_burst_probe.py", line 247, in main
    r = run_scenario(t12, page, run, base, name, SCENARIOS[name], i)
  File "C:\Users\Patrick\uct-worktrees\notebook-w10s2\tools\notebook_burst_probe.py", line 176, in run_scenario
    if _add_tag(page, arg):
       ~~~~~~~~^^^^^^^^^^^
  File "C:\Users\Patrick\uct-worktrees\notebook-w10s2\tools\notebook_burst_probe.py", line 147, in _add_tag
    box.click()
    ~~~~~~~~~^^
  File "C:\Users\Patrick\AppData\Roaming\Python\Python314\site-packages\playwright\sync_api\_generated.py", line 2167, in click
    self._sync(
    ~~~~~~~~~~^
        self._impl_obj.click(
        ^^^^^^^^^^^^^^^^^^^^^
    ...<10 lines>...
        )
        ^
    )
    ^
  File "C:\Users\Patrick\AppData\Roaming\Python\Python314\site-packages\playwright\_impl\_sync_base.py", line 115, in _sync
    return task.result()
           ~~~~~~~~~~~^^
  File "C:\Users\Patrick\AppData\Roaming\Python\Python314\site-packages\playwright\_impl\_element_handle.py", line 143, in click
    await self._channel.send(
        "click", self._frame._timeout, locals_to_params(locals())
    )
  File "C:\Users\Patrick\AppData\Roaming\Python\Python314\site-packages\playwright\_impl\_connection.py", line 69, in send
    return await self._connection.wrap_api_call(
           ^^^^^^^^^^^^^^^^^^^^^^^^^^^^^^^^^^^^^
    ...<3 lines>...
    )
    ^
  File "C:\Users\Patrick\AppData\Roaming\Python\Python314\site-packages\playwright\_impl\_connection.py", line 559, in wrap_api_call
    raise rewrite_error(error, f"{parsed_st['apiName']}: {error}") from None
playwright._impl._errors.TimeoutError: ElementHandle.click: Timeout 30000ms exceeded.
Call log:
  - attempting click action
    2 × waiting for element to be visible, enabled and stable
      - element is visible, enabled and stable
      - scrolling into view if needed
      - done scrolling
      - <span role="status">…</span> from <div role="toolbar" data-export-exclude="true" aria-label="Editor toolbar" class="_toolbarRow_159g4_61">…</div> subtree intercepts pointer events
    - retrying click action
    - waiting 20ms
    2 × waiting for element to be visible, enabled and stable
      - element is visible, enabled and stable
      - scrolling into view if needed
      - done scrolling
      - <span role="status">…</span> from <div role="toolbar" data-export-exclude="true" aria-label="Editor toolbar" class="_toolbarRow_159g4_61">…</div> subtree intercepts pointer events
    - retrying click action
