PASS         B01_slash_menu ['G-143', 'G-129', 'G-130', 'G-132', 'G-134', 'G-136', 'G-139', 'G-142', 'G-162', 'G-165']
PASS         B02_code_math_callout ['G-129', 'G-130', 'G-132', 'G-030']
PASS         B03_table_toolbar ['G-134']
PASS         B04_drag_outline_stats ['G-135', 'G-136', 'G-137']
PASS         B05_typing_features ['G-131', 'G-138', 'G-139', 'G-140', 'G-142']
PASS         B06_link_paste ['G-141']
PASS         B07_touch_no_undo ['G-144', 'G-159', 'G-162']
PASS         B08_quick_switcher ['G-145', 'G-031', 'G-102']
PASS         B09_list_views_bulk ['G-146', 'G-021', 'G-149', 'G-154', 'G-022', 'G-147']
PASS         B10_unlinked_mentions ['G-148']
PASS         B11_organise ['G-150', 'G-151', 'G-155', 'G-156']
PASS         B12_split_view ['G-152']
PASS         B13_share_publish_export ['G-080', 'G-167', 'G-169']
PASS         B14_onboarding_help ['G-171', 'G-172']
PASS         B15_writing_help ['G-165']
PASS         B16_offline_open_tab ['G-082', 'G-083']
PASS         B17_older_rows ['G-002', 'G-033', 'G-036', 'G-101', 'G-110', 'G-075']
PASS         B20_more_older_rows ['G-023', 'G-024', 'G-013', 'G-014', 'G-032', 'G-103', 'G-105']
PASS         B18_dark_doors_answer_404 ['G-085', 'G-044', 'G-161', 'G-160']
PASS         B19_axe_editor_and_list ['G-168']
SUMMARY {'PASS': 20} pageerrors 0 errors []
