[PASS] mixed-content note build -- 14967 doc positions, 14683 chars of text
[PASS] find-in-note (#1) -- active match rect top=514 bottom=534 (viewport 0-800) -- in view
[PASS] TOC jump (#2) -- 'Bravo Heading TOC-B' rect top=204 after jump -- in view
[PASS] select-all (#3) -- selection length=198810; first paragraph present=True; end marker 'ty3chk-2000-END-2000' present=True
[PASS] caret after fast scroll (#4) -- clicked the on-screen paragraph 'ty3chk-2000 paragraph 1001: price reclai'...; after typing, landed in that exact paragraph
[PASS] no scroll jump while typing at the end (#5a) -- scrollTop before=81718 after=81718; scrollHeight before=82278 after=82278; stayed pinned to the tail
[PASS] no scrollbar jitter scrolling top-to-bottom (#5b) -- scrollHeight samples while paging down: [82278, 82278, 82278, 82278, 82278]; spread=0.000 (want < 0.15 of total)
[PASS] window.find() off-screen (#6) -- window.find('paragraph 1500: price reclaimed') returned True; selection now reads: 'paragraph 1500: price reclaimed'
[PASS] mixed block: table (#7) -- 3 rows, 9 cells (want 3 rows, 9 cells)
[PASS] mixed block: code block (#7) -- text: 'function mixedCheck() { return 42 }'
[PASS] mixed block: image (#7) -- naturalWidth=1 (want 1, the fixture's 1x1 pixel)
[PASS] mixed block: task list (#7) -- checkbox present
[PASS] print CSS forces visible (#8a) -- content-visibility before: 'auto'; with body.uct-print-note under emulated print media: 'visible'
[PASS] export CSS forces visible (#8b) -- content-visibility with body.uct-exporting-note: 'visible'
[SKIP] PNG export, real door (#8c) -- downloaded perf ty3chk 2000.png, 54 bytes -- the PRE-EXISTING canvas-size limit for a note this tall (confirmed on the base build too), not a defect in this lever; see #8a/#8b for the lever's own correctness proof
[PASS] page errors -- none
SANDBOX INTEGRITY: CLEAN -- pre-boot (baseline) CLEAN, post-boot (+15s) CLEAN, shutdown CLEAN; 62 db files hashed; post-prewarm (+120s) not reached: the run ended before it (--hold-past-prewarm waits for it); stop: graceful to the shutdown checkpoint, then forced exit; log: C:\Users\Patrick\uct-worktrees\notebook-w10-ty3\docs\plans\joystick\sandbox-runs\2026-10-01T10-25-21.md

== SUMMARY ==
  PASS  mixed-content note build
  PASS  find-in-note (#1)
  PASS  TOC jump (#2)
  PASS  select-all (#3)
  PASS  caret after fast scroll (#4)
  PASS  no scroll jump while typing at the end (#5a)
  PASS  no scrollbar jitter scrolling top-to-bottom (#5b)
  PASS  window.find() off-screen (#6)
  PASS  mixed block: table (#7)
  PASS  mixed block: code block (#7)
  PASS  mixed block: image (#7)
  PASS  mixed block: task list (#7)
  PASS  print CSS forces visible (#8a)
  PASS  export CSS forces visible (#8b)
  SKIP  PNG export, real door (#8c)
  PASS  page errors

Command: python tools/notebook_ty3_contentvis_check.py --boot --data-dir <scratchpad>/ty3-check-final2 --port 8221
Box: QUIET at session start; this run's own load was not independently re-checked (the check
script does not call gate_box_lock.py) -- these are CORRECTNESS checks (pass/fail), not timing,
so box load does not affect their validity. Pre-requisite investigation (not part of this run,
recorded in the README): the PNG export's pre-existing canvas-size limit was independently
confirmed on the BASE build (f314076f7, no content-visibility at all) via the same click path,
producing the identical 54-byte result.
