
=== WINDOW OPEN 16:03:22 · 6 staged ===
   ▶ p2-2.8b-settle-first: python tools/q1_f5_matrix.py --second-writer --second-writer-door folder --ordering settle-first --profile C:\Users\Patrick\uct-worktrees\notebook-primary-platform\.worktrees\canary-chrome-profile-persistent --out docs/notebook/wave-q1-f5-production-matrix.md
   💾 evidence: docs/notebook/evidence/20260918T160322-p2-2.8b-settle-first (9560B raw)
   ⇒ p2-2.8b-settle-first: INCONCLUSIVE (attempt 1, requeued) in 436.6s
   ▶ p2-2.8b-settle-first: python tools/q1_f5_matrix.py --second-writer --second-writer-door folder --ordering settle-first --profile C:\Users\Patrick\uct-worktrees\notebook-primary-platform\.worktrees\canary-chrome-profile-persistent --out docs/notebook/wave-q1-f5-production-matrix.md
   💾 evidence: docs/notebook/evidence/20260918T161040-p2-2.8b-settle-first (10427B raw)
   ⇒ p2-2.8b-settle-first: INCONCLUSIVE (attempt 2, requeued) in 392.2s
   ▶ p2-2.8b-settle-first: python tools/q1_f5_matrix.py --second-writer --second-writer-door folder --ordering settle-first --profile C:\Users\Patrick\uct-worktrees\notebook-primary-platform\.worktrees\canary-chrome-profile-persistent --out docs/notebook/wave-q1-f5-production-matrix.md
   💾 evidence: docs/notebook/evidence/20260918T161713-p2-2.8b-settle-first (11358B raw)
   ⇒ p2-2.8b-settle-first: ok in 428.7s
   ▶ p2-2.8b-drain-first: python tools/q1_f5_matrix.py --second-writer --second-writer-door folder --ordering drain-first (the editor could NOT report local state) --profile C:\Users\Patrick\uct-worktrees\notebook-primary-platform\.worktrees\canary-chrome-profile-persistent --out docs/notebook/wave-q1-f5-production-matrix.md
   💾 evidence: docs/notebook/evidence/20260918T162424-p2-2.8b-drain-first (15322B raw)
   ⇒ p2-2.8b-drain-first: INCONCLUSIVE (attempt 1, requeued) in 622.4s
   ▶ p2-2.8b-drain-first: python tools/q1_f5_matrix.py --second-writer --second-writer-door folder --ordering drain-first (the editor could NOT report local state) --profile C:\Users\Patrick\uct-worktrees\notebook-primary-platform\.worktrees\canary-chrome-profile-persistent --out docs/notebook/wave-q1-f5-production-matrix.md
   💾 evidence: docs/notebook/evidence/20260918T163447-p2-2.8b-drain-first (16978B raw)
   ⇒ p2-2.8b-drain-first: INCONCLUSIVE (attempt 2, requeued) in 640.1s
   ▶ p2-2.8b-drain-first: python tools/q1_f5_matrix.py --second-writer --second-writer-door folder --ordering drain-first (the editor could NOT report local state) --profile C:\Users\Patrick\uct-worktrees\notebook-primary-platform\.worktrees\canary-chrome-profile-persistent --out docs/notebook/wave-q1-f5-production-matrix.md
   💾 evidence: docs/notebook/evidence/20260918T164529-p2-2.8b-drain-first (19900B raw)
   ⇒ p2-2.8b-drain-first: ok in 672.7s
   ▶ p2-2.8b-marker-live: python tools/q1_f5_matrix.py --second-writer --second-writer-door folder --ordering marker LIVE --profile C:\Users\Patrick\uct-worktrees\notebook-primary-platform\.worktrees\canary-chrome-profile-persistent --out docs/notebook/wave-q1-f5-production-matrix.md
   💾 evidence: docs/notebook/evidence/20260918T165644-p2-2.8b-marker-live (16901B raw)
   ⇒ p2-2.8b-marker-live: INCONCLUSIVE (attempt 1, requeued) in 666.4s
=== WINDOW CLOSED · 7 executed ===
