[auth] Migrated: added email_verified column to users
[auth] Migrated: added last_login_at column to users
[auth] Migrated: added referral_code column to users
[auth] Migrated: added full_name column to users
[auth] Migrated: added toolkit column to users
[auth] Migrated: added user_agent column to sessions
[auth] Migrated: added ip_address column to sessions
[auth] Migrated: added last_seen_at column to sessions
[notebook-migration] migrated=0 skipped=0 errored=0
[auth] Database ready at C:\Users\Patrick\AppData\Local\Temp\uct_tests_authdb_fj_ropzb\auth.db

=== Seeding + measuring 1,000 notes (20 reps after 2 warmup) ===
  seed 0.4s  db 9.3 MB  active 954 trashed 22 archived 24
  op                                                         p50       p95       max
  list_notes (page 1, default sort)                        1.12ms     1.16ms     1.16ms
  count_notes (whole library)                              0.07ms     0.07ms     0.07ms
  GET /notes default (list+count)                          0.82ms     1.51ms     1.55ms
  list_notes (FTS, common term ~30%)                      14.55ms    15.53ms    15.85ms
  count_notes (FTS, common term ~30%)                      0.62ms     0.67ms     0.69ms
  GET /notes q=common (list+count)                        14.32ms    16.67ms    17.32ms
  list_notes (FTS, rare term, 1 note)                      9.30ms    10.49ms    14.20ms
  GET /notes q=rare (list+count)                           9.29ms    11.49ms    11.87ms
  GET /notes q=common, relevance (search box)             17.03ms    18.20ms    19.66ms
  GET /notes q=rare, relevance (search box)                9.01ms    10.52ms    10.61ms
  GET /notes tag=setups (list+count)                       1.95ms     2.00ms     2.01ms
  GET /notes embed_symbol (list+count)                     6.30ms     7.54ms     7.97ms
  tag_counts (whole library)                               0.89ms     1.29ms     1.31ms
  tag_tree (whole library)                                 1.43ms     1.59ms     1.62ms
  GET /notes/tags (tags+tree)                              1.43ms     1.56ms     1.57ms
  folder_note_counts (whole library)                       0.08ms     0.15ms     0.18ms
  notes_for_folders (heavy + 2 others)                     2.88ms     3.58ms     3.62ms
  get_symbol_backlinks                                     0.61ms     0.64ms     0.66ms
  switcher_search (word start)                             1.32ms     1.42ms     1.42ms
  switcher_search (fuzzy, in order)                        4.66ms     7.29ms     7.54ms
  list_tasks (open, ?view=tasks)                           0.60ms     0.61ms     0.62ms
  switcher_search (body fallback, common term)            10.27ms    11.02ms    11.05ms
  switcher_search (body fallback, rare term)               6.11ms     7.39ms     7.47ms
  OK all correctness checks passed

=== Seeding + measuring 5,000 notes (20 reps after 2 warmup) ===
  seed 2.4s  db 41.7 MB  active 4,775 trashed 93 archived 132
  op                                                         p50       p95       max
  list_notes (page 1, default sort)                        1.15ms     1.33ms     1.37ms
  count_notes (whole library)                              0.27ms     0.34ms     0.34ms
  GET /notes default (list+count)                          1.55ms     1.66ms     1.76ms
  list_notes (FTS, common term ~30%)                      14.75ms    17.21ms    17.48ms
  count_notes (FTS, common term ~30%)                      1.68ms     2.19ms     2.22ms
  GET /notes q=common (list+count)                        19.44ms    20.76ms    22.04ms
  list_notes (FTS, rare term, 1 note)                     10.30ms    10.98ms    12.96ms
  GET /notes q=rare (list+count)                          10.07ms    10.85ms    11.19ms
  GET /notes q=common, relevance (search box)             29.01ms    33.00ms    34.97ms
  GET /notes q=rare, relevance (search box)               11.28ms    12.54ms    15.85ms
  GET /notes tag=setups (list+count)                       4.58ms     4.75ms     4.94ms
  GET /notes embed_symbol (list+count)                    13.49ms    20.59ms    29.04ms
  tag_counts (whole library)                               6.87ms     7.34ms     7.47ms
  tag_tree (whole library)                                 7.52ms     8.53ms    14.57ms
  GET /notes/tags (tags+tree)                              6.99ms     7.35ms     7.39ms
  folder_note_counts (whole library)                       0.58ms     0.61ms     0.63ms
  notes_for_folders (heavy + 2 others)                     9.91ms    11.53ms    13.12ms
  get_symbol_backlinks                                     2.89ms     2.96ms     2.99ms
  switcher_search (word start)                             5.13ms     5.48ms     5.63ms
  switcher_search (fuzzy, in order)                       35.75ms    40.54ms    41.68ms
  list_tasks (open, ?view=tasks)                           6.50ms     6.82ms     6.92ms
  switcher_search (body fallback, common term)            44.61ms    53.55ms    54.20ms
  switcher_search (body fallback, rare term)              32.87ms    38.02ms    39.78ms
  OK all correctness checks passed

=== Seeding + measuring 10,000 notes (20 reps after 2 warmup) ===
  seed 5.9s  db 82.0 MB  active 9,542 trashed 191 archived 267
  op                                                         p50       p95       max
  list_notes (page 1, default sort)                        1.17ms     1.25ms     1.26ms
  count_notes (whole library)                              0.54ms     0.59ms     0.59ms
  GET /notes default (list+count)                          1.82ms     1.99ms     2.06ms
  list_notes (FTS, common term ~30%)                      18.97ms    21.04ms    21.65ms
  count_notes (FTS, common term ~30%)                      4.43ms     5.22ms     5.39ms
  GET /notes q=common (list+count)                        27.84ms    31.66ms    33.03ms
  list_notes (FTS, rare term, 1 note)                     10.67ms    11.86ms    11.97ms
  GET /notes q=rare (list+count)                          15.81ms    17.24ms    17.89ms
  GET /notes q=common, relevance (search box)             42.83ms    53.27ms    57.13ms
  GET /notes q=rare, relevance (search box)               13.07ms    13.95ms    14.32ms
  GET /notes tag=setups (list+count)                       4.67ms     8.92ms     9.02ms
  GET /notes embed_symbol (list+count)                    17.73ms    19.07ms    19.57ms
  tag_counts (whole library)                              13.95ms    14.31ms    14.43ms
  tag_tree (whole library)                                15.05ms    17.16ms    17.37ms
  GET /notes/tags (tags+tree)                             14.73ms    16.14ms    16.22ms
  folder_note_counts (whole library)                       1.00ms     1.07ms     1.07ms
  notes_for_folders (heavy + 2 others)                    11.75ms    14.48ms    15.85ms
  get_symbol_backlinks                                     6.72ms     7.55ms    12.28ms
  switcher_search (word start)                            13.07ms    14.30ms    14.82ms
  switcher_search (fuzzy, in order)                       47.00ms    60.19ms    81.04ms
  list_tasks (open, ?view=tasks)                          20.26ms    21.98ms    38.55ms
  switcher_search (body fallback, common term)            65.76ms    76.03ms    77.82ms
  switcher_search (body fallback, rare term)              41.54ms    45.80ms    46.35ms
  OK all correctness checks passed

=== Seeding + measuring 25,000 notes (20 reps after 2 warmup) ===
  seed 15.6s  db 203.5 MB  active 23,784 trashed 498 archived 718
  op                                                         p50       p95       max
  list_notes (page 1, default sort)                        1.10ms     1.16ms     1.19ms
  count_notes (whole library)                              1.25ms     1.52ms     1.55ms
  GET /notes default (list+count)                          5.53ms     6.01ms     6.33ms
  list_notes (FTS, common term ~30%)                      25.09ms    27.26ms    27.68ms
  count_notes (FTS, common term ~30%)                     13.57ms    15.41ms    15.49ms
  GET /notes q=common (list+count)                        44.17ms    52.15ms    60.09ms
  list_notes (FTS, rare term, 1 note)                     18.58ms    19.91ms    20.06ms
  GET /notes q=rare (list+count)                          25.20ms    28.02ms    28.14ms
  GET /notes q=common, relevance (search box)             84.94ms   123.79ms   136.66ms
  GET /notes q=rare, relevance (search box)               26.65ms    29.99ms    33.88ms
  GET /notes tag=setups (list+count)                      22.11ms    27.01ms    27.19ms
  GET /notes embed_symbol (list+count)                    38.51ms    43.53ms    43.74ms
  tag_counts (whole library)                              47.09ms    54.66ms    54.68ms
  tag_tree (whole library)                                50.59ms    52.27ms    52.93ms
  GET /notes/tags (tags+tree)                             47.75ms    50.57ms    52.08ms
  folder_note_counts (whole library)                       2.88ms     3.05ms     3.08ms
  notes_for_folders (heavy + 2 others)                    11.96ms    13.26ms    13.94ms
  get_symbol_backlinks                                    29.48ms    30.98ms    33.14ms
  switcher_search (word start)                            36.82ms    45.17ms    47.33ms
  switcher_search (fuzzy, in order)                       70.75ms    79.27ms    97.41ms
  list_tasks (open, ?view=tasks)                          45.61ms    51.97ms    57.11ms
  switcher_search (body fallback, common term)           125.92ms   138.23ms   148.01ms
  switcher_search (body fallback, rare term)              67.91ms    73.30ms    77.25ms
  OK all correctness checks passed

=== Seeding + measuring 50,000 notes (20 reps after 2 warmup) ===
  seed 33.8s  db 407.2 MB  active 47,590 trashed 979 archived 1,431
  op                                                         p50       p95       max
  list_notes (page 1, default sort)                        1.24ms     1.42ms     1.49ms
  count_notes (whole library)                              9.04ms    10.09ms    10.88ms
  GET /notes default (list+count)                         11.37ms    12.86ms    13.08ms
  list_notes (FTS, common term ~30%)                      37.74ms    53.70ms    57.32ms
  count_notes (FTS, common term ~30%)                     29.22ms    31.77ms    31.83ms
  GET /notes q=common (list+count)                        71.97ms    77.75ms    80.50ms
  list_notes (FTS, rare term, 1 note)                     28.61ms    30.55ms    30.60ms
  GET /notes q=rare (list+count)                          41.03ms    46.50ms    47.90ms
  GET /notes q=common, relevance (search box)            148.94ms   160.71ms   169.74ms
  GET /notes q=rare, relevance (search box)               41.40ms    45.24ms    47.73ms
  GET /notes tag=setups (list+count)                      41.21ms    53.75ms    83.86ms
  GET /notes embed_symbol (list+count)                    70.70ms    77.21ms    79.72ms
  tag_counts (whole library)                              88.85ms   102.66ms   103.12ms
  tag_tree (whole library)                                93.86ms   110.59ms   124.54ms
  GET /notes/tags (tags+tree)                             94.79ms   100.50ms   103.07ms
  folder_note_counts (whole library)                      12.23ms    13.45ms    14.52ms
  notes_for_folders (heavy + 2 others)                    11.41ms    12.79ms    13.06ms
  get_symbol_backlinks                                    58.91ms    65.71ms    66.22ms
  switcher_search (word start)                            66.00ms    71.93ms    72.53ms
  switcher_search (fuzzy, in order)                       94.34ms   116.66ms   126.20ms
  list_tasks (open, ?view=tasks)                          93.32ms    99.74ms   149.06ms
  switcher_search (body fallback, common term)           204.24ms   226.08ms   233.16ms
  switcher_search (body fallback, rare term)             102.96ms   130.52ms   135.86ms
  OK all correctness checks passed

=== Curve: log-log slope of p50 over [1000, 5000, 10000, 25000, 50000] (bound: fit <= 1.1, last segment <= 1.3) ===
  list_notes (page 1, default sort)                    slope  0.015  last segment  0.182
  count_notes (whole library)                          slope  1.160  last segment  2.858
  GET /notes default (list+count)                      slope  0.664  last segment  1.041
  list_notes (FTS, common term ~30%)                   slope  0.239  last segment  0.589
  count_notes (FTS, common term ~30%)                  slope  1.011  last segment  1.106
  GET /notes q=common (list+count)                     slope  0.411  last segment  0.704
  list_notes (FTS, rare term, 1 note)                  slope  0.280  last segment  0.623
  GET /notes q=rare (list+count)                       slope  0.386  last segment  0.704
  GET /notes q=common, relevance (search box)          slope  0.555  last segment  0.810
  GET /notes q=rare, relevance (search box)            slope  0.392  last segment  0.636
  GET /notes tag=setups (list+count)                   slope  0.788  last segment  0.898
  GET /notes embed_symbol (list+count)                 slope  0.610  last segment  0.876
  tag_counts (whole library)                           slope  1.188  last segment  0.916
  tag_tree (whole library)                             slope  1.086  last segment  0.892
  GET /notes/tags (tags+tree)                          slope  1.086  last segment  0.989
  folder_note_counts (whole library)                   slope  1.223  last segment  2.087
  notes_for_folders (heavy + 2 others)                 slope  0.347  last segment -0.067
  get_symbol_backlinks                                 slope  1.198  last segment  0.999
  switcher_search (word start)                         slope  1.028  last segment  0.842
  switcher_search (fuzzy, in order)                    slope  0.749  last segment  0.415
  list_tasks (open, ?view=tasks)                       slope  1.293  last segment  1.033
  switcher_search (body fallback, common term)         slope  0.755  last segment  0.698
  switcher_search (body fallback, rare term)           slope  0.700  last segment  0.600

report: docs/notebook/gate-runs/wave10-PC/curve-before-1.json
VERDICT: BUDGET BREACH
  BREACH [curve] 'count_notes (whole library)': log-log slope 1.160 > 1.1 (super-linear); p50_ms [0.07, 0.27, 0.54, 1.25, 9.04] over [1000, 5000, 10000, 25000, 50000]
  BREACH [curve] 'count_notes (whole library)': last segment 25,000->50,000 slope 2.859 > 1.3 (1.25 -> 9.04 ms)
  BREACH [curve] 'tag_counts (whole library)': log-log slope 1.188 > 1.1 (super-linear); p50_ms [0.89, 6.87, 13.95, 47.09, 88.85] over [1000, 5000, 10000, 25000, 50000]
  BREACH [curve] 'folder_note_counts (whole library)': log-log slope 1.223 > 1.1 (super-linear); p50_ms [0.08, 0.58, 1.0, 2.88, 12.23] over [1000, 5000, 10000, 25000, 50000]
  BREACH [curve] 'folder_note_counts (whole library)': last segment 25,000->50,000 slope 2.087 > 1.3 (2.88 -> 12.23 ms)
  BREACH [curve] 'get_symbol_backlinks': log-log slope 1.197 > 1.1 (super-linear); p50_ms [0.61, 2.89, 6.72, 29.48, 58.91] over [1000, 5000, 10000, 25000, 50000]
  BREACH [curve] 'list_tasks (open, ?view=tasks)': log-log slope 1.293 > 1.1 (super-linear); p50_ms [0.6, 6.5, 20.26, 45.61, 93.32] over [1000, 5000, 10000, 25000, 50000]
