[auth] Migrated: added email_verified column to users
[auth] Migrated: added last_login_at column to users
[auth] Migrated: added referral_code column to users
[auth] Migrated: added full_name column to users
[auth] Migrated: added toolkit column to users
[auth] Migrated: added user_agent column to sessions
[auth] Migrated: added ip_address column to sessions
[auth] Migrated: added last_seen_at column to sessions
[notebook-migration] migrated=0 skipped=0 errored=0
[auth] Database ready at C:\Users\Patrick\AppData\Local\Temp\uct_tests_authdb_my7c6vvb\auth.db

connection model: per-call (default, D22 clause 14d -- controller, owner-delegated 2026-09-30); diagnostic shared also runs automatically, reported not gating

=== Seeding + measuring 1,000 notes (20 reps after 2 warmup) ===
  seed 0.2s  db 9.3 MB  active 954 trashed 22 archived 24
  op                                                         p50       p95       max
  list_notes (page 1, default sort)                        1.97ms     2.12ms     2.17ms
  count_notes (whole library)                              1.34ms     1.46ms     1.49ms
  GET /notes default (list+count)                          2.11ms     2.27ms     2.29ms
  list_notes (FTS, common term ~30%)                       9.99ms    10.48ms    11.36ms
  count_notes (FTS, common term ~30%)                      1.67ms     1.80ms     1.86ms
  GET /notes q=common (list+count)                        10.37ms    11.01ms    11.13ms
  list_notes (FTS, rare term, 1 note)                      6.09ms     6.40ms     6.44ms
  GET /notes q=rare (list+count)                           6.24ms     7.09ms     7.70ms
  GET /notes q=common, relevance (search box)             10.83ms    11.43ms    12.08ms
  GET /notes q=rare, relevance (search box)                6.34ms     7.04ms     7.09ms
  GET /notes tag=setups (list+count)                       2.57ms     2.77ms     2.99ms
  GET /notes embed_symbol (list+count)                     4.82ms     5.36ms     5.99ms
  tag_counts (whole library)                               2.04ms     2.23ms     2.47ms
  tag_tree (whole library)                                 2.06ms     2.20ms     2.20ms
  GET /notes/tags (tags+tree)                              2.12ms     2.30ms     2.44ms
  folder_note_counts (whole library)                       1.30ms     1.46ms     1.47ms
  notes_for_folders (heavy + 2 others)                     3.34ms     3.56ms     3.74ms
  get_symbol_backlinks                                     1.51ms     1.63ms     1.65ms
  switcher_search (word start)                             2.15ms     2.44ms     2.46ms
  switcher_search (fuzzy, in order)                        5.00ms     5.34ms     6.14ms
  list_tasks (open, ?view=tasks)                           1.93ms     2.21ms     2.29ms
  switcher_search (body fallback, common term)             6.19ms     6.56ms     6.91ms
  switcher_search (body fallback, rare term)               4.58ms     4.82ms     4.89ms
  OK all correctness checks passed

=== Seeding + measuring 5,000 notes (20 reps after 2 warmup) ===
  seed 1.3s  db 41.6 MB  active 4,775 trashed 93 archived 132
  op                                                         p50       p95       max
  list_notes (page 1, default sort)                        1.95ms     2.31ms     2.57ms
  count_notes (whole library)                              1.62ms     1.73ms     1.74ms
  GET /notes default (list+count)                          3.00ms     5.67ms     5.89ms
  list_notes (FTS, common term ~30%)                      10.60ms    11.54ms    12.32ms
  count_notes (FTS, common term ~30%)                      2.75ms     2.98ms     3.05ms
  GET /notes q=common (list+count)                        12.30ms    12.95ms    13.39ms
  list_notes (FTS, rare term, 1 note)                      6.95ms     7.51ms    13.70ms
  GET /notes q=rare (list+count)                           7.56ms     8.25ms     8.46ms
  GET /notes q=common, relevance (search box)             15.45ms    16.44ms    16.84ms
  GET /notes q=rare, relevance (search box)                7.59ms     8.38ms     9.46ms
  GET /notes tag=setups (list+count)                       3.78ms     4.04ms     4.12ms
  GET /notes embed_symbol (list+count)                     6.78ms     7.14ms     7.29ms
  tag_counts (whole library)                               5.33ms     6.48ms     6.92ms
  tag_tree (whole library)                                 5.44ms     5.66ms     5.69ms
  GET /notes/tags (tags+tree)                              5.70ms     6.08ms     6.83ms
  folder_note_counts (whole library)                       1.83ms     1.99ms     2.07ms
  notes_for_folders (heavy + 2 others)                     5.89ms     6.06ms     6.09ms
  get_symbol_backlinks                                     2.41ms     2.58ms     2.58ms
  switcher_search (word start)                             4.39ms     4.60ms     4.62ms
  switcher_search (fuzzy, in order)                       19.13ms    22.46ms    22.93ms
  list_tasks (open, ?view=tasks)                           5.27ms     5.42ms     5.67ms
  switcher_search (body fallback, common term)            22.96ms    26.27ms    27.88ms
  switcher_search (body fallback, rare term)              16.07ms    20.49ms    21.37ms
  OK all correctness checks passed

=== Seeding + measuring 10,000 notes (20 reps after 2 warmup) ===
  seed 2.8s  db 82.1 MB  active 9,542 trashed 191 archived 267
  op                                                         p50       p95       max
  list_notes (page 1, default sort)                        1.92ms     2.18ms     2.25ms
  count_notes (whole library)                              2.00ms     2.24ms     2.36ms
  GET /notes default (list+count)                          2.84ms     3.10ms     3.67ms
  list_notes (FTS, common term ~30%)                      11.52ms    12.46ms    13.19ms
  count_notes (FTS, common term ~30%)                      4.04ms     4.24ms     4.29ms
  GET /notes q=common (list+count)                        14.43ms    15.57ms    15.78ms
  list_notes (FTS, rare term, 1 note)                      7.64ms     8.24ms     8.65ms
  GET /notes q=rare (list+count)                           9.03ms     9.93ms    10.09ms
  GET /notes q=common, relevance (search box)             20.56ms    21.44ms    21.67ms
  GET /notes q=rare, relevance (search box)                8.97ms     9.30ms     9.84ms
  GET /notes tag=setups (list+count)                       5.31ms     5.56ms     5.80ms
  GET /notes embed_symbol (list+count)                     9.74ms    10.31ms    12.95ms
  tag_counts (whole library)                              10.33ms    10.96ms    11.04ms
  tag_tree (whole library)                                10.63ms    11.43ms    12.73ms
  GET /notes/tags (tags+tree)                             10.83ms    11.20ms    11.45ms
  folder_note_counts (whole library)                       2.36ms     2.63ms     2.76ms
  notes_for_folders (heavy + 2 others)                     6.01ms     6.46ms     6.94ms
  get_symbol_backlinks                                     3.63ms     3.99ms     4.39ms
  switcher_search (word start)                             7.56ms    11.62ms    11.89ms
  switcher_search (fuzzy, in order)                       22.96ms    25.58ms    25.63ms
  list_tasks (open, ?view=tasks)                           9.21ms     9.99ms    12.86ms
  switcher_search (body fallback, common term)            30.56ms    39.74ms    40.10ms
  switcher_search (body fallback, rare term)              20.25ms    23.56ms    23.64ms
  OK all correctness checks passed

=== Seeding + measuring 25,000 notes (20 reps after 2 warmup) ===
  seed 7.5s  db 203.5 MB  active 23,784 trashed 498 archived 718
  op                                                         p50       p95       max
  list_notes (page 1, default sort)                        1.95ms     2.02ms     2.06ms
  count_notes (whole library)                              3.23ms     3.44ms     3.66ms
  GET /notes default (list+count)                          3.93ms     4.42ms     4.79ms
  list_notes (FTS, common term ~30%)                      14.54ms    15.70ms    16.25ms
  count_notes (FTS, common term ~30%)                      8.18ms     8.54ms     9.23ms
  GET /notes q=common (list+count)                        22.15ms    23.15ms    24.11ms
  list_notes (FTS, rare term, 1 note)                     10.51ms    12.42ms    12.64ms
  GET /notes q=rare (list+count)                          13.09ms    14.28ms    14.93ms
  GET /notes q=common, relevance (search box)             36.97ms    40.76ms    43.67ms
  GET /notes q=rare, relevance (search box)               13.25ms    14.03ms    14.05ms
  GET /notes tag=setups (list+count)                      10.05ms    10.48ms    10.96ms
  GET /notes embed_symbol (list+count)                    19.44ms    25.74ms    30.04ms
  tag_counts (whole library)                              24.37ms    25.69ms    27.23ms
  tag_tree (whole library)                                25.49ms    27.15ms    31.04ms
  GET /notes/tags (tags+tree)                             25.43ms    27.06ms    27.84ms
  folder_note_counts (whole library)                       4.15ms     4.66ms     5.09ms
  notes_for_folders (heavy + 2 others)                     6.02ms     6.87ms     7.23ms
  get_symbol_backlinks                                     7.30ms     7.75ms     8.19ms
  switcher_search (word start)                            14.88ms    16.12ms    16.18ms
  switcher_search (fuzzy, in order)                       28.94ms    32.93ms    34.26ms
  list_tasks (open, ?view=tasks)                          21.06ms    21.92ms    23.64ms
  switcher_search (body fallback, common term)            52.64ms    60.25ms    64.77ms
  switcher_search (body fallback, rare term)              29.77ms    33.61ms    34.68ms
  OK all correctness checks passed

=== Seeding + measuring 50,000 notes (20 reps after 2 warmup) ===
  seed 15.8s  db 407.1 MB  active 47,590 trashed 979 archived 1,431
  op                                                         p50       p95       max
  list_notes (page 1, default sort)                        1.94ms     2.10ms     2.11ms
  count_notes (whole library)                              5.36ms     6.13ms     6.89ms
  GET /notes default (list+count)                          6.27ms     7.81ms     8.41ms
  list_notes (FTS, common term ~30%)                      19.48ms    20.81ms    24.12ms
  count_notes (FTS, common term ~30%)                     15.33ms    16.17ms    16.36ms
  GET /notes q=common (list+count)                        35.38ms    38.01ms    42.03ms
  list_notes (FTS, rare term, 1 note)                     15.08ms    16.39ms    20.74ms
  GET /notes q=rare (list+count)                          20.46ms    21.98ms    26.25ms
  GET /notes q=common, relevance (search box)             67.94ms    70.97ms    73.70ms
  GET /notes q=rare, relevance (search box)               20.70ms    25.91ms    26.93ms
  GET /notes tag=setups (list+count)                      18.56ms    20.36ms    21.41ms
  GET /notes embed_symbol (list+count)                    36.09ms    38.88ms    39.74ms
  tag_counts (whole library)                              47.47ms    57.30ms    58.92ms
  tag_tree (whole library)                                49.83ms    51.75ms    52.60ms
  GET /notes/tags (tags+tree)                             49.66ms    52.83ms    59.63ms
  folder_note_counts (whole library)                       6.94ms     7.83ms     8.90ms
  notes_for_folders (heavy + 2 others)                     6.05ms     7.25ms     7.67ms
  get_symbol_backlinks                                    13.78ms    15.06ms    15.12ms
  switcher_search (word start)                            28.09ms    31.13ms    31.21ms
  switcher_search (fuzzy, in order)                       39.66ms    42.86ms    43.32ms
  list_tasks (open, ?view=tasks)                          42.30ms    61.38ms    61.91ms
  switcher_search (body fallback, common term)            93.99ms   104.85ms   116.30ms
  switcher_search (body fallback, rare term)              45.99ms    49.60ms    49.82ms
  OK all correctness checks passed

=== Curve: log-log slope of p50 over [1000, 5000, 10000, 25000, 50000] (bound: fit <= 1.1, last segment <= 1.3) ===
  list_notes (page 1, default sort)                    slope -0.004  last segment -0.007
  count_notes (whole library)                          slope  0.346  last segment  0.731
  GET /notes default (list+count)                      slope  0.251  last segment  0.672
  list_notes (FTS, common term ~30%)                   slope  0.163  last segment  0.422
  count_notes (FTS, common term ~30%)                  slope  0.563  last segment  0.906
  GET /notes q=common (list+count)                     slope  0.304  last segment  0.675
  list_notes (FTS, rare term, 1 note)                  slope  0.222  last segment  0.522
  GET /notes q=rare (list+count)                       slope  0.294  last segment  0.645
  GET /notes q=common, relevance (search box)          slope  0.460  last segment  0.878
  GET /notes q=rare, relevance (search box)            slope  0.293  last segment  0.644
  GET /notes tag=setups (list+count)                   slope  0.500  last segment  0.885
  GET /notes embed_symbol (list+count)                 slope  0.513  last segment  0.892
  tag_counts (whole library)                           slope  0.812  last segment  0.962
  tag_tree (whole library)                             slope  0.822  last segment  0.967
  GET /notes/tags (tags+tree)                          slope  0.812  last segment  0.965
  folder_note_counts (whole library)                   slope  0.422  last segment  0.743
  notes_for_folders (heavy + 2 others)                 slope  0.144  last segment  0.009
  get_symbol_backlinks                                 slope  0.563  last segment  0.917
  switcher_search (word start)                         slope  0.657  last segment  0.917
  switcher_search (fuzzy, in order)                    slope  0.506  last segment  0.455
  list_tasks (open, ?view=tasks)                       slope  0.787  last segment  1.006
  switcher_search (body fallback, common term)         slope  0.672  last segment  0.836
  switcher_search (body fallback, rare term)           slope  0.568  last segment  0.628

=== Curve DIAGNOSTIC (connection=shared; recorded, does NOT gate this run's VERDICT -- D22, controller owner-delegated 2026-09-30) ===
  list_notes (page 1, default sort)                    slope -0.005  last segment -0.022
  count_notes (whole library)                          slope  1.119  last segment  2.531
  GET /notes default (list+count)                      slope  0.559  last segment  0.738
  list_notes (FTS, common term ~30%)                   slope  0.214  last segment  0.408
  count_notes (FTS, common term ~30%)                  slope  0.991  last segment  0.967
  GET /notes q=common (list+count)                     slope  0.286  last segment  0.608
  list_notes (FTS, rare term, 1 note)                  slope  0.265  last segment  0.495
  GET /notes q=rare (list+count)                       slope  0.360  last segment  0.564
  GET /notes q=common, relevance (search box)          slope  0.530  last segment  0.811
  GET /notes q=rare, relevance (search box)            slope  0.343  last segment  0.620
  GET /notes tag=setups (list+count)                   slope  0.760  last segment  0.872
  GET /notes embed_symbol (list+count)                 slope  0.640  last segment  0.849
  tag_counts (whole library)                           slope  1.085  last segment  0.884
  tag_tree (whole library)                             slope  1.081  last segment  0.971
  GET /notes/tags (tags+tree)                          slope  1.077  last segment  0.977
  folder_note_counts (whole library)                   slope  1.080  last segment  2.024
  notes_for_folders (heavy + 2 others)                 slope  0.282  last segment -0.090
  get_symbol_backlinks                                 slope  1.121  last segment  1.052
  switcher_search (word start)                         slope  1.023  last segment  1.000
  switcher_search (fuzzy, in order)                    slope  0.602  last segment  0.475
  list_tasks (open, ?view=tasks)                       slope  1.159  last segment  1.055
  switcher_search (body fallback, common term)         slope  0.766  last segment  0.743
  switcher_search (body fallback, rare term)           slope  0.682  last segment  0.636
  DIAGNOSTIC BREACH (shared, recorded, not gating):
    'count_notes (whole library)': log-log slope 1.119 > 1.1 (super-linear); p50_ms [0.04, 0.14, 0.27, 0.66, 3.79] over [1000, 5000, 10000, 25000, 50000]
    'count_notes (whole library)': last segment 25,000->50,000 slope 2.531 > 1.3 (0.66 -> 3.79 ms)
    'folder_note_counts (whole library)': last segment 25,000->50,000 slope 2.024 > 1.3 (1.32 -> 5.39 ms)
    'get_symbol_backlinks': log-log slope 1.121 > 1.1 (super-linear); p50_ms [0.17, 0.77, 1.5, 6.31, 13.08] over [1000, 5000, 10000, 25000, 50000]
    'list_tasks (open, ?view=tasks)': log-log slope 1.159 > 1.1 (super-linear); p50_ms [0.46, 2.81, 7.72, 19.56, 40.64] over [1000, 5000, 10000, 25000, 50000]

report: docs/notebook/gate-runs/wave10-PC/curve-d22-q2.json
VERDICT: PASS -- curve: every op's slope <= 1.1 (connection=per-call); diagnostic shared: 5 breach(es) recorded, not gating
