SANDBOX IDENTITY: http://127.0.0.1:8227 proved it is the sandbox that writes C:\Users\Patrick\uct-worktrees\notebook-w10s1\docs\plans\joystick\sandbox-runs\2026-09-28T13-16-29.md (identity 0654d31ca70d..., data dir C:\data-w10k2)
[      PASS] C0 control: unreachable found=False after 12; trap detected=True; trail=["button 'Alpha'", "button 'Trap one'", "button 'Trap two'", "button 'Trap one'"
[      PASS] S2-10 editor: reach the body: div 'Note body' (editable) found=True
[      PASS] S2-11 editor: slash menu: open: [{'role': 'listbox', 'label': 'Insert block'}]; after Escape: []; focus div 'Note body' (editable)
[      PASS] S2-12 editor: emoji menu: open: [{'role': 'listbox', 'label': 'Insert emoji'}]; after Escape []
[      PASS] S2-13 editor: [[ note link: picker options ['Beta rates note', 'Delta plain (conflicted ']; links 4 -> 5 (new: ['Beta rates note']); picker after Enter None; focus div 
[      PASS] S2-13b editor: [[ keyboard selection: options ['Delta plain', 'Alpha thesis NVDA', 'Delta plain (conflic']; selected after ArrowDown ['Alpha thesis NVDA']; inserted ['Alpha thesi
[      PASS] S2-13c editor: [[ picker Escape: picker before Escape ['Gamma earnings']; after Escape None; links 6 -> 6; focus div 'Note body' (editable); '[[Gamx' in the body=True
[      PASS] S2-14 editor: @ date: date chips 2 -> 3 (new: ['2026-09-29'], tomorrow ET 2026-09-29); '@tomorrow' left as text=False; menus []; focus div 'Note body' (editable)
[      PASS] S2-14c editor: @ date CONTROL: date chips 3 -> 3; '@notaday' left as text=True
[      PASS] S2-15 editor: find and replace: after Ctrl+F input [searchbox] 'Find in note'; after Ctrl+H input [searchbox] 'Find in note'; after Escape div 'Note body' (editable)
[      PASS] S2-16 editor: table created and walked: in table after insert=True; rows 3 -> 6
[      PASS] S2-17 editor: leave a table by keyboard (2.1.2): after the tries: {'Escape': {'inTable': True, 'inEditor': True, 'text': '', 'rows': 6}, 'Control+Enter': {'inTable': True, 'inEditor': True,
[      FAIL] S2-18 editor: move a block with the keys: first block '' -> ''
[      PASS] S4-01 dialog: command palette (Ctrl+K): dialogs [{'role': 'dialog', 'modal': 'true', 'label': 'Command palette'}]; focus on open input [combobox] 'Search a security, company, or no
[      PASS] S4-02 dialog: Save view: dialogs [{'role': 'dialog', 'modal': 'true', 'label': 'Save view'}]; focus on open input 'Name' inDialog=Save view; Tab x10 stayed inside=Tr
[      PASS] S4-03 dialog: Templates: dialogs [{'role': 'dialog', 'modal': 'true', 'label': ''}]; focus on open div [dialog] 'New note' inDialog=dialog; Tab x10 stayed inside=Tru
[      PASS] S4-04 dialog: Import: dialogs [{'role': 'dialog', 'modal': 'true', 'label': ''}]; focus on open div [dialog] 'Import notes' inDialog=dialog; Tab x10 stayed inside
[      PASS] S4-05 dialog: Export (whole notebook): dialogs [{'role': 'dialog', 'modal': 'true', 'label': ''}]; focus on open div [dialog] 'Export your notebook' inDialog=dialog; Tab x10 staye
[  OBSERVED] S4-06 share sheet: its controls by Tab: stops: ["button 'Close'", "input 'Share link address'", "button 'Copy link'", "button 'Revoke link'", "input 'Published page address'", "but
[      PASS] S4-07 first-run tour (fresh account): dialogs on load [{'role': 'dialog', 'modal': 'true', 'label': 'Folders and tags'}]; focus h2 'Folders and tags'; Tab path ["button 'Skip tou
