SANDBOX IDENTITY: http://127.0.0.1:8227 proved it is the sandbox that writes C:\Users\Patrick\uct-worktrees\notebook-w10s1\docs\plans\joystick\sandbox-runs\2026-09-28T12-24-14.md (identity 82fbc99849ae..., data dir C:\data-w10k2)
[      PASS] C0 control: unreachable found=False after 12; trap detected=True; trail=["button 'Alpha'", "button 'Trap one'", "button 'Trap two'", "button 'Trap one'"
Traceback (most recent call last):
  File "C:\Users\Patrick\uct-worktrees\notebook-w10s1\docs\notebook\evidence\a11y-k2-keyboard-2026-09-28\keyboard_walk.py", line 470, in <module>
    raise SystemExit(main())
                     ~~~~^^
  File "C:\Users\Patrick\uct-worktrees\notebook-w10s1\docs\notebook\evidence\a11y-k2-keyboard-2026-09-28\keyboard_walk.py", line 433, in main
    C.signup_or_login(adm.request, base, C.ADMIN_EMAIL, C.PW, "hubtest")
    ~~~~~~~~~~~~~~~~~^^^^^^^^^^^^^^^^^^^^^^^^^^^^^^^^^^^^^^^^^^^^^^^^^^^
  File "C:\Users\Patrick\uct-worktrees\notebook-w10s1\docs\notebook\proof\e2-d9e887ca0\e2_common.py", line 50, in signup_or_login
    r = ask("/api/auth/signup", {"email": email, "password": pw, "display_name": name})
  File "C:\Users\Patrick\uct-worktrees\notebook-w10s1\docs\notebook\proof\e2-d9e887ca0\e2_common.py", line 44, in ask
    r = req.post(base + path, data=data)
  File "C:\Users\Patrick\AppData\Roaming\Python\Python314\site-packages\playwright\sync_api\_generated.py", line 18825, in post
    self._sync(
    ~~~~~~~~~~^
        self._impl_obj.post(
        ^^^^^^^^^^^^^^^^^^^^
    ...<11 lines>...
        )
        ^
    )
    ^
  File "C:\Users\Patrick\AppData\Roaming\Python\Python314\site-packages\playwright\_impl\_sync_base.py", line 115, in _sync
    return task.result()
           ~~~~~~~~~~~^^
  File "C:\Users\Patrick\AppData\Roaming\Python\Python314\site-packages\playwright\_impl\_fetch.py", line 280, in post
    return await self.fetch(
           ^^^^^^^^^^^^^^^^^
    ...<12 lines>...
    )
    ^
  File "C:\Users\Patrick\AppData\Roaming\Python\Python314\site-packages\playwright\_impl\_fetch.py", line 319, in fetch
    return await self._inner_fetch(
           ^^^^^^^^^^^^^^^^^^^^^^^^
    ...<13 lines>...
    )
    ^
  File "C:\Users\Patrick\AppData\Roaming\Python\Python314\site-packages\playwright\_impl\_fetch.py", line 410, in _inner_fetch
    response = await self._channel.send(
               ^^^^^^^^^^^^^^^^^^^^^^^^^
    ...<18 lines>...
    )
    ^
  File "C:\Users\Patrick\AppData\Roaming\Python\Python314\site-packages\playwright\_impl\_connection.py", line 69, in send
    return await self._connection.wrap_api_call(
           ^^^^^^^^^^^^^^^^^^^^^^^^^^^^^^^^^^^^^
    ...<3 lines>...
    )
    ^
  File "C:\Users\Patrick\AppData\Roaming\Python\Python314\site-packages\playwright\_impl\_connection.py", line 559, in wrap_api_call
    raise rewrite_error(error, f"{parsed_st['apiName']}: {error}") from None
playwright._impl._errors.TimeoutError: APIRequestContext.post: Timeout 30000ms exceeded.
