=== q1 : box status BEFORE ===
  lock: FREE  C:\ProgramData\uct\gate-box.lock
  load: QUIET — 0 marked processes outside our own tree at 2026-10-09T01:35:52
  background: LIGHT — cpu 18%; heavy: memory compression x1 1.1GB
=== q1 : running harness on port 8491 ===
SANDBOX INTEGRITY: CLEAN -- pre-boot (baseline) CLEAN, post-boot (+15s) CLEAN, shutdown CLEAN; 62 db files hashed; post-prewarm (+120s) not reached: the run ended before it (--hold-past-prewarm waits for it); stop: graceful to the shutdown checkpoint, then forced exit; launcher output: C:\Users\Patrick\uct-worktrees\notebook-fin-record\docs\notebook\perf-runs\ty9-quiet-marker\q1.sandbox.log; log: C:\Users\Patrick\uct-worktrees\notebook-fin-record\docs\notebook\perf-runs\ty9-quiet-marker\q1.integrity.md
typing busy at 1 paragraphs: 59 windows, p50 3.43 ms/key, p95 6.85 ms/key (renderer main-thread busy time, trace-only pass)
typing busy at 1,000 paragraphs: 59 windows, p50 4.75 ms/key, p95 6.77 ms/key (renderer main-thread busy time, trace-only pass)
typing busy at 2,000 paragraphs: 59 windows, p50 6.58 ms/key, p95 9.73 ms/key (renderer main-thread busy time, trace-only pass)
| measure | paragraphs | samples | p50 | p95 | budget | tree |
|---|---:|---:|---:|---:|---:|---|
| note_open | 1 | 20 | 23.9 ms | 31.2 ms | < 300 ms | `004059b69` |
| note_open | 1,000 | 20 | 40.8 ms | 72.3 ms | < 300 ms | `004059b69` |
| note_open | 2,000 | 20 | 58.6 ms | 76.2 ms | n/a | `004059b69` |
| typing_per_char | 1 | 60 | 2.5 ms | 15.3 ms | n/a | `004059b69` (wall-clock; not the budget's reading (ruling D24) -- see typing_busy_per_char) |
| typing_per_char | 1,000 | 60 | 4.7 ms | 15.3 ms | n/a | `004059b69` (wall-clock; not the budget's reading (ruling D24) -- see typing_busy_per_char) |
| typing_per_char | 2,000 | 60 | 6.8 ms | 16.6 ms | n/a | `004059b69` (wall-clock; not the budget's reading (ruling D24) -- see typing_busy_per_char) |
| typing_busy_per_char | 1 | 59 | 3.43 ms | 6.85 ms | < 16 ms | `004059b69` |
| typing_busy_per_char | 1,000 | 59 | 4.75 ms | 6.77 ms | < 16 ms | `004059b69` |
| typing_busy_per_char | 2,000 | 59 | 6.58 ms | 9.73 ms | < 16 ms | `004059b69` |
VERDICT: PASS -- note open and typing within budget
=== q1 : box status AFTER ===
  lock: FREE  C:\ProgramData\uct\gate-box.lock
  load: QUIET — 0 marked processes outside our own tree at 2026-10-09T01:37:25
  background: LIGHT — cpu 0%; heavy: memory compression x1 1.1GB
=== q1 : harness exit code 0 ===
