C:\Users\Patrick\AppData\Roaming\Python\Python314\site-packages\pytest_asyncio\plugin.py:208: PytestDeprecationWarning: The configuration option "asyncio_default_fixture_loop_scope" is unset.
The event loop scope for asynchronous fixtures will default to the fixture caching scope. Future versions of pytest-asyncio will default the loop scope for asynchronous fixtures to function scope. Set the default fixture loop scope explicitly in order to avoid unexpected behavior in the future. Valid fixture loop scopes are: "function", "class", "module", "package", "session"

  warnings.warn(PytestDeprecationWarning(_DEFAULT_FIXTURE_LOOP_SCOPE_UNSET))
..........F                                                              [100%]
================================== FAILURES ===================================
___ test_every_cited_url_is_indexed_under_an_r_row_the_research_ledger_has ____

    def test_every_cited_url_is_indexed_under_an_r_row_the_research_ledger_has():
        cited = set()
        for c in _a_rows():
            cited |= set(re.findall(r'(https://\S+?) "', c[7]))
        assert len(cited) > 20, 'non-vacuity: too few cited URLs'
        idx = [_cells(l) for l in _section(_text(SCORECARD), 'Citations index') if re.match(r'^\| \d+ \| https://', l)]
        indexed = {c[1]: c[2] for c in idx}
>       assert cited <= set(indexed), sorted(cited - set(indexed))
E       AssertionError: ['https://www.notion.com/help/duplicate-delete-and-restore-content']
E       assert {'https://eve...clipper', ...} <= {'https://eve...clipper', ...}
E         
E         Extra items in the left set:
E         'https://www.notion.com/help/duplicate-delete-and-restore-content'

tests\test_parity_scorecard.py:206: AssertionError
============================== warnings summary ===============================
..\..\AppData\Roaming\Python\Python314\site-packages\pytest_asyncio\plugin.py:179: 539 warnings
  C:\Users\Patrick\AppData\Roaming\Python\Python314\site-packages\pytest_asyncio\plugin.py:179: DeprecationWarning: 'asyncio.iscoroutinefunction' is deprecated and slated for removal in Python 3.16; use inspect.iscoroutinefunction() instead
    return asyncio.iscoroutinefunction(obj) or inspect.isasyncgenfunction(obj)

..\..\AppData\Roaming\Python\Python314\site-packages\pytest_asyncio\plugin.py:450: 11 warnings
  C:\Users\Patrick\AppData\Roaming\Python\Python314\site-packages\pytest_asyncio\plugin.py:450: DeprecationWarning: 'asyncio.iscoroutinefunction' is deprecated and slated for removal in Python 3.16; use inspect.iscoroutinefunction() instead
    return asyncio.iscoroutinefunction(func)

tests/test_parity_scorecard.py::test_the_scorecard_row_set_equals_the_ledgers_both_parsed
  C:\Users\Patrick\AppData\Roaming\Python\Python314\site-packages\pytest_asyncio\plugin.py:1056: DeprecationWarning: 'asyncio.get_event_loop_policy' is deprecated and slated for removal in Python 3.16
    return asyncio.get_event_loop_policy()

-- Docs: https://docs.pytest.org/en/stable/how-to/capture-warnings.html
=========================== short test summary info ===========================
FAILED tests/test_parity_scorecard.py::test_every_cited_url_is_indexed_under_an_r_row_the_research_ledger_has
1 failed, 10 passed, 551 warnings in 0.47s
