C:\Users\Patrick\AppData\Roaming\Python\Python314\site-packages\pytest_asyncio\plugin.py:208: PytestDeprecationWarning: The configuration option "asyncio_default_fixture_loop_scope" is unset.
The event loop scope for asynchronous fixtures will default to the fixture caching scope. Future versions of pytest-asyncio will default the loop scope for asynchronous fixtures to function scope. Set the default fixture loop scope explicitly in order to avoid unexpected behavior in the future. Valid fixture loop scopes are: "function", "class", "module", "package", "session"

  warnings.warn(PytestDeprecationWarning(_DEFAULT_FIXTURE_LOOP_SCOPE_UNSET))
.......F...                                                              [100%]
================================== FAILURES ===================================
______ test_a_comparative_verdict_never_stands_on_an_uncited_competitor _______

    def test_a_comparative_verdict_never_stands_on_an_uncited_competitor():
        bad = []
        for c in _a_rows():
            parts = _vendor_parts(c[7])
            for i, v in zip((3, 4, 5), 'NEO'):
                if c[i] in ('AHEAD', 'PARITY', 'BEHIND') and 'https://' not in parts.get(v, ''):
                    bad.append((c[0], v, c[i]))
>       assert not bad, bad
E       AssertionError: [('G-010', 'N', 'PARITY')]
E       assert not [('G-010', 'N', 'PARITY')]

tests\test_parity_scorecard.py:159: AssertionError
============================== warnings summary ===============================
..\..\AppData\Roaming\Python\Python314\site-packages\pytest_asyncio\plugin.py:179: 539 warnings
  C:\Users\Patrick\AppData\Roaming\Python\Python314\site-packages\pytest_asyncio\plugin.py:179: DeprecationWarning: 'asyncio.iscoroutinefunction' is deprecated and slated for removal in Python 3.16; use inspect.iscoroutinefunction() instead
    return asyncio.iscoroutinefunction(obj) or inspect.isasyncgenfunction(obj)

..\..\AppData\Roaming\Python\Python314\site-packages\pytest_asyncio\plugin.py:450: 11 warnings
  C:\Users\Patrick\AppData\Roaming\Python\Python314\site-packages\pytest_asyncio\plugin.py:450: DeprecationWarning: 'asyncio.iscoroutinefunction' is deprecated and slated for removal in Python 3.16; use inspect.iscoroutinefunction() instead
    return asyncio.iscoroutinefunction(func)

tests/test_parity_scorecard.py::test_the_scorecard_row_set_equals_the_ledgers_both_parsed
  C:\Users\Patrick\AppData\Roaming\Python\Python314\site-packages\pytest_asyncio\plugin.py:1056: DeprecationWarning: 'asyncio.get_event_loop_policy' is deprecated and slated for removal in Python 3.16
    return asyncio.get_event_loop_policy()

-- Docs: https://docs.pytest.org/en/stable/how-to/capture-warnings.html
=========================== short test summary info ===========================
FAILED tests/test_parity_scorecard.py::test_a_comparative_verdict_never_stands_on_an_uncited_competitor
1 failed, 10 passed, 551 warnings in 0.54s
