C:\Users\Patrick\AppData\Roaming\Python\Python314\site-packages\pytest_asyncio\plugin.py:208: PytestDeprecationWarning: The configuration option "asyncio_default_fixture_loop_scope" is unset.
The event loop scope for asynchronous fixtures will default to the fixture caching scope. Future versions of pytest-asyncio will default the loop scope for asynchronous fixtures to function scope. Set the default fixture loop scope explicitly in order to avoid unexpected behavior in the future. Valid fixture loop scopes are: "function", "class", "module", "package", "session"

  warnings.warn(PytestDeprecationWarning(_DEFAULT_FIXTURE_LOOP_SCOPE_UNSET))
........F..                                                              [100%]
================================== FAILURES ===================================
____ test_sixteen_standards_numbered_1_to_16_named_as_the_plan_names_them _____

    def test_sixteen_standards_numbered_1_to_16_named_as_the_plan_names_them():
        plan = _plan_standards()
        assert [n for n, _ in plan] == list(range(1, 17)), 'non-vacuity: the plan table did not parse'
        card = [(int(c[0]), c[1]) for c in _card_standards()]
>       assert card == plan, (card, plan)
E       AssertionError: ([(1, 'Feature set'), (2, 'Functionality'), (3, 'Reliability'), (4, 'Speed'), (5, 'User experience'), (6, 'User interf...eatures'), (2, 'Functionality'), (3, 'Reliability'), (4, 'Speed'), (5, 'User experience'), (6, 'User interface'), ...])
E       assert [(1, 'Feature...erface'), ...] == [(1, 'Feature...erface'), ...]
E         
E         At index 0 diff: (1, 'Feature set') != (1, 'Features')
E         Use -v to get more diff

tests\test_parity_scorecard.py:182: AssertionError
============================== warnings summary ===============================
..\..\AppData\Roaming\Python\Python314\site-packages\pytest_asyncio\plugin.py:179: 539 warnings
  C:\Users\Patrick\AppData\Roaming\Python\Python314\site-packages\pytest_asyncio\plugin.py:179: DeprecationWarning: 'asyncio.iscoroutinefunction' is deprecated and slated for removal in Python 3.16; use inspect.iscoroutinefunction() instead
    return asyncio.iscoroutinefunction(obj) or inspect.isasyncgenfunction(obj)

..\..\AppData\Roaming\Python\Python314\site-packages\pytest_asyncio\plugin.py:450: 11 warnings
  C:\Users\Patrick\AppData\Roaming\Python\Python314\site-packages\pytest_asyncio\plugin.py:450: DeprecationWarning: 'asyncio.iscoroutinefunction' is deprecated and slated for removal in Python 3.16; use inspect.iscoroutinefunction() instead
    return asyncio.iscoroutinefunction(func)

tests/test_parity_scorecard.py::test_the_scorecard_row_set_equals_the_ledgers_both_parsed
  C:\Users\Patrick\AppData\Roaming\Python\Python314\site-packages\pytest_asyncio\plugin.py:1056: DeprecationWarning: 'asyncio.get_event_loop_policy' is deprecated and slated for removal in Python 3.16
    return asyncio.get_event_loop_policy()

-- Docs: https://docs.pytest.org/en/stable/how-to/capture-warnings.html
=========================== short test summary info ===========================
FAILED tests/test_parity_scorecard.py::test_sixteen_standards_numbered_1_to_16_named_as_the_plan_names_them
1 failed, 10 passed, 551 warnings in 0.54s
