C:\Users\Patrick\AppData\Roaming\Python\Python314\site-packages\pytest_asyncio\plugin.py:208: PytestDeprecationWarning: The configuration option "asyncio_default_fixture_loop_scope" is unset.
The event loop scope for asynchronous fixtures will default to the fixture caching scope. Future versions of pytest-asyncio will default the loop scope for asynchronous fixtures to function scope. Set the default fixture loop scope explicitly in order to avoid unexpected behavior in the future. Valid fixture loop scopes are: "function", "class", "module", "package", "session"

  warnings.warn(PytestDeprecationWarning(_DEFAULT_FIXTURE_LOOP_SCOPE_UNSET))
F..FF.FF..........FF..                                                   [100%]
================================== FAILURES ===================================
______________ test_the_committed_block_equals_the_tools_output _______________

    def test_the_committed_block_equals_the_tools_output():
        text = _ledger_text()
        have = gls.committed_block(text)
        assert have is not None, 'the ledger carries no GENERATED:gap-ledger-summary block'
>       assert have == gls.render(gls.parse(text))
E       AssertionError: assert '<!-- GENERAT...mmary:END -->' == '<!-- GENERAT...mmary:END -->'
E         
E         Skipping 371 identical leading characters in diff, use -v to show
E         - | DONE | 110 | G-001, G-002, G-003, G-004, G-005, G-010, G-011, G-012, G-013, G-014, G-015, G-016, G-018, G-020, G-021, G-022, G-023, G-024, G-025, G-026, G-030, G-031, G-032, G-033, G-034, G-036, G-036b, G-041, G-042, G-045, G-050, G-051, G-053, G-060, G-061, G-063, G-064, G-070, G-072, G-073, G-073b, G-074, G-075, G-080, G-082, G-083, G-084, G-090, G-091, G-092, G-093, G-094, G-100, G-101, G-102, G-103, G-104, G-105, G-106, G-128, G-110, G-111, G-112, G-113, G-114, G-115, G-116, G-117, G-118, G-119, G-...
E         
E         ...Full output truncated (16 lines hidden), use '-vv' to show

tests\test_gap_ledger_summary.py:57: AssertionError
---------------------------- Captured stdout setup ----------------------------
[notebook-migration] migrated=0 skipped=0 errored=0
____________ test_check_passes_on_the_real_ledger_through_the_cli _____________

    def test_check_passes_on_the_real_ledger_through_the_cli():
        r = subprocess.run([sys.executable, TOOL, '--check'], capture_output=True, text=True,
                           encoding='utf-8', errors='replace', cwd=REPO)
>       assert r.returncode == 0, r.stdout + r.stderr
E       AssertionError: DIFFERS: the committed block differs from the rows
E         
E       assert 1 == 0
E        +  where 1 = CompletedProcess(args=['C:\\Python314\\python.exe', 'C:\\Users\\Patrick\\uct-worktrees\\notebook-w9\\tools\\gap_ledger_summary.py', '--check'], returncode=1, stdout='DIFFERS: the committed block differs from the rows\n', stderr='').returncode

tests\test_gap_ledger_summary.py:83: AssertionError
___________________ test_self_check_passes_through_the_cli ____________________

    def test_self_check_passes_through_the_cli():
        r = subprocess.run([sys.executable, TOOL, '--self-check'], capture_output=True, text=True,
                           encoding='utf-8', errors='replace', cwd=REPO)
>       assert r.returncode == 0, r.stdout + r.stderr
E       AssertionError: FAIL real ledger passes: the committed block differs from the rows
E         ok   one STATUS changed fails: the committed block differs from the rows
E         ok   UNBUCKETED line dropped fails: the committed block differs from the rows
E         ok   both mutations changed the text: status row G-001; block line dropped
E         SELF-CHECK: FAIL (1)
E         
E       assert 1 == 0
E        +  where 1 = CompletedProcess(args=['C:\\Python314\\python.exe', 'C:\\Users\\Patrick\\uct-worktrees\\notebook-w9\\tools\\gap_ledger...e rows\nok   both mutations changed the text: status row G-001; block line dropped\nSELF-CHECK: FAIL (1)\n', stderr='').returncode

tests\test_gap_ledger_summary.py:90: AssertionError
___ test_a_duplicate_is_its_own_bucket_listed_by_id_never_folded_into_done ____

    def test_a_duplicate_is_its_own_bucket_listed_by_id_never_folded_into_done():
        # Controller ruling, fix round 1: a DUPLICATE row stays, counted and listed on its own.
        text = _fixture(_row('G-911', '**DONE**'),
                        _row('G-912', '\u26b0\ufe0f was: see G-911 \u27f6 **DUPLICATE of G-911 \u2014 tracked there**'))
        rows = {r.rid: r for r in gls.parse(text)}
>       assert rows['G-912'].bucket == 'DUPLICATE'
E       AssertionError: assert None == 'DUPLICATE'
E        +  where None = Row(rid='G-912', line=6, status='DUPLICATE of G-911 — tracked there', bucket=None, reason='no bucket word in its status').bucket

tests\test_gap_ledger_summary.py:112: AssertionError
___ test_the_real_ledgers_duplicate_row_is_counted_in_the_duplicate_bucket ____

    def test_the_real_ledgers_duplicate_row_is_counted_in_the_duplicate_bucket():
        text = _ledger_text()
        rows = {r.rid: r for r in gls.parse(text)}
>       assert rows['G-084'].bucket == 'DUPLICATE', rows['G-084']
E       AssertionError: Row(rid='G-084', line=142, status='DUPLICATE of G-044 — tracked there (2026-09-26, controller ruling, lane 9B fix roun...es a row; tools/gap_ledger_summary.py counts it in its own DUPLICATE bucket, never as DONE)', bucket='DONE', reason='')
E       assert 'DONE' == 'DUPLICATE'
E         
E         - DUPLICATE
E         + DONE

tests\test_gap_ledger_summary.py:122: AssertionError
_ test_the_live_status_after_a_tombstone_and_the_first_keyword_wins[\u26b0\ufe0f was: see G-044 \u27f6 **DUPLICATE of G-044 \u2014 tracked there** (2026-09-26)-DUPLICATE] _

status = '\u26b0\ufe0f was: see G-044 \u27f6 **DUPLICATE of G-044 \u2014 tracked there** (2026-09-26)'
bucket = 'DUPLICATE'

    @pytest.mark.parametrize('status, bucket', [
        ('\u26b0\ufe0f was: EXPERIMENT \u27f6 **BUILT, DARK** (2026-09-26)', 'BUILT-DARK'),
        ('\u26b0\ufe0f was: **DONE** \u27f6 **OPEN** \u2014 reopened', 'OPEN'),
        ('PARTIAL — price + user-note DONE, estimates rights-gated', 'PARTIAL'),
        ('EXPERIMENT, BLOCKED', 'EXPERIMENT'),
        ('**REJECTED — OUT OF SCOPE by ruling D4**', 'REJECTED'),
        ('**ARMED 2026-09-26 18:53Z**', 'DONE'),
        ('**SHIPPED + VERIFIED**', 'DONE'),
        ('**BLOCKED (owner)** — the store submission', 'BLOCKED'),
        ('see G-044', None),
        ('\u26b0\ufe0f was: see G-044 \u27f6 **DUPLICATE of G-044 \u2014 tracked there** (2026-09-26)', 'DUPLICATE'),
    ])
    def test_the_live_status_after_a_tombstone_and_the_first_keyword_wins(status, bucket):
        rows = gls.parse(_fixture(_row('G-904', status)))
>       assert rows[0].bucket == bucket
E       AssertionError: assert None == 'DUPLICATE'
E        +  where None = Row(rid='G-904', line=5, status='DUPLICATE of G-044 — tracked there (2026-09-26)', bucket=None, reason='no bucket word in its status').bucket

tests\test_gap_ledger_summary.py:147: AssertionError
____________ test_check_goes_red_when_one_status_changes_in_a_copy ____________

    def test_check_goes_red_when_one_status_changes_in_a_copy():
        text = _ledger_text()
        ok, _ = gls.check(text)
>       assert ok
E       assert False

tests\test_gap_ledger_summary.py:153: AssertionError
============================== warnings summary ===============================
..\..\AppData\Roaming\Python\Python314\site-packages\pytest_asyncio\plugin.py:179: 637 warnings
  C:\Users\Patrick\AppData\Roaming\Python\Python314\site-packages\pytest_asyncio\plugin.py:179: DeprecationWarning: 'asyncio.iscoroutinefunction' is deprecated and slated for removal in Python 3.16; use inspect.iscoroutinefunction() instead
    return asyncio.iscoroutinefunction(obj) or inspect.isasyncgenfunction(obj)

..\..\AppData\Roaming\Python\Python314\site-packages\pytest_asyncio\plugin.py:450: 22 warnings
  C:\Users\Patrick\AppData\Roaming\Python\Python314\site-packages\pytest_asyncio\plugin.py:450: DeprecationWarning: 'asyncio.iscoroutinefunction' is deprecated and slated for removal in Python 3.16; use inspect.iscoroutinefunction() instead
    return asyncio.iscoroutinefunction(func)

tests/test_gap_ledger_summary.py::test_the_committed_block_equals_the_tools_output
  C:\Users\Patrick\AppData\Roaming\Python\Python314\site-packages\pytest_asyncio\plugin.py:1056: DeprecationWarning: 'asyncio.get_event_loop_policy' is deprecated and slated for removal in Python 3.16
    return asyncio.get_event_loop_policy()

-- Docs: https://docs.pytest.org/en/stable/how-to/capture-warnings.html
=========================== short test summary info ===========================
FAILED tests/test_gap_ledger_summary.py::test_the_committed_block_equals_the_tools_output
FAILED tests/test_gap_ledger_summary.py::test_check_passes_on_the_real_ledger_through_the_cli
FAILED tests/test_gap_ledger_summary.py::test_self_check_passes_through_the_cli
FAILED tests/test_gap_ledger_summary.py::test_a_duplicate_is_its_own_bucket_listed_by_id_never_folded_into_done
FAILED tests/test_gap_ledger_summary.py::test_the_real_ledgers_duplicate_row_is_counted_in_the_duplicate_bucket
FAILED tests/test_gap_ledger_summary.py::test_the_live_status_after_a_tombstone_and_the_first_keyword_wins[\u26b0\ufe0f was: see G-044 \u27f6 **DUPLICATE of G-044 \u2014 tracked there** (2026-09-26)-DUPLICATE]
FAILED tests/test_gap_ledger_summary.py::test_check_goes_red_when_one_status_changes_in_a_copy
7 failed, 15 passed, 660 warnings in 0.69s
