C:\Users\Patrick\AppData\Roaming\Python\Python314\site-packages\pytest_asyncio\plugin.py:208: PytestDeprecationWarning: The configuration option "asyncio_default_fixture_loop_scope" is unset.
The event loop scope for asynchronous fixtures will default to the fixture caching scope. Future versions of pytest-asyncio will default the loop scope for asynchronous fixtures to function scope. Set the default fixture loop scope explicitly in order to avoid unexpected behavior in the future. Valid fixture loop scopes are: "function", "class", "module", "package", "session"

  warnings.warn(PytestDeprecationWarning(_DEFAULT_FIXTURE_LOOP_SCOPE_UNSET))
.............F..                                                         [100%]
================================== FAILURES ===================================
___ test_a_recorded_revision_not_in_this_clone_is_unverifiable_never_a_pass ___

    def test_a_recorded_revision_not_in_this_clone_is_unverifiable_never_a_pass():
        text, rev = _written_at()
        swapped = text.replace(f'**Document written at:** `{rev}`', f'**Document written at:** `{_NOT_AN_OBJECT}`', 1)
        assert psc.recorded_rev(swapped) == _NOT_AN_OBJECT, 'non-vacuity: the header swap did not take'
        counts, problems = psc.verify(swapped)
>       assert problems == [f'unverifiable: {_NOT_AN_OBJECT} not in this clone'], problems
E       AssertionError: []
E       assert [] == ['unverifiabl...n this clone']
E         
E         Right contains one more item: 'unverifiable: 0000000000000000000000000000000000000000 not in this clone'
E         Use -v to get more diff

tests\test_parity_scorecard.py:270: AssertionError
============================== warnings summary ===============================
..\..\AppData\Roaming\Python\Python314\site-packages\pytest_asyncio\plugin.py:179: 784 warnings
  C:\Users\Patrick\AppData\Roaming\Python\Python314\site-packages\pytest_asyncio\plugin.py:179: DeprecationWarning: 'asyncio.iscoroutinefunction' is deprecated and slated for removal in Python 3.16; use inspect.iscoroutinefunction() instead
    return asyncio.iscoroutinefunction(obj) or inspect.isasyncgenfunction(obj)

..\..\AppData\Roaming\Python\Python314\site-packages\pytest_asyncio\plugin.py:450: 16 warnings
  C:\Users\Patrick\AppData\Roaming\Python\Python314\site-packages\pytest_asyncio\plugin.py:450: DeprecationWarning: 'asyncio.iscoroutinefunction' is deprecated and slated for removal in Python 3.16; use inspect.iscoroutinefunction() instead
    return asyncio.iscoroutinefunction(func)

tests/test_parity_scorecard.py::test_the_scorecard_row_set_equals_the_ledgers_both_parsed
  C:\Users\Patrick\AppData\Roaming\Python\Python314\site-packages\pytest_asyncio\plugin.py:1056: DeprecationWarning: 'asyncio.get_event_loop_policy' is deprecated and slated for removal in Python 3.16
    return asyncio.get_event_loop_policy()

-- Docs: https://docs.pytest.org/en/stable/how-to/capture-warnings.html
=========================== short test summary info ===========================
FAILED tests/test_parity_scorecard.py::test_a_recorded_revision_not_in_this_clone_is_unverifiable_never_a_pass
1 failed, 15 passed, 801 warnings in 12.18s
